Data:  201 : 37
Data:  201 : 37
Data:  201 : 37
Data:  201 : 5439
Data:  201 : 5439
Data:  201 : 5439
Data:  201 : 5440
Data:  201 : 5440
Data:  201 : 5440
Data:  201 : 5441
Data:  201 : 5441
Data:  201 : 5441
Data:  201 : 5442
Data:  201 : 5442
Data:  201 : 5442
Data:  501 : 347
Data:  501 : 347
Data:  501 : 347
Data:  501 : 347
Data:  501 : 5114
Data:  501 : 5114
Data:  501 : 5114
Data:  501 : 5114
Data:  501 : 5115
Data:  501 : 5115
Data:  501 : 5115
Data:  501 : 5115
Data:  501 : 5116
Data:  501 : 5116
Data:  501 : 5116
Data:  501 : 5116
Data:  501 : 5117
Data:  501 : 5117
Data:  501 : 5117
Data:  501 : 5117
Data:  501 : 5118
Data:  501 : 5118
Data:  501 : 5118
Data:  501 : 5118
Data:  501 : 5119
Data:  501 : 5119
Data:  501 : 5119
Data:  501 : 5119
Data:  501 : 5120
Data:  501 : 5120
Data:  501 : 5120
Data:  501 : 5120
Data:  501 : 5121
Data:  501 : 5121
Data:  501 : 5121
Data:  501 : 5121
Data:  501 : 5122
Data:  501 : 5122
Data:  501 : 5122
Data:  501 : 5122
Data:  501 : 5123
Data:  501 : 5123
Data:  501 : 5123
Data:  501 : 5123
Data:  501 : 5124
Data:  501 : 5124
Data:  501 : 5124
Data:  501 : 5124
Data:  501 : 5125
Data:  501 : 5125
Data:  501 : 5125
Data:  501 : 5125
Data:  501 : 5126
Data:  501 : 5126
Data:  501 : 5126
Data:  501 : 5126
Data:  501 : 5127
Data:  501 : 5127
Data:  501 : 5127
Data:  501 : 5127
Data:  501 : 5128
Data:  501 : 5128
Data:  501 : 5128
Data:  501 : 5128
Data:  501 : 5129
Data:  501 : 5129
Data:  501 : 5129
Data:  501 : 5129
Data:  501 : 5130
Data:  501 : 5130
Data:  501 : 5130
Data:  501 : 5130
Data:  501 : 5131
Data:  501 : 5131
Data:  501 : 5131
Data:  501 : 5131
Data:  501 : 5132
Data:  501 : 5132
Data:  501 : 5132
Data:  501 : 5132
Data:  501 : 5133
Data:  501 : 5133
Data:  501 : 5133
Data:  501 : 5133
Data:  501 : 5134
Data:  501 : 5134
Data:  501 : 5134
Data:  501 : 5134
Data:  501 : 5135
Data:  501 : 5135
Data:  501 : 5135
Data:  501 : 5135
Data:  501 : 5136
Data:  501 : 5136
Data:  501 : 5136
Data:  501 : 5136
Data:  501 : 5137
Data:  501 : 5137
Data:  501 : 5137
Data:  501 : 5137
Data:  501 : 5138
Data:  501 : 5138
Data:  501 : 5138
Data:  501 : 5138
Data:  501 : 5139
Data:  501 : 5139
Data:  501 : 5139
Data:  501 : 5139
Data:  501 : 5140
Data:  501 : 5140
Data:  501 : 5140
Data:  501 : 5140
Data:  501 : 5141
Data:  501 : 5141
Data:  501 : 5141
Data:  501 : 5141
Data:  501 : 5142
Data:  501 : 5142
Data:  501 : 5142
Data:  501 : 5142
Data:  501 : 5143
Data:  501 : 5143
Data:  501 : 5143
Data:  501 : 5143
Data:  501 : 5144
Data:  501 : 5144
Data:  501 : 5144
Data:  501 : 5144
Data:  501 : 5145
Data:  501 : 5145
Data:  501 : 5145
Data:  501 : 5145
Data:  501 : 5146
Data:  501 : 5146
Data:  501 : 5146
Data:  501 : 5146
Data:  501 : 5147
Data:  501 : 5147
Data:  501 : 5147
Data:  501 : 5147
Data:  501 : 5148
Data:  501 : 5148
Data:  501 : 5148
Data:  501 : 5148
Data:  501 : 5149
Data:  501 : 5149
Data:  501 : 5149
Data:  501 : 5149
Data:  501 : 5150
Data:  501 : 5150
Data:  501 : 5150
Data:  501 : 5150
Data:  501 : 5151
Data:  501 : 5151
Data:  501 : 5151
Data:  501 : 5151
Data:  501 : 5152
Data:  501 : 5152
Data:  501 : 5152
Data:  501 : 5152
Data:  501 : 5153
Data:  501 : 5153
Data:  501 : 5153
Data:  501 : 5153
Data:  501 : 5154
Data:  501 : 5154
Data:  501 : 5154
Data:  501 : 5154
Data:  501 : 5155
Data:  501 : 5155
Data:  501 : 5155
Data:  501 : 5155
Data:  501 : 5156
Data:  501 : 5156
Data:  501 : 5156
Data:  501 : 5156
Data:  501 : 5157
Data:  501 : 5157
Data:  501 : 5157
Data:  501 : 5157
Data:  501 : 5158
Data:  501 : 5158
Data:  501 : 5158
Data:  501 : 5158
Data:  501 : 5159
Data:  501 : 5159
Data:  501 : 5159
Data:  501 : 5159
Data:  501 : 5160
Data:  501 : 5160
Data:  501 : 5160
Data:  501 : 5160
Data:  501 : 5161
Data:  501 : 5161
Data:  501 : 5161
Data:  501 : 5161
Data:  501 : 5162
Data:  501 : 5162
Data:  501 : 5162
Data:  501 : 5162
Data:  501 : 5163
Data:  501 : 5163
Data:  501 : 5163
Data:  501 : 5163
Data:  501 : 5164
Data:  501 : 5164
Data:  501 : 5164
Data:  501 : 5164
Data:  501 : 5165
Data:  501 : 5165
Data:  501 : 5165
Data:  501 : 5165
Data:  501 : 5166
Data:  501 : 5166
Data:  501 : 5166
Data:  501 : 5166
Data:  501 : 5167
Data:  501 : 5167
Data:  501 : 5167
Data:  501 : 5167
Data:  501 : 5168
Data:  501 : 5168
Data:  501 : 5168
Data:  501 : 5168
Data:  501 : 5169
Data:  501 : 5169
Data:  501 : 5169
Data:  501 : 5169
Data:  501 : 5170
Data:  501 : 5170
Data:  501 : 5170
Data:  501 : 5170
Data:  501 : 5171
Data:  501 : 5171
Data:  501 : 5171
Data:  501 : 5171
Data:  501 : 5172
Data:  501 : 5172
Data:  501 : 5172
Data:  501 : 5172
Data:  501 : 5173
Data:  501 : 5173
Data:  501 : 5173
Data:  501 : 5173
Data:  501 : 5174
Data:  501 : 5174
Data:  501 : 5174
Data:  501 : 5174
Data:  501 : 5175
Data:  501 : 5175
Data:  501 : 5175
Data:  501 : 5175
Data:  501 : 5176
Data:  501 : 5176
Data:  501 : 5176
Data:  501 : 5176
Data:  501 : 5177
Data:  501 : 5177
Data:  501 : 5177
Data:  501 : 5177
Data:  501 : 5178
Data:  501 : 5178
Data:  501 : 5178
Data:  501 : 5178
Data:  501 : 5179
Data:  501 : 5179
Data:  501 : 5179
Data:  501 : 5179
Data:  501 : 5180
Data:  501 : 5180
Data:  501 : 5180
Data:  501 : 5180
Data:  501 : 5181
Data:  501 : 5181
Data:  501 : 5181
Data:  501 : 5181
Data:  501 : 5182
Data:  501 : 5182
Data:  501 : 5182
Data:  501 : 5182
Data:  501 : 5183
Data:  501 : 5183
Data:  501 : 5183
Data:  501 : 5183
Data:  504 : 495
Data:  504 : 495
Data:  504 : 495
Data:  504 : 495
Data:  504 : 495
Data:  504 : 5184
Data:  504 : 5184
Data:  504 : 5184
Data:  504 : 5184
Data:  504 : 5184
Data:  504 : 5185
Data:  504 : 5185
Data:  504 : 5185
Data:  504 : 5185
Data:  504 : 5185
Data:  504 : 5186
Data:  504 : 5186
Data:  504 : 5186
Data:  504 : 5186
Data:  504 : 5186
Data:  504 : 5187
Data:  504 : 5187
Data:  504 : 5187
Data:  504 : 5187
Data:  504 : 5187
Data:  504 : 5188
Data:  504 : 5188
Data:  504 : 5188
Data:  504 : 5188
Data:  504 : 5188
Data:  504 : 5189
Data:  504 : 5189
Data:  504 : 5189
Data:  504 : 5189
Data:  504 : 5189
Data:  504 : 5190
Data:  504 : 5190
Data:  504 : 5190
Data:  504 : 5190
Data:  504 : 5190
Data:  504 : 5191
Data:  504 : 5191
Data:  504 : 5191
Data:  504 : 5191
Data:  504 : 5191
Data:  504 : 5192
Data:  504 : 5192
Data:  504 : 5192
Data:  504 : 5192
Data:  504 : 5192
Data:  504 : 5193
Data:  504 : 5193
Data:  504 : 5193
Data:  504 : 5193
Data:  504 : 5193
Data:  504 : 5194
Data:  504 : 5194
Data:  504 : 5194
Data:  504 : 5194
Data:  504 : 5194
Data:  504 : 5195
Data:  504 : 5195
Data:  504 : 5195
Data:  504 : 5195
Data:  504 : 5195
Data:  504 : 5196
Data:  504 : 5196
Data:  504 : 5196
Data:  504 : 5196
Data:  504 : 5196
Data:  504 : 5197
Data:  504 : 5197
Data:  504 : 5197
Data:  504 : 5197
Data:  504 : 5197
Data:  504 : 5198
Data:  504 : 5198
Data:  504 : 5198
Data:  504 : 5198
Data:  504 : 5198
Data:  504 : 5199
Data:  504 : 5199
Data:  504 : 5199
Data:  504 : 5199
Data:  504 : 5199
Data:  504 : 5200
Data:  504 : 5200
Data:  504 : 5200
Data:  504 : 5200
Data:  504 : 5200
Data:  504 : 5201
Data:  504 : 5201
Data:  504 : 5201
Data:  504 : 5201
Data:  504 : 5201
Data:  504 : 5202
Data:  504 : 5202
Data:  504 : 5202
Data:  504 : 5202
Data:  504 : 5202
Data:  510 : 654
Data:  510 : 654
Data:  510 : 654
Data:  510 : 654
Data:  510 : 654
Data:  510 : 5220
Data:  510 : 5220
Data:  510 : 5220
Data:  510 : 5220
Data:  510 : 5220
Data:  510 : 5221
Data:  510 : 5221
Data:  510 : 5221
Data:  510 : 5221
Data:  510 : 5221
Data:  510 : 5222
Data:  510 : 5222
Data:  510 : 5222
Data:  510 : 5222
Data:  510 : 5222
Data:  601 : 400
Data:  601 : 400
Data:  601 : 400
Data:  601 : 400
Data:  601 : 400
Data:  601 : 400
Data:  601 : 400
Data:  601 : 5347
Data:  601 : 5347
Data:  601 : 5347
Data:  601 : 5347
Data:  601 : 5347
Data:  601 : 5347
Data:  601 : 5347
Data:  601 : 5348
Data:  601 : 5348
Data:  601 : 5348
Data:  601 : 5348
Data:  601 : 5348
Data:  601 : 5348
Data:  601 : 5348
Data:  601 : 5349
Data:  601 : 5349
Data:  601 : 5349
Data:  601 : 5349
Data:  601 : 5349
Data:  601 : 5349
Data:  601 : 5349
Data:  601 : 5350
Data:  601 : 5350
Data:  601 : 5350
Data:  601 : 5350
Data:  601 : 5350
Data:  601 : 5350
Data:  601 : 5350
Data:  601 : 5351
Data:  601 : 5351
Data:  601 : 5351
Data:  601 : 5351
Data:  601 : 5351
Data:  601 : 5351
Data:  601 : 5351
Data:  601 : 5352
Data:  601 : 5352
Data:  601 : 5352
Data:  601 : 5352
Data:  601 : 5352
Data:  601 : 5352
Data:  601 : 5352
Data:  601 : 5353
Data:  601 : 5353
Data:  601 : 5353
Data:  601 : 5353
Data:  601 : 5353
Data:  601 : 5353
Data:  601 : 5353
Data:  601 : 5354
Data:  601 : 5354
Data:  601 : 5354
Data:  601 : 5354
Data:  601 : 5354
Data:  601 : 5354
Data:  601 : 5354
Data:  601 : 5355
Data:  601 : 5355
Data:  601 : 5355
Data:  601 : 5355
Data:  601 : 5355
Data:  601 : 5355
Data:  601 : 5355
Data:  601 : 5356
Data:  601 : 5356
Data:  601 : 5356
Data:  601 : 5356
Data:  601 : 5356
Data:  601 : 5356
Data:  601 : 5356
Data:  601 : 5357
Data:  601 : 5357
Data:  601 : 5357
Data:  601 : 5357
Data:  601 : 5357
Data:  601 : 5357
Data:  601 : 5357
Data:  601 : 5358
Data:  601 : 5358
Data:  601 : 5358
Data:  601 : 5358
Data:  601 : 5358
Data:  601 : 5358
Data:  601 : 5358
Data:  601 : 5359
Data:  601 : 5359
Data:  601 : 5359
Data:  601 : 5359
Data:  601 : 5359
Data:  601 : 5359
Data:  601 : 5359
Data:  601 : 5360
Data:  601 : 5360
Data:  601 : 5360
Data:  601 : 5360
Data:  601 : 5360
Data:  601 : 5360
Data:  601 : 5360
Data:  601 : 5361
Data:  601 : 5361
Data:  601 : 5361
Data:  601 : 5361
Data:  601 : 5361
Data:  601 : 5361
Data:  601 : 5361
Data:  601 : 5362
Data:  601 : 5362
Data:  601 : 5362
Data:  601 : 5362
Data:  601 : 5362
Data:  601 : 5362
Data:  601 : 5362
Data:  601 : 5363
Data:  601 : 5363
Data:  601 : 5363
Data:  601 : 5363
Data:  601 : 5363
Data:  601 : 5363
Data:  601 : 5363
Data:  601 : 5364
Data:  601 : 5364
Data:  601 : 5364
Data:  601 : 5364
Data:  601 : 5364
Data:  601 : 5364
Data:  601 : 5364
Data:  601 : 5365
Data:  601 : 5365
Data:  601 : 5365
Data:  601 : 5365
Data:  601 : 5365
Data:  601 : 5365
Data:  601 : 5365
Data:  601 : 5366
Data:  601 : 5366
Data:  601 : 5366
Data:  601 : 5366
Data:  601 : 5366
Data:  601 : 5366
Data:  601 : 5366
Data:  601 : 5367
Data:  601 : 5367
Data:  601 : 5367
Data:  601 : 5367
Data:  601 : 5367
Data:  601 : 5367
Data:  601 : 5367
Data:  601 : 5368
Data:  601 : 5368
Data:  601 : 5368
Data:  601 : 5368
Data:  601 : 5368
Data:  601 : 5368
Data:  601 : 5368
Data:  601 : 5369
Data:  601 : 5369
Data:  601 : 5369
Data:  601 : 5369
Data:  601 : 5369
Data:  601 : 5369
Data:  601 : 5369
Data:  601 : 5370
Data:  601 : 5370
Data:  601 : 5370
Data:  601 : 5370
Data:  601 : 5370
Data:  601 : 5370
Data:  601 : 5370
Data:  601 : 5371
Data:  601 : 5371
Data:  601 : 5371
Data:  601 : 5371
Data:  601 : 5371
Data:  601 : 5371
Data:  601 : 5371
Data:  601 : 5372
Data:  601 : 5372
Data:  601 : 5372
Data:  601 : 5372
Data:  601 : 5372
Data:  601 : 5372
Data:  601 : 5372
Data:  601 : 5373
Data:  601 : 5373
Data:  601 : 5373
Data:  601 : 5373
Data:  601 : 5373
Data:  601 : 5373
Data:  601 : 5373
Data:  601 : 5374
Data:  601 : 5374
Data:  601 : 5374
Data:  601 : 5374
Data:  601 : 5374
Data:  601 : 5374
Data:  601 : 5374
Data:  601 : 5375
Data:  601 : 5375
Data:  601 : 5375
Data:  601 : 5375
Data:  601 : 5375
Data:  601 : 5375
Data:  601 : 5375
Data:  602 : 381
Data:  602 : 381
Data:  602 : 381
Data:  602 : 381
Data:  602 : 381
Data:  602 : 381
Data:  602 : 5443
Data:  602 : 5443
Data:  602 : 5443
Data:  602 : 5443
Data:  602 : 5443
Data:  602 : 5443
Data:  602 : 5444
Data:  602 : 5444
Data:  602 : 5444
Data:  602 : 5444
Data:  602 : 5444
Data:  602 : 5444
Data:  602 : 5445
Data:  602 : 5445
Data:  602 : 5445
Data:  602 : 5445
Data:  602 : 5445
Data:  602 : 5445
Data:  602 : 5446
Data:  602 : 5446
Data:  602 : 5446
Data:  602 : 5446
Data:  602 : 5446
Data:  602 : 5446
Data:  602 : 5447
Data:  602 : 5447
Data:  602 : 5447
Data:  602 : 5447
Data:  602 : 5447
Data:  602 : 5447
Data:  603 : 395
Data:  603 : 395
Data:  603 : 395
Data:  603 : 395
Data:  603 : 395
Data:  603 : 395
Data:  603 : 395
Data:  603 : 5449
Data:  603 : 5449
Data:  603 : 5449
Data:  603 : 5449
Data:  603 : 5449
Data:  603 : 5449
Data:  603 : 5449
Data:  603 : 5450
Data:  603 : 5450
Data:  603 : 5450
Data:  603 : 5450
Data:  603 : 5450
Data:  603 : 5450
Data:  603 : 5450
Data:  603 : 5451
Data:  603 : 5451
Data:  603 : 5451
Data:  603 : 5451
Data:  603 : 5451
Data:  603 : 5451
Data:  603 : 5451
Data:  603 : 5452
Data:  603 : 5452
Data:  603 : 5452
Data:  603 : 5452
Data:  603 : 5452
Data:  603 : 5452
Data:  603 : 5452
Data:  603 : 5453
Data:  603 : 5453
Data:  603 : 5453
Data:  603 : 5453
Data:  603 : 5453
Data:  603 : 5453
Data:  603 : 5453
Data:  603 : 5454
Data:  603 : 5454
Data:  603 : 5454
Data:  603 : 5454
Data:  603 : 5454
Data:  603 : 5454
Data:  603 : 5454
Data:  603 : 5455
Data:  603 : 5455
Data:  603 : 5455
Data:  603 : 5455
Data:  603 : 5455
Data:  603 : 5455
Data:  603 : 5455
Data:  603 : 5456
Data:  603 : 5456
Data:  603 : 5456
Data:  603 : 5456
Data:  603 : 5456
Data:  603 : 5456
Data:  603 : 5456
Data:  603 : 5457
Data:  603 : 5457
Data:  603 : 5457
Data:  603 : 5457
Data:  603 : 5457
Data:  603 : 5457
Data:  603 : 5457
Data:  603 : 5458
Data:  603 : 5458
Data:  603 : 5458
Data:  603 : 5458
Data:  603 : 5458
Data:  603 : 5458
Data:  603 : 5458
Data:  603 : 5459
Data:  603 : 5459
Data:  603 : 5459
Data:  603 : 5459
Data:  603 : 5459
Data:  603 : 5459
Data:  603 : 5459
Data:  603 : 5460
Data:  603 : 5460
Data:  603 : 5460
Data:  603 : 5460
Data:  603 : 5460
Data:  603 : 5460
Data:  603 : 5460
Data:  603 : 5461
Data:  603 : 5461
Data:  603 : 5461
Data:  603 : 5461
Data:  603 : 5461
Data:  603 : 5461
Data:  603 : 5461
Data:  604 : 611
Data:  604 : 611
Data:  604 : 5298
Data:  604 : 5298
Data:  604 : 5299
Data:  604 : 5299
Data:  604 : 5300
Data:  604 : 5300
Data:  604 : 5301
Data:  604 : 5301
Data:  604 : 5302
Data:  604 : 5302
Data:  604 : 5303
Data:  604 : 5303
Data:  604 : 5304
Data:  604 : 5304
Data:  604 : 5305
Data:  604 : 5305
Data:  604 : 5306
Data:  604 : 5306
Data:  604 : 5307
Data:  604 : 5307
Data:  604 : 5308
Data:  604 : 5308
Data:  604 : 5309
Data:  604 : 5309
Data:  604 : 5310
Data:  604 : 5310
Data:  604 : 5311
Data:  604 : 5311
Data:  604 : 5312
Data:  604 : 5312
Data:  604 : 5313
Data:  604 : 5313
Data:  604 : 5314
Data:  604 : 5314
Data:  604 : 5315
Data:  604 : 5315
Data:  604 : 5316
Data:  604 : 5316
Data:  605 : 38
Data:  605 : 38
Data:  605 : 5250
Data:  605 : 5250
Data:  605 : 5251
Data:  605 : 5251
Data:  605 : 5252
Data:  605 : 5252
Data:  605 : 5253
Data:  605 : 5253
Data:  605 : 5254
Data:  605 : 5254
Data:  605 : 5255
Data:  605 : 5255
Data:  605 : 5256
Data:  605 : 5256
Data:  605 : 5257
Data:  605 : 5257
Data:  605 : 5258
Data:  605 : 5258
Data:  605 : 5259
Data:  605 : 5259
Data:  605 : 5260
Data:  605 : 5260
Data:  605 : 5261
Data:  605 : 5261
Data:  605 : 5262
Data:  605 : 5262
Data:  605 : 5263
Data:  605 : 5263
Data:  605 : 5264
Data:  605 : 5264
Data:  605 : 5265
Data:  605 : 5265
Data:  605 : 5266
Data:  605 : 5266
Data:  605 : 5267
Data:  605 : 5267
Data:  605 : 5268
Data:  605 : 5268
Data:  605 : 5269
Data:  605 : 5269
Data:  605 : 5270
Data:  605 : 5270
Data:  605 : 5271
Data:  605 : 5271
Data:  606 : 40
Data:  606 : 40
Data:  606 : 5272
Data:  606 : 5272
Data:  606 : 5273
Data:  606 : 5273
Data:  606 : 5274
Data:  606 : 5274
Data:  606 : 5275
Data:  606 : 5275
Data:  606 : 5276
Data:  606 : 5276
Data:  606 : 5277
Data:  606 : 5277
Data:  606 : 5278
Data:  606 : 5278
Data:  607 : 603
Data:  607 : 603
Data:  607 : 5376
Data:  607 : 5376
Data:  607 : 5377
Data:  607 : 5377
Data:  607 : 5378
Data:  607 : 5378
Data:  607 : 5379
Data:  607 : 5379
Data:  607 : 5380
Data:  607 : 5380
Data:  607 : 5381
Data:  607 : 5381
Data:  607 : 5382
Data:  607 : 5382
Data:  607 : 5383
Data:  607 : 5383
Data:  607 : 5384
Data:  607 : 5384
Data:  607 : 5385
Data:  607 : 5385
Data:  607 : 5386
Data:  607 : 5386
Data:  607 : 5387
Data:  607 : 5387
Data:  607 : 5388
Data:  607 : 5388
Data:  607 : 5389
Data:  607 : 5389
Data:  607 : 5390
Data:  607 : 5390
Data:  607 : 5391
Data:  607 : 5391
Data:  607 : 5392
Data:  607 : 5392
Data:  607 : 5393
Data:  607 : 5393
Data:  607 : 5394
Data:  607 : 5394
Data:  607 : 5395
Data:  607 : 5395
Data:  607 : 5396
Data:  607 : 5396
Data:  608 : 39
Data:  608 : 39
Data:  608 : 5397
Data:  608 : 5397
Data:  608 : 5398
Data:  608 : 5398
Data:  608 : 5399
Data:  608 : 5399
Data:  608 : 5400
Data:  608 : 5400
Data:  609 : 604
Data:  609 : 604
Data:  609 : 5401
Data:  609 : 5401
Data:  609 : 5402
Data:  609 : 5402
Data:  609 : 5403
Data:  609 : 5403
Data:  609 : 5404
Data:  609 : 5404
Data:  609 : 5405
Data:  609 : 5405
Data:  609 : 5406
Data:  609 : 5406
Data:  609 : 5407
Data:  609 : 5407
Data:  609 : 5408
Data:  609 : 5408
Data:  610 : 610
Data:  610 : 610
Data:  610 : 5317
Data:  610 : 5317
Data:  610 : 5318
Data:  610 : 5318
Data:  610 : 5319
Data:  610 : 5319
Data:  610 : 5320
Data:  610 : 5320
Data:  610 : 5321
Data:  610 : 5321
Data:  610 : 5322
Data:  610 : 5322
Data:  610 : 5323
Data:  610 : 5323
Data:  612 : 606
Data:  612 : 606
Data:  612 : 5331
Data:  612 : 5331
Data:  612 : 5332
Data:  612 : 5332
Data:  612 : 5333
Data:  612 : 5333
Data:  612 : 5334
Data:  612 : 5334
Data:  613 : 608
Data:  613 : 608
Data:  613 : 5324
Data:  613 : 5324
Data:  613 : 5325
Data:  613 : 5325
Data:  613 : 5326
Data:  613 : 5326
Data:  613 : 5327
Data:  613 : 5327
Data:  613 : 5328
Data:  613 : 5328
Data:  613 : 5329
Data:  613 : 5329
Data:  613 : 5330
Data:  613 : 5330
Data:  614 : 605
Data:  614 : 605
Data:  614 : 5335
Data:  614 : 5335
Data:  614 : 5336
Data:  614 : 5336
Data:  614 : 5337
Data:  614 : 5337
Data:  614 : 5338
Data:  614 : 5338
Data:  614 : 5339
Data:  614 : 5339
Data:  614 : 5340
Data:  614 : 5340
Data:  614 : 5341
Data:  614 : 5341
Data:  614 : 5342
Data:  614 : 5342
Data:  614 : 5343
Data:  614 : 5343
Data:  614 : 5344
Data:  614 : 5344
Data:  614 : 5345
Data:  614 : 5345
Data:  614 : 5346
Data:  614 : 5346
Data:  615 : 609
Data:  615 : 609
Data:  615 : 5409
Data:  615 : 5409
Data:  615 : 5410
Data:  615 : 5410
Data:  615 : 5411
Data:  615 : 5411
Data:  615 : 5412
Data:  615 : 5412
Data:  615 : 5413
Data:  615 : 5413
Data:  615 : 5414
Data:  615 : 5414
Data:  615 : 5415
Data:  615 : 5415
Data:  615 : 5416
Data:  615 : 5416
Data:  615 : 5417
Data:  615 : 5417
Data:  615 : 5418
Data:  615 : 5418
Data:  615 : 5419
Data:  615 : 5419
Data:  616 : 607
Data:  616 : 5247
Data:  616 : 5248
Data:  616 : 5249
Data:  616 : 5279
Data:  616 : 5280
Data:  616 : 5281
Data:  616 : 5282
Data:  616 : 5290
Data:  616 : 5291
Data:  616 : 5292
Data:  616 : 5293
Data:  616 : 5294
Data:  616 : 5295
Data:  616 : 5296
Data:  616 : 5297
Data:  701 : 393
Data:  701 : 393
Data:  701 : 393
Data:  701 : 393
Data:  701 : 393
Data:  701 : 5499
Data:  701 : 5499
Data:  701 : 5499
Data:  701 : 5499
Data:  701 : 5499
Data:  701 : 5500
Data:  701 : 5500
Data:  701 : 5500
Data:  701 : 5500
Data:  701 : 5500
Data:  701 : 5501
Data:  701 : 5501
Data:  701 : 5501
Data:  701 : 5501
Data:  701 : 5501
Data:  701 : 5502
Data:  701 : 5502
Data:  701 : 5502
Data:  701 : 5502
Data:  701 : 5502
Data:  701 : 5503
Data:  701 : 5503
Data:  701 : 5503
Data:  701 : 5503
Data:  701 : 5503
Data:  701 : 5504
Data:  701 : 5504
Data:  701 : 5504
Data:  701 : 5504
Data:  701 : 5504
Data:  701 : 5505
Data:  701 : 5505
Data:  701 : 5505
Data:  701 : 5505
Data:  701 : 5505
Data:  701 : 5506
Data:  701 : 5506
Data:  701 : 5506
Data:  701 : 5506
Data:  701 : 5506
Data:  704 : 612
Data:  704 : 612
Data:  704 : 612
Data:  704 : 612
Data:  704 : 5507
Data:  704 : 5507
Data:  704 : 5507
Data:  704 : 5507
Data:  704 : 5508
Data:  704 : 5508
Data:  704 : 5508
Data:  704 : 5508
Data:  704 : 5509
Data:  704 : 5509
Data:  704 : 5509
Data:  704 : 5509
Data:  704 : 5510
Data:  704 : 5510
Data:  704 : 5510
Data:  704 : 5510
Data:  704 : 5511
Data:  704 : 5511
Data:  704 : 5511
Data:  704 : 5511
Data:  704 : 5512
Data:  704 : 5512
Data:  704 : 5512
Data:  704 : 5512
Data:  704 : 5513
Data:  704 : 5513
Data:  704 : 5513
Data:  704 : 5513
Data:  704 : 5514
Data:  704 : 5514
Data:  704 : 5514
Data:  704 : 5514
Data:  704 : 5515
Data:  704 : 5515
Data:  704 : 5515
Data:  704 : 5515
Data:  704 : 5516
Data:  704 : 5516
Data:  704 : 5516
Data:  704 : 5516
Data:  704 : 5517
Data:  704 : 5517
Data:  704 : 5517
Data:  704 : 5517
Data:  801 : 377
Data:  801 : 377
Data:  801 : 377
Data:  801 : 377
Data:  801 : 377
Data:  801 : 377
Data:  801 : 377
Data:  801 : 5524
Data:  801 : 5524
Data:  801 : 5524
Data:  801 : 5524
Data:  801 : 5524
Data:  801 : 5524
Data:  801 : 5524
Data:  801 : 5525
Data:  801 : 5525
Data:  801 : 5525
Data:  801 : 5525
Data:  801 : 5525
Data:  801 : 5525
Data:  801 : 5525
Data:  801 : 5526
Data:  801 : 5526
Data:  801 : 5526
Data:  801 : 5526
Data:  801 : 5526
Data:  801 : 5526
Data:  801 : 5526
Data:  801 : 5527
Data:  801 : 5527
Data:  801 : 5527
Data:  801 : 5527
Data:  801 : 5527
Data:  801 : 5527
Data:  801 : 5527
Data:  801 : 5528
Data:  801 : 5528
Data:  801 : 5528
Data:  801 : 5528
Data:  801 : 5528
Data:  801 : 5528
Data:  801 : 5528
Data:  801 : 5529
Data:  801 : 5529
Data:  801 : 5529
Data:  801 : 5529
Data:  801 : 5529
Data:  801 : 5529
Data:  801 : 5529
Data:  801 : 5530
Data:  801 : 5530
Data:  801 : 5530
Data:  801 : 5530
Data:  801 : 5530
Data:  801 : 5530
Data:  801 : 5530
Data:  801 : 5531
Data:  801 : 5531
Data:  801 : 5531
Data:  801 : 5531
Data:  801 : 5531
Data:  801 : 5531
Data:  801 : 5531
Data:  801 : 5532
Data:  801 : 5532
Data:  801 : 5532
Data:  801 : 5532
Data:  801 : 5532
Data:  801 : 5532
Data:  801 : 5532
Data:  801 : 5533
Data:  801 : 5533
Data:  801 : 5533
Data:  801 : 5533
Data:  801 : 5533
Data:  801 : 5533
Data:  801 : 5533
Data:  801 : 5534
Data:  801 : 5534
Data:  801 : 5534
Data:  801 : 5534
Data:  801 : 5534
Data:  801 : 5534
Data:  801 : 5534
Data:  801 : 5543
Data:  801 : 5543
Data:  801 : 5543
Data:  801 : 5543
Data:  801 : 5543
Data:  801 : 5543
Data:  801 : 5543
Data:  801 : 5544
Data:  801 : 5544
Data:  801 : 5544
Data:  801 : 5544
Data:  801 : 5544
Data:  801 : 5544
Data:  801 : 5544
Data:  801 : 5545
Data:  801 : 5545
Data:  801 : 5545
Data:  801 : 5545
Data:  801 : 5545
Data:  801 : 5545
Data:  801 : 5545
Data:  801 : 5546
Data:  801 : 5546
Data:  801 : 5546
Data:  801 : 5546
Data:  801 : 5546
Data:  801 : 5546
Data:  801 : 5546
Data:  801 : 5547
Data:  801 : 5547
Data:  801 : 5547
Data:  801 : 5547
Data:  801 : 5547
Data:  801 : 5547
Data:  801 : 5547
Data:  801 : 5548
Data:  801 : 5548
Data:  801 : 5548
Data:  801 : 5548
Data:  801 : 5548
Data:  801 : 5548
Data:  801 : 5548
Data:  801 : 5549
Data:  801 : 5549
Data:  801 : 5549
Data:  801 : 5549
Data:  801 : 5549
Data:  801 : 5549
Data:  801 : 5549
Data:  801 : 5550
Data:  801 : 5550
Data:  801 : 5550
Data:  801 : 5550
Data:  801 : 5550
Data:  801 : 5550
Data:  801 : 5550
Data:  801 : 5551
Data:  801 : 5551
Data:  801 : 5551
Data:  801 : 5551
Data:  801 : 5551
Data:  801 : 5551
Data:  801 : 5551
Data:  801 : 5554
Data:  801 : 5554
Data:  801 : 5554
Data:  801 : 5554
Data:  801 : 5554
Data:  801 : 5554
Data:  801 : 5554
Data:  801 : 5555
Data:  801 : 5555
Data:  801 : 5555
Data:  801 : 5555
Data:  801 : 5555
Data:  801 : 5555
Data:  801 : 5555
Data:  801 : 5556
Data:  801 : 5556
Data:  801 : 5556
Data:  801 : 5556
Data:  801 : 5556
Data:  801 : 5556
Data:  801 : 5556
Data:  801 : 5557
Data:  801 : 5557
Data:  801 : 5557
Data:  801 : 5557
Data:  801 : 5557
Data:  801 : 5557
Data:  801 : 5557
Data:  801 : 5558
Data:  801 : 5558
Data:  801 : 5558
Data:  801 : 5558
Data:  801 : 5558
Data:  801 : 5558
Data:  801 : 5558
Data:  801 : 5559
Data:  801 : 5559
Data:  801 : 5559
Data:  801 : 5559
Data:  801 : 5559
Data:  801 : 5559
Data:  801 : 5559
Data:  801 : 5560
Data:  801 : 5560
Data:  801 : 5560
Data:  801 : 5560
Data:  801 : 5560
Data:  801 : 5560
Data:  801 : 5560
Data:  802 : 378
Data:  802 : 378
Data:  802 : 378
Data:  802 : 378
Data:  802 : 378
Data:  802 : 5523
Data:  802 : 5523
Data:  802 : 5523
Data:  802 : 5523
Data:  802 : 5523
Data:  802 : 5535
Data:  802 : 5535
Data:  802 : 5535
Data:  802 : 5535
Data:  802 : 5535
Data:  802 : 5536
Data:  802 : 5536
Data:  802 : 5536
Data:  802 : 5536
Data:  802 : 5536
Data:  802 : 5537
Data:  802 : 5537
Data:  802 : 5537
Data:  802 : 5537
Data:  802 : 5537
Data:  803 : 380
Data:  803 : 380
Data:  803 : 380
Data:  803 : 380
Data:  803 : 380
Data:  803 : 380
Data:  803 : 380
Data:  803 : 5540
Data:  803 : 5540
Data:  803 : 5540
Data:  803 : 5540
Data:  803 : 5540
Data:  803 : 5540
Data:  803 : 5540
Data:  803 : 5541
Data:  803 : 5541
Data:  803 : 5541
Data:  803 : 5541
Data:  803 : 5541
Data:  803 : 5541
Data:  803 : 5541
Data:  803 : 5542
Data:  803 : 5542
Data:  803 : 5542
Data:  803 : 5542
Data:  803 : 5542
Data:  803 : 5542
Data:  803 : 5542
Data:  804 : 379
Data:  804 : 379
Data:  804 : 379
Data:  804 : 379
Data:  804 : 379
Data:  804 : 379
Data:  804 : 379
Data:  804 : 5552
Data:  804 : 5552
Data:  804 : 5552
Data:  804 : 5552
Data:  804 : 5552
Data:  804 : 5552
Data:  804 : 5552
Data:  804 : 5553
Data:  804 : 5553
Data:  804 : 5553
Data:  804 : 5553
Data:  804 : 5553
Data:  804 : 5553
Data:  804 : 5553
Data:  804 : 5561
Data:  804 : 5561
Data:  804 : 5561
Data:  804 : 5561
Data:  804 : 5561
Data:  804 : 5561
Data:  804 : 5561
Data:  805 : 649
Data:  805 : 649
Data:  805 : 649
Data:  805 : 649
Data:  805 : 649
Data:  805 : 649
Data:  805 : 5538
Data:  805 : 5538
Data:  805 : 5538
Data:  805 : 5538
Data:  805 : 5538
Data:  805 : 5538
Data:  805 : 5539
Data:  805 : 5539
Data:  805 : 5539
Data:  805 : 5539
Data:  805 : 5539
Data:  805 : 5539
Data:  806 : 676
Data:  806 : 676
Data:  806 : 676
Data:  806 : 676
Data:  806 : 676
Data:  806 : 676
Data:  806 : 676
Data:  806 : 5522
Data:  806 : 5522
Data:  806 : 5522
Data:  806 : 5522
Data:  806 : 5522
Data:  806 : 5522
Data:  806 : 5522
Empty:  1101 : 460
Data:  1101 : 460
Data:  1101 : 460
Data:  1101 : 460
Empty:  1101 : 5002
Data:  1101 : 5002
Data:  1101 : 5002
Data:  1101 : 5002
Empty:  1101 : 5003
Data:  1101 : 5003
Data:  1101 : 5003
Data:  1101 : 5003
Empty:  1101 : 5004
Data:  1101 : 5004
Data:  1101 : 5004
Data:  1101 : 5004
Empty:  1101 : 5005
Data:  1101 : 5005
Data:  1101 : 5005
Data:  1101 : 5005
Empty:  1101 : 5006
Data:  1101 : 5006
Data:  1101 : 5006
Data:  1101 : 5006
Empty:  1101 : 5007
Data:  1101 : 5007
Data:  1101 : 5007
Data:  1101 : 5007
Empty:  1101 : 5008
Data:  1101 : 5008
Data:  1101 : 5008
Data:  1101 : 5008
Empty:  1101 : 5009
Data:  1101 : 5009
Data:  1101 : 5009
Data:  1101 : 5009
Empty:  1101 : 5010
Data:  1101 : 5010
Data:  1101 : 5010
Data:  1101 : 5010
Empty:  1101 : 5011
Data:  1101 : 5011
Data:  1101 : 5011
Data:  1101 : 5011
Empty:  1101 : 5012
Data:  1101 : 5012
Data:  1101 : 5012
Data:  1101 : 5012
Empty:  1101 : 5013
Data:  1101 : 5013
Data:  1101 : 5013
Data:  1101 : 5013
Empty:  1101 : 5014
Data:  1101 : 5014
Data:  1101 : 5014
Data:  1101 : 5014
Empty:  1101 : 5015
Data:  1101 : 5015
Data:  1101 : 5015
Data:  1101 : 5015
Empty:  1101 : 5016
Data:  1101 : 5016
Data:  1101 : 5016
Data:  1101 : 5016
Empty:  1101 : 5017
Data:  1101 : 5017
Data:  1101 : 5017
Data:  1101 : 5017
Empty:  1101 : 5018
Data:  1101 : 5018
Data:  1101 : 5018
Data:  1101 : 5018
Empty:  1101 : 5019
Data:  1101 : 5019
Data:  1101 : 5019
Data:  1101 : 5019
Empty:  1101 : 5020
Data:  1101 : 5020
Data:  1101 : 5020
Data:  1101 : 5020
Empty:  1101 : 5021
Data:  1101 : 5021
Data:  1101 : 5021
Data:  1101 : 5021
Empty:  1101 : 5022
Data:  1101 : 5022
Data:  1101 : 5022
Data:  1101 : 5022
Empty:  1101 : 5023
Data:  1101 : 5023
Data:  1101 : 5023
Data:  1101 : 5023
Empty:  1101 : 5024
Data:  1101 : 5024
Data:  1101 : 5024
Data:  1101 : 5024
Empty:  1101 : 5025
Data:  1101 : 5025
Data:  1101 : 5025
Data:  1101 : 5025
Empty:  1101 : 5026
Data:  1101 : 5026
Data:  1101 : 5026
Data:  1101 : 5026
Empty:  1101 : 5027
Data:  1101 : 5027
Data:  1101 : 5027
Data:  1101 : 5027
Empty:  1101 : 5028
Data:  1101 : 5028
Data:  1101 : 5028
Data:  1101 : 5028
Empty:  1101 : 5029
Data:  1101 : 5029
Data:  1101 : 5029
Data:  1101 : 5029
Empty:  1101 : 5030
Data:  1101 : 5030
Data:  1101 : 5030
Data:  1101 : 5030
Empty:  1101 : 5031
Data:  1101 : 5031
Data:  1101 : 5031
Data:  1101 : 5031
Empty:  1101 : 5032
Data:  1101 : 5032
Data:  1101 : 5032
Data:  1101 : 5032
Empty:  1101 : 5033
Data:  1101 : 5033
Data:  1101 : 5033
Data:  1101 : 5033
Empty:  1101 : 5034
Data:  1101 : 5034
Data:  1101 : 5034
Data:  1101 : 5034
Empty:  1101 : 5035
Data:  1101 : 5035
Data:  1101 : 5035
Data:  1101 : 5035
Empty:  1101 : 5036
Data:  1101 : 5036
Data:  1101 : 5036
Data:  1101 : 5036
Empty:  1101 : 5037
Data:  1101 : 5037
Data:  1101 : 5037
Data:  1101 : 5037
Empty:  1101 : 5038
Data:  1101 : 5038
Data:  1101 : 5038
Data:  1101 : 5038
Empty:  1101 : 5039
Data:  1101 : 5039
Data:  1101 : 5039
Data:  1101 : 5039
Empty:  1101 : 5040
Data:  1101 : 5040
Data:  1101 : 5040
Data:  1101 : 5040
Empty:  1101 : 5041
Data:  1101 : 5041
Data:  1101 : 5041
Data:  1101 : 5041
Empty:  1101 : 5042
Data:  1101 : 5042
Data:  1101 : 5042
Data:  1101 : 5042
Empty:  1101 : 5043
Data:  1101 : 5043
Data:  1101 : 5043
Data:  1101 : 5043
Empty:  1101 : 5044
Data:  1101 : 5044
Data:  1101 : 5044
Data:  1101 : 5044
Empty:  1101 : 5045
Data:  1101 : 5045
Data:  1101 : 5045
Data:  1101 : 5045
Empty:  1101 : 5046
Data:  1101 : 5046
Data:  1101 : 5046
Data:  1101 : 5046
Empty:  1101 : 5047
Data:  1101 : 5047
Data:  1101 : 5047
Data:  1101 : 5047
Empty:  1101 : 5048
Data:  1101 : 5048
Data:  1101 : 5048
Data:  1101 : 5048
Empty:  1101 : 5049
Data:  1101 : 5049
Data:  1101 : 5049
Data:  1101 : 5049
Empty:  1101 : 5050
Data:  1101 : 5050
Data:  1101 : 5050
Data:  1101 : 5050
Empty:  1101 : 5051
Data:  1101 : 5051
Data:  1101 : 5051
Data:  1101 : 5051
Empty:  1101 : 5052
Data:  1101 : 5052
Data:  1101 : 5052
Data:  1101 : 5052
Empty:  1101 : 5053
Data:  1101 : 5053
Data:  1101 : 5053
Data:  1101 : 5053
Empty:  1101 : 5054
Data:  1101 : 5054
Data:  1101 : 5054
Data:  1101 : 5054
Empty:  1101 : 5055
Data:  1101 : 5055
Data:  1101 : 5055
Data:  1101 : 5055
Empty:  1101 : 5056
Data:  1101 : 5056
Data:  1101 : 5056
Data:  1101 : 5056
Empty:  1101 : 5057
Data:  1101 : 5057
Data:  1101 : 5057
Data:  1101 : 5057
Empty:  1101 : 5058
Data:  1101 : 5058
Data:  1101 : 5058
Data:  1101 : 5058
Empty:  1101 : 5059
Data:  1101 : 5059
Data:  1101 : 5059
Data:  1101 : 5059
Empty:  1101 : 5060
Data:  1101 : 5060
Data:  1101 : 5060
Data:  1101 : 5060
Empty:  1101 : 5061
Data:  1101 : 5061
Data:  1101 : 5061
Data:  1101 : 5061
Empty:  1101 : 5062
Data:  1101 : 5062
Data:  1101 : 5062
Data:  1101 : 5062
Empty:  1101 : 5063
Data:  1101 : 5063
Data:  1101 : 5063
Data:  1101 : 5063
Empty:  1101 : 5064
Data:  1101 : 5064
Data:  1101 : 5064
Data:  1101 : 5064
Empty:  1101 : 5065
Data:  1101 : 5065
Data:  1101 : 5065
Data:  1101 : 5065
Empty:  1101 : 5066
Data:  1101 : 5066
Data:  1101 : 5066
Data:  1101 : 5066
Empty:  1101 : 5067
Data:  1101 : 5067
Data:  1101 : 5067
Data:  1101 : 5067
Empty:  1101 : 5068
Data:  1101 : 5068
Data:  1101 : 5068
Data:  1101 : 5068
Empty:  1101 : 5069
Data:  1101 : 5069
Data:  1101 : 5069
Data:  1101 : 5069
Empty:  1101 : 5070
Data:  1101 : 5070
Data:  1101 : 5070
Data:  1101 : 5070
Empty:  1101 : 5071
Data:  1101 : 5071
Data:  1101 : 5071
Data:  1101 : 5071
Empty:  1101 : 5072
Data:  1101 : 5072
Data:  1101 : 5072
Data:  1101 : 5072
Empty:  1101 : 5073
Data:  1101 : 5073
Data:  1101 : 5073
Data:  1101 : 5073
Empty:  1101 : 5074
Data:  1101 : 5074
Data:  1101 : 5074
Data:  1101 : 5074
Empty:  1101 : 5075
Data:  1101 : 5075
Data:  1101 : 5075
Data:  1101 : 5075
Empty:  1101 : 5076
Data:  1101 : 5076
Data:  1101 : 5076
Data:  1101 : 5076
Empty:  1101 : 5077
Data:  1101 : 5077
Data:  1101 : 5077
Data:  1101 : 5077
Empty:  1101 : 5078
Data:  1101 : 5078
Data:  1101 : 5078
Data:  1101 : 5078
Empty:  1101 : 5079
Data:  1101 : 5079
Data:  1101 : 5079
Data:  1101 : 5079
Empty:  1101 : 5080
Data:  1101 : 5080
Data:  1101 : 5080
Data:  1101 : 5080
Empty:  1101 : 5081
Data:  1101 : 5081
Data:  1101 : 5081
Data:  1101 : 5081
Empty:  1101 : 5082
Data:  1101 : 5082
Data:  1101 : 5082
Data:  1101 : 5082
Empty:  1101 : 5083
Data:  1101 : 5083
Data:  1101 : 5083
Data:  1101 : 5083
Empty:  1101 : 5084
Data:  1101 : 5084
Data:  1101 : 5084
Data:  1101 : 5084
Empty:  1101 : 5085
Data:  1101 : 5085
Data:  1101 : 5085
Data:  1101 : 5085
Empty:  1101 : 5086
Data:  1101 : 5086
Data:  1101 : 5086
Data:  1101 : 5086
Empty:  1101 : 5087
Data:  1101 : 5087
Data:  1101 : 5087
Data:  1101 : 5087
Empty:  1101 : 5088
Data:  1101 : 5088
Data:  1101 : 5088
Data:  1101 : 5088
Empty:  1101 : 5089
Data:  1101 : 5089
Data:  1101 : 5089
Data:  1101 : 5089
Data:  1202 : 394
Data:  1202 : 394
Data:  1202 : 394
Data:  1202 : 394
Data:  1202 : 394
Data:  1202 : 394
Data:  1202 : 394
Data:  1202 : 5462
Data:  1202 : 5462
Data:  1202 : 5462
Data:  1202 : 5462
Data:  1202 : 5462
Data:  1202 : 5462
Data:  1202 : 5462
Data:  1202 : 5463
Data:  1202 : 5463
Data:  1202 : 5463
Data:  1202 : 5463
Data:  1202 : 5463
Data:  1202 : 5463
Data:  1202 : 5463
Data:  1202 : 5464
Data:  1202 : 5464
Data:  1202 : 5464
Data:  1202 : 5464
Data:  1202 : 5464
Data:  1202 : 5464
Data:  1202 : 5464
Data:  1202 : 5465
Data:  1202 : 5465
Data:  1202 : 5465
Data:  1202 : 5465
Data:  1202 : 5465
Data:  1202 : 5465
Data:  1202 : 5465
Data:  1202 : 5466
Data:  1202 : 5466
Data:  1202 : 5466
Data:  1202 : 5466
Data:  1202 : 5466
Data:  1202 : 5466
Data:  1202 : 5466
Data:  1202 : 5467
Data:  1202 : 5467
Data:  1202 : 5467
Data:  1202 : 5467
Data:  1202 : 5467
Data:  1202 : 5467
Data:  1202 : 5467
Data:  1202 : 5468
Data:  1202 : 5468
Data:  1202 : 5468
Data:  1202 : 5468
Data:  1202 : 5468
Data:  1202 : 5468
Data:  1202 : 5468
Data:  1202 : 5469
Data:  1202 : 5469
Data:  1202 : 5469
Data:  1202 : 5469
Data:  1202 : 5469
Data:  1202 : 5469
Data:  1202 : 5469
Data:  1202 : 5470
Data:  1202 : 5470
Data:  1202 : 5470
Data:  1202 : 5470
Data:  1202 : 5470
Data:  1202 : 5470
Data:  1202 : 5470
Data:  1202 : 5471
Data:  1202 : 5471
Data:  1202 : 5471
Data:  1202 : 5471
Data:  1202 : 5471
Data:  1202 : 5471
Data:  1202 : 5471
Data:  1202 : 5472
Data:  1202 : 5472
Data:  1202 : 5472
Data:  1202 : 5472
Data:  1202 : 5472
Data:  1202 : 5472
Data:  1202 : 5472
Data:  1202 : 5473
Data:  1202 : 5473
Data:  1202 : 5473
Data:  1202 : 5473
Data:  1202 : 5473
Data:  1202 : 5473
Data:  1202 : 5473
Data:  1202 : 5474
Data:  1202 : 5474
Data:  1202 : 5474
Data:  1202 : 5474
Data:  1202 : 5474
Data:  1202 : 5474
Data:  1202 : 5474
Data:  1202 : 5475
Data:  1202 : 5475
Data:  1202 : 5475
Data:  1202 : 5475
Data:  1202 : 5475
Data:  1202 : 5475
Data:  1202 : 5475
Data:  1202 : 5476
Data:  1202 : 5476
Data:  1202 : 5476
Data:  1202 : 5476
Data:  1202 : 5476
Data:  1202 : 5476
Data:  1202 : 5476
Data:  1202 : 5477
Data:  1202 : 5477
Data:  1202 : 5477
Data:  1202 : 5477
Data:  1202 : 5477
Data:  1202 : 5477
Data:  1202 : 5477
Data:  1202 : 5478
Data:  1202 : 5478
Data:  1202 : 5478
Data:  1202 : 5478
Data:  1202 : 5478
Data:  1202 : 5478
Data:  1202 : 5478
Data:  1202 : 5479
Data:  1202 : 5479
Data:  1202 : 5479
Data:  1202 : 5479
Data:  1202 : 5479
Data:  1202 : 5479
Data:  1202 : 5479
Data:  1202 : 5480
Data:  1202 : 5480
Data:  1202 : 5480
Data:  1202 : 5480
Data:  1202 : 5480
Data:  1202 : 5480
Data:  1202 : 5480
Data:  1202 : 5481
Data:  1202 : 5481
Data:  1202 : 5481
Data:  1202 : 5481
Data:  1202 : 5481
Data:  1202 : 5481
Data:  1202 : 5481
Data:  1203 : 396
Data:  1203 : 396
Data:  1203 : 396
Data:  1203 : 396
Data:  1203 : 396
Data:  1203 : 5493
Data:  1203 : 5493
Data:  1203 : 5493
Data:  1203 : 5493
Data:  1203 : 5493
Data:  1203 : 5494
Data:  1203 : 5494
Data:  1203 : 5494
Data:  1203 : 5494
Data:  1203 : 5494
Data:  1203 : 5495
Data:  1203 : 5495
Data:  1203 : 5495
Data:  1203 : 5495
Data:  1203 : 5495
Data:  1203 : 5496
Data:  1203 : 5496
Data:  1203 : 5496
Data:  1203 : 5496
Data:  1203 : 5496
Data:  1203 : 5497
Data:  1203 : 5497
Data:  1203 : 5497
Data:  1203 : 5497
Data:  1203 : 5497
Data:  1203 : 5498
Data:  1203 : 5498
Data:  1203 : 5498
Data:  1203 : 5498
Data:  1203 : 5498
Data:  1401 : 2
Data:  1401 : 2
Data:  1401 : 2
Data:  1401 : 2
Data:  1401 : 2
Data:  1401 : 2
Data:  1401 : 5649
Data:  1401 : 5649
Data:  1401 : 5649
Data:  1401 : 5649
Data:  1401 : 5649
Data:  1401 : 5649
Data:  1401 : 5650
Data:  1401 : 5650
Data:  1401 : 5650
Data:  1401 : 5650
Data:  1401 : 5650
Data:  1401 : 5650
Data:  1401 : 5651
Data:  1401 : 5651
Data:  1401 : 5651
Data:  1401 : 5651
Data:  1401 : 5651
Data:  1401 : 5651
Data:  1401 : 5652
Data:  1401 : 5652
Data:  1401 : 5652
Data:  1401 : 5652
Data:  1401 : 5652
Data:  1401 : 5652
Data:  1401 : 5653
Data:  1401 : 5653
Data:  1401 : 5653
Data:  1401 : 5653
Data:  1401 : 5653
Data:  1401 : 5653
Data:  1401 : 5654
Data:  1401 : 5654
Data:  1401 : 5654
Data:  1401 : 5654
Data:  1401 : 5654
Data:  1401 : 5654
Data:  1401 : 5655
Data:  1401 : 5655
Data:  1401 : 5655
Data:  1401 : 5655
Data:  1401 : 5655
Data:  1401 : 5655
Data:  1401 : 5656
Data:  1401 : 5656
Data:  1401 : 5656
Data:  1401 : 5656
Data:  1401 : 5656
Data:  1401 : 5656
Data:  1401 : 5657
Data:  1401 : 5657
Data:  1401 : 5657
Data:  1401 : 5657
Data:  1401 : 5657
Data:  1401 : 5657
Data:  1401 : 5658
Data:  1401 : 5658
Data:  1401 : 5658
Data:  1401 : 5658
Data:  1401 : 5658
Data:  1401 : 5658
Data:  1401 : 5659
Data:  1401 : 5659
Data:  1401 : 5659
Data:  1401 : 5659
Data:  1401 : 5659
Data:  1401 : 5659
Data:  1401 : 5660
Data:  1401 : 5660
Data:  1401 : 5660
Data:  1401 : 5660
Data:  1401 : 5660
Data:  1401 : 5660
Data:  1401 : 5661
Data:  1401 : 5661
Data:  1401 : 5661
Data:  1401 : 5661
Data:  1401 : 5661
Data:  1401 : 5661
Data:  1401 : 5662
Data:  1401 : 5662
Data:  1401 : 5662
Data:  1401 : 5662
Data:  1401 : 5662
Data:  1401 : 5662
Data:  1401 : 5663
Data:  1401 : 5663
Data:  1401 : 5663
Data:  1401 : 5663
Data:  1401 : 5663
Data:  1401 : 5663
Data:  1401 : 5664
Data:  1401 : 5664
Data:  1401 : 5664
Data:  1401 : 5664
Data:  1401 : 5664
Data:  1401 : 5664
Data:  1401 : 5665
Data:  1401 : 5665
Data:  1401 : 5665
Data:  1401 : 5665
Data:  1401 : 5665
Data:  1401 : 5665
Data:  1401 : 5666
Data:  1401 : 5666
Data:  1401 : 5666
Data:  1401 : 5666
Data:  1401 : 5666
Data:  1401 : 5666
Data:  1401 : 5667
Data:  1401 : 5667
Data:  1401 : 5667
Data:  1401 : 5667
Data:  1401 : 5667
Data:  1401 : 5667
Data:  1401 : 5668
Data:  1401 : 5668
Data:  1401 : 5668
Data:  1401 : 5668
Data:  1401 : 5668
Data:  1401 : 5668
Data:  1401 : 5669
Data:  1401 : 5669
Data:  1401 : 5669
Data:  1401 : 5669
Data:  1401 : 5669
Data:  1401 : 5669
Data:  1401 : 5670
Data:  1401 : 5670
Data:  1401 : 5670
Data:  1401 : 5670
Data:  1401 : 5670
Data:  1401 : 5670
Data:  1402 : 35
Data:  1402 : 35
Data:  1402 : 35
Data:  1402 : 35
Data:  1402 : 5673
Data:  1402 : 5673
Data:  1402 : 5673
Data:  1402 : 5673
Data:  1402 : 5674
Data:  1402 : 5674
Data:  1402 : 5674
Data:  1402 : 5674
Data:  1403 : 36
Data:  1403 : 36
Data:  1403 : 36
Data:  1403 : 36
Data:  1403 : 5671
Data:  1403 : 5671
Data:  1403 : 5671
Data:  1403 : 5671
Data:  1403 : 5672
Data:  1403 : 5672
Data:  1403 : 5672
Data:  1403 : 5672
Data:  1404 : 5
Data:  1404 : 5
Data:  1404 : 5
Data:  1404 : 5
Data:  1404 : 5582
Data:  1404 : 5582
Data:  1404 : 5582
Data:  1404 : 5582
Data:  1404 : 5583
Data:  1404 : 5583
Data:  1404 : 5583
Data:  1404 : 5583
Data:  1404 : 5584
Data:  1404 : 5584
Data:  1404 : 5584
Data:  1404 : 5584
Data:  1405 : 4
Data:  1405 : 4
Data:  1405 : 4
Data:  1405 : 4
Data:  1405 : 5569
Data:  1405 : 5569
Data:  1405 : 5569
Data:  1405 : 5569
Data:  1405 : 5570
Data:  1405 : 5570
Data:  1405 : 5570
Data:  1405 : 5570
Data:  1405 : 5571
Data:  1405 : 5571
Data:  1405 : 5571
Data:  1405 : 5571
Data:  1406 : 6
Data:  1406 : 6
Data:  1406 : 6
Data:  1406 : 6
Data:  1406 : 6
Data:  1406 : 6
Data:  1406 : 5562
Data:  1406 : 5562
Data:  1406 : 5562
Data:  1406 : 5562
Data:  1406 : 5562
Data:  1406 : 5562
Data:  1406 : 5563
Data:  1406 : 5563
Data:  1406 : 5563
Data:  1406 : 5563
Data:  1406 : 5563
Data:  1406 : 5563
Data:  1406 : 5564
Data:  1406 : 5564
Data:  1406 : 5564
Data:  1406 : 5564
Data:  1406 : 5564
Data:  1406 : 5564
Data:  1406 : 5565
Data:  1406 : 5565
Data:  1406 : 5565
Data:  1406 : 5565
Data:  1406 : 5565
Data:  1406 : 5565
Data:  1406 : 5566
Data:  1406 : 5566
Data:  1406 : 5566
Data:  1406 : 5566
Data:  1406 : 5566
Data:  1406 : 5566
Data:  1406 : 5567
Data:  1406 : 5567
Data:  1406 : 5567
Data:  1406 : 5567
Data:  1406 : 5567
Data:  1406 : 5567
Data:  1406 : 5568
Data:  1406 : 5568
Data:  1406 : 5568
Data:  1406 : 5568
Data:  1406 : 5568
Data:  1406 : 5568
Data:  1501 : 375
Data:  1501 : 375
Data:  1501 : 375
Data:  1501 : 375
Data:  1501 : 375
Data:  1501 : 375
Data:  1501 : 5612
Data:  1501 : 5612
Data:  1501 : 5612
Data:  1501 : 5612
Data:  1501 : 5612
Data:  1501 : 5612
Data:  1501 : 5613
Data:  1501 : 5613
Data:  1501 : 5613
Data:  1501 : 5613
Data:  1501 : 5613
Data:  1501 : 5613
Data:  1501 : 5614
Data:  1501 : 5614
Data:  1501 : 5614
Data:  1501 : 5614
Data:  1501 : 5614
Data:  1501 : 5614
Data:  1501 : 5615
Data:  1501 : 5615
Data:  1501 : 5615
Data:  1501 : 5615
Data:  1501 : 5615
Data:  1501 : 5615
Data:  1501 : 5616
Data:  1501 : 5616
Data:  1501 : 5616
Data:  1501 : 5616
Data:  1501 : 5616
Data:  1501 : 5616
Data:  1501 : 5617
Data:  1501 : 5617
Data:  1501 : 5617
Data:  1501 : 5617
Data:  1501 : 5617
Data:  1501 : 5617
Data:  1501 : 5618
Data:  1501 : 5618
Data:  1501 : 5618
Data:  1501 : 5618
Data:  1501 : 5618
Data:  1501 : 5618
Data:  1501 : 5619
Data:  1501 : 5619
Data:  1501 : 5619
Data:  1501 : 5619
Data:  1501 : 5619
Data:  1501 : 5619
Data:  1501 : 5620
Data:  1501 : 5620
Data:  1501 : 5620
Data:  1501 : 5620
Data:  1501 : 5620
Data:  1501 : 5620
Data:  1501 : 5621
Data:  1501 : 5621
Data:  1501 : 5621
Data:  1501 : 5621
Data:  1501 : 5621
Data:  1501 : 5621
Data:  1501 : 5622
Data:  1501 : 5622
Data:  1501 : 5622
Data:  1501 : 5622
Data:  1501 : 5622
Data:  1501 : 5622
Data:  1501 : 5623
Data:  1501 : 5623
Data:  1501 : 5623
Data:  1501 : 5623
Data:  1501 : 5623
Data:  1501 : 5623
Data:  1501 : 5624
Data:  1501 : 5624
Data:  1501 : 5624
Data:  1501 : 5624
Data:  1501 : 5624
Data:  1501 : 5624
Data:  1501 : 5625
Data:  1501 : 5625
Data:  1501 : 5625
Data:  1501 : 5625
Data:  1501 : 5625
Data:  1501 : 5625
Data:  1501 : 5626
Data:  1501 : 5626
Data:  1501 : 5626
Data:  1501 : 5626
Data:  1501 : 5626
Data:  1501 : 5626
Data:  1501 : 5627
Data:  1501 : 5627
Data:  1501 : 5627
Data:  1501 : 5627
Data:  1501 : 5627
Data:  1501 : 5627
Data:  1501 : 5628
Data:  1501 : 5628
Data:  1501 : 5628
Data:  1501 : 5628
Data:  1501 : 5628
Data:  1501 : 5628
Data:  1501 : 5629
Data:  1501 : 5629
Data:  1501 : 5629
Data:  1501 : 5629
Data:  1501 : 5629
Data:  1501 : 5629
Data:  1501 : 5630
Data:  1501 : 5630
Data:  1501 : 5630
Data:  1501 : 5630
Data:  1501 : 5630
Data:  1501 : 5630
Data:  1501 : 5631
Data:  1501 : 5631
Data:  1501 : 5631
Data:  1501 : 5631
Data:  1501 : 5631
Data:  1501 : 5631
Data:  1501 : 5632
Data:  1501 : 5632
Data:  1501 : 5632
Data:  1501 : 5632
Data:  1501 : 5632
Data:  1501 : 5632
Data:  1501 : 5633
Data:  1501 : 5633
Data:  1501 : 5633
Data:  1501 : 5633
Data:  1501 : 5633
Data:  1501 : 5633
Data:  1501 : 5634
Data:  1501 : 5634
Data:  1501 : 5634
Data:  1501 : 5634
Data:  1501 : 5634
Data:  1501 : 5634
Data:  1501 : 5635
Data:  1501 : 5635
Data:  1501 : 5635
Data:  1501 : 5635
Data:  1501 : 5635
Data:  1501 : 5635
Data:  1501 : 5636
Data:  1501 : 5636
Data:  1501 : 5636
Data:  1501 : 5636
Data:  1501 : 5636
Data:  1501 : 5636
Data:  1501 : 5637
Data:  1501 : 5637
Data:  1501 : 5637
Data:  1501 : 5637
Data:  1501 : 5637
Data:  1501 : 5637
Data:  1502 : 3
Data:  1502 : 3
Data:  1502 : 3
Data:  1502 : 3
Data:  1502 : 5638
Data:  1502 : 5638
Data:  1502 : 5638
Data:  1502 : 5638
Data:  1502 : 5639
Data:  1502 : 5639
Data:  1502 : 5639
Data:  1502 : 5639
Data:  1502 : 5640
Data:  1502 : 5640
Data:  1502 : 5640
Data:  1502 : 5640
Data:  1502 : 5641
Data:  1502 : 5641
Data:  1502 : 5641
Data:  1502 : 5641
Data:  1502 : 5642
Data:  1502 : 5642
Data:  1502 : 5642
Data:  1502 : 5642
Data:  1502 : 5643
Data:  1502 : 5643
Data:  1502 : 5643
Data:  1502 : 5643
Data:  1502 : 5644
Data:  1502 : 5644
Data:  1502 : 5644
Data:  1502 : 5644
Data:  1502 : 5645
Data:  1502 : 5645
Data:  1502 : 5645
Data:  1502 : 5645
Data:  1502 : 5646
Data:  1502 : 5646
Data:  1502 : 5646
Data:  1502 : 5646
Data:  1502 : 5647
Data:  1502 : 5647
Data:  1502 : 5647
Data:  1502 : 5647
Data:  1502 : 5648
Data:  1502 : 5648
Data:  1502 : 5648
Data:  1502 : 5648
Data:  1503 : 7
Data:  1503 : 7
Data:  1503 : 7
Data:  1503 : 7
Data:  1503 : 7
Data:  1503 : 5572
Data:  1503 : 5572
Data:  1503 : 5572
Data:  1503 : 5572
Data:  1503 : 5572
Data:  1503 : 5573
Data:  1503 : 5573
Data:  1503 : 5573
Data:  1503 : 5573
Data:  1503 : 5573
Data:  1503 : 5574
Data:  1503 : 5574
Data:  1503 : 5574
Data:  1503 : 5574
Data:  1503 : 5574
Data:  1503 : 5575
Data:  1503 : 5575
Data:  1503 : 5575
Data:  1503 : 5575
Data:  1503 : 5575
Data:  1503 : 5576
Data:  1503 : 5576
Data:  1503 : 5576
Data:  1503 : 5576
Data:  1503 : 5576
Data:  1503 : 5577
Data:  1503 : 5577
Data:  1503 : 5577
Data:  1503 : 5577
Data:  1503 : 5577
Data:  1503 : 5578
Data:  1503 : 5578
Data:  1503 : 5578
Data:  1503 : 5578
Data:  1503 : 5578
Data:  1503 : 5579
Data:  1503 : 5579
Data:  1503 : 5579
Data:  1503 : 5579
Data:  1503 : 5579
Data:  1503 : 5580
Data:  1503 : 5580
Data:  1503 : 5580
Data:  1503 : 5580
Data:  1503 : 5580
Data:  1503 : 5581
Data:  1503 : 5581
Data:  1503 : 5581
Data:  1503 : 5581
Data:  1503 : 5581
Data:  1503 : 5585
Data:  1503 : 5585
Data:  1503 : 5585
Data:  1503 : 5585
Data:  1503 : 5585
Data:  1503 : 5586
Data:  1503 : 5586
Data:  1503 : 5586
Data:  1503 : 5586
Data:  1503 : 5586
Data:  1503 : 5587
Data:  1503 : 5587
Data:  1503 : 5587
Data:  1503 : 5587
Data:  1503 : 5587
Data:  1503 : 5588
Data:  1503 : 5588
Data:  1503 : 5588
Data:  1503 : 5588
Data:  1503 : 5588
Data:  1503 : 5589
Data:  1503 : 5589
Data:  1503 : 5589
Data:  1503 : 5589
Data:  1503 : 5589
Data:  1503 : 5590
Data:  1503 : 5590
Data:  1503 : 5590
Data:  1503 : 5590
Data:  1503 : 5590
Data:  1503 : 5591
Data:  1503 : 5591
Data:  1503 : 5591
Data:  1503 : 5591
Data:  1503 : 5591
Data:  1503 : 5592
Data:  1503 : 5592
Data:  1503 : 5592
Data:  1503 : 5592
Data:  1503 : 5592
Data:  1503 : 5593
Data:  1503 : 5593
Data:  1503 : 5593
Data:  1503 : 5593
Data:  1503 : 5593
Data:  1503 : 5594
Data:  1503 : 5594
Data:  1503 : 5594
Data:  1503 : 5594
Data:  1503 : 5594
Data:  1503 : 5595
Data:  1503 : 5595
Data:  1503 : 5595
Data:  1503 : 5595
Data:  1503 : 5595
Data:  1503 : 5596
Data:  1503 : 5596
Data:  1503 : 5596
Data:  1503 : 5596
Data:  1503 : 5596
Data:  1504 : 33
Data:  1504 : 33
Data:  1504 : 33
Data:  1504 : 33
Data:  1504 : 33
Data:  1504 : 5603
Data:  1504 : 5603
Data:  1504 : 5603
Data:  1504 : 5603
Data:  1504 : 5603
Data:  1504 : 5604
Data:  1504 : 5604
Data:  1504 : 5604
Data:  1504 : 5604
Data:  1504 : 5604
Data:  1504 : 5605
Data:  1504 : 5605
Data:  1504 : 5605
Data:  1504 : 5605
Data:  1504 : 5605
Data:  1504 : 5606
Data:  1504 : 5606
Data:  1504 : 5606
Data:  1504 : 5606
Data:  1504 : 5606
Data:  1504 : 5607
Data:  1504 : 5607
Data:  1504 : 5607
Data:  1504 : 5607
Data:  1504 : 5607
Data:  1504 : 5608
Data:  1504 : 5608
Data:  1504 : 5608
Data:  1504 : 5608
Data:  1504 : 5608
Data:  1504 : 5609
Data:  1504 : 5609
Data:  1504 : 5609
Data:  1504 : 5609
Data:  1504 : 5609
Data:  1504 : 5610
Data:  1504 : 5610
Data:  1504 : 5610
Data:  1504 : 5610
Data:  1504 : 5610
Data:  1504 : 5611
Data:  1504 : 5611
Data:  1504 : 5611
Data:  1504 : 5611
Data:  1504 : 5611
Data:  1505 : 34
Data:  1505 : 34
Data:  1505 : 34
Data:  1505 : 34
Data:  1505 : 34
Data:  1505 : 5597
Data:  1505 : 5597
Data:  1505 : 5597
Data:  1505 : 5597
Data:  1505 : 5597
Data:  1505 : 5598
Data:  1505 : 5598
Data:  1505 : 5598
Data:  1505 : 5598
Data:  1505 : 5598
Data:  1505 : 5599
Data:  1505 : 5599
Data:  1505 : 5599
Data:  1505 : 5599
Data:  1505 : 5599
Data:  1505 : 5600
Data:  1505 : 5600
Data:  1505 : 5600
Data:  1505 : 5600
Data:  1505 : 5600
Data:  1505 : 5601
Data:  1505 : 5601
Data:  1505 : 5601
Data:  1505 : 5601
Data:  1505 : 5601
Data:  1505 : 5602
Data:  1505 : 5602
Data:  1505 : 5602
Data:  1505 : 5602
Data:  1505 : 5602
Data:  1601 : 13
Data:  1601 : 13
Data:  1601 : 13
Data:  1601 : 13
Data:  1601 : 13
Data:  1601 : 13
Data:  1601 : 6704
Data:  1601 : 6704
Data:  1601 : 6704
Data:  1601 : 6704
Data:  1601 : 6704
Data:  1601 : 6704
Data:  1601 : 6705
Data:  1601 : 6705
Data:  1601 : 6705
Data:  1601 : 6705
Data:  1601 : 6705
Data:  1601 : 6705
Data:  1601 : 6706
Data:  1601 : 6706
Data:  1601 : 6706
Data:  1601 : 6706
Data:  1601 : 6706
Data:  1601 : 6706
Data:  1601 : 6707
Data:  1601 : 6707
Data:  1601 : 6707
Data:  1601 : 6707
Data:  1601 : 6707
Data:  1601 : 6707
Data:  1601 : 6708
Data:  1601 : 6708
Data:  1601 : 6708
Data:  1601 : 6708
Data:  1601 : 6708
Data:  1601 : 6708
Data:  1601 : 6709
Data:  1601 : 6709
Data:  1601 : 6709
Data:  1601 : 6709
Data:  1601 : 6709
Data:  1601 : 6709
Data:  1601 : 6710
Data:  1601 : 6710
Data:  1601 : 6710
Data:  1601 : 6710
Data:  1601 : 6710
Data:  1601 : 6710
Data:  1601 : 6711
Data:  1601 : 6711
Data:  1601 : 6711
Data:  1601 : 6711
Data:  1601 : 6711
Data:  1601 : 6711
Data:  1601 : 6712
Data:  1601 : 6712
Data:  1601 : 6712
Data:  1601 : 6712
Data:  1601 : 6712
Data:  1601 : 6712
Data:  1601 : 6713
Data:  1601 : 6713
Data:  1601 : 6713
Data:  1601 : 6713
Data:  1601 : 6713
Data:  1601 : 6713
Data:  1601 : 6714
Data:  1601 : 6714
Data:  1601 : 6714
Data:  1601 : 6714
Data:  1601 : 6714
Data:  1601 : 6714
Data:  1601 : 6715
Data:  1601 : 6715
Data:  1601 : 6715
Data:  1601 : 6715
Data:  1601 : 6715
Data:  1601 : 6715
Data:  1601 : 6716
Data:  1601 : 6716
Data:  1601 : 6716
Data:  1601 : 6716
Data:  1601 : 6716
Data:  1601 : 6716
Data:  1601 : 6717
Data:  1601 : 6717
Data:  1601 : 6717
Data:  1601 : 6717
Data:  1601 : 6717
Data:  1601 : 6717
Data:  1601 : 6718
Data:  1601 : 6718
Data:  1601 : 6718
Data:  1601 : 6718
Data:  1601 : 6718
Data:  1601 : 6718
Data:  1601 : 6719
Data:  1601 : 6719
Data:  1601 : 6719
Data:  1601 : 6719
Data:  1601 : 6719
Data:  1601 : 6719
Data:  1601 : 6720
Data:  1601 : 6720
Data:  1601 : 6720
Data:  1601 : 6720
Data:  1601 : 6720
Data:  1601 : 6720
Data:  1601 : 6721
Data:  1601 : 6721
Data:  1601 : 6721
Data:  1601 : 6721
Data:  1601 : 6721
Data:  1601 : 6721
Data:  1601 : 6722
Data:  1601 : 6722
Data:  1601 : 6722
Data:  1601 : 6722
Data:  1601 : 6722
Data:  1601 : 6722
Data:  1601 : 6723
Data:  1601 : 6723
Data:  1601 : 6723
Data:  1601 : 6723
Data:  1601 : 6723
Data:  1601 : 6723
Data:  1601 : 6724
Data:  1601 : 6724
Data:  1601 : 6724
Data:  1601 : 6724
Data:  1601 : 6724
Data:  1601 : 6724
Data:  1601 : 6725
Data:  1601 : 6725
Data:  1601 : 6725
Data:  1601 : 6725
Data:  1601 : 6725
Data:  1601 : 6725
Data:  1601 : 6726
Data:  1601 : 6726
Data:  1601 : 6726
Data:  1601 : 6726
Data:  1601 : 6726
Data:  1601 : 6726
Data:  1601 : 6727
Data:  1601 : 6727
Data:  1601 : 6727
Data:  1601 : 6727
Data:  1601 : 6727
Data:  1601 : 6727
Data:  1601 : 6728
Data:  1601 : 6728
Data:  1601 : 6728
Data:  1601 : 6728
Data:  1601 : 6728
Data:  1601 : 6728
Data:  1601 : 6729
Data:  1601 : 6729
Data:  1601 : 6729
Data:  1601 : 6729
Data:  1601 : 6729
Data:  1601 : 6729
Data:  1601 : 6730
Data:  1601 : 6730
Data:  1601 : 6730
Data:  1601 : 6730
Data:  1601 : 6730
Data:  1601 : 6730
Data:  1601 : 6731
Data:  1601 : 6731
Data:  1601 : 6731
Data:  1601 : 6731
Data:  1601 : 6731
Data:  1601 : 6731
Data:  1601 : 6732
Data:  1601 : 6732
Data:  1601 : 6732
Data:  1601 : 6732
Data:  1601 : 6732
Data:  1601 : 6732
Data:  1601 : 6733
Data:  1601 : 6733
Data:  1601 : 6733
Data:  1601 : 6733
Data:  1601 : 6733
Data:  1601 : 6733
Data:  1601 : 6734
Data:  1601 : 6734
Data:  1601 : 6734
Data:  1601 : 6734
Data:  1601 : 6734
Data:  1601 : 6734
Data:  1601 : 6735
Data:  1601 : 6735
Data:  1601 : 6735
Data:  1601 : 6735
Data:  1601 : 6735
Data:  1601 : 6735
Data:  1601 : 6736
Data:  1601 : 6736
Data:  1601 : 6736
Data:  1601 : 6736
Data:  1601 : 6736
Data:  1601 : 6736
Data:  1601 : 6737
Data:  1601 : 6737
Data:  1601 : 6737
Data:  1601 : 6737
Data:  1601 : 6737
Data:  1601 : 6737
Data:  1601 : 6738
Data:  1601 : 6738
Data:  1601 : 6738
Data:  1601 : 6738
Data:  1601 : 6738
Data:  1601 : 6738
Data:  1601 : 6739
Data:  1601 : 6739
Data:  1601 : 6739
Data:  1601 : 6739
Data:  1601 : 6739
Data:  1601 : 6739
Data:  1602 : 14
Data:  1602 : 14
Data:  1602 : 14
Data:  1602 : 14
Data:  1602 : 6749
Data:  1602 : 6749
Data:  1602 : 6749
Data:  1602 : 6749
Data:  1602 : 6750
Data:  1602 : 6750
Data:  1602 : 6750
Data:  1602 : 6750
Data:  1602 : 6751
Data:  1602 : 6751
Data:  1602 : 6751
Data:  1602 : 6751
Data:  1602 : 6752
Data:  1602 : 6752
Data:  1602 : 6752
Data:  1602 : 6752
Data:  1602 : 6753
Data:  1602 : 6753
Data:  1602 : 6753
Data:  1602 : 6753
Data:  1701 : 270
Data:  1701 : 270
Data:  1701 : 270
Data:  1701 : 270
Data:  1701 : 270
Data:  1701 : 270
Data:  1701 : 4569
Data:  1701 : 4569
Data:  1701 : 4569
Data:  1701 : 4569
Data:  1701 : 4569
Data:  1701 : 4569
Data:  1701 : 4570
Data:  1701 : 4570
Data:  1701 : 4570
Data:  1701 : 4570
Data:  1701 : 4570
Data:  1701 : 4570
Data:  1701 : 4571
Data:  1701 : 4571
Data:  1701 : 4571
Data:  1701 : 4571
Data:  1701 : 4571
Data:  1701 : 4571
Data:  1701 : 4572
Data:  1701 : 4572
Data:  1701 : 4572
Data:  1701 : 4572
Data:  1701 : 4572
Data:  1701 : 4572
Data:  1701 : 4573
Data:  1701 : 4573
Data:  1701 : 4573
Data:  1701 : 4573
Data:  1701 : 4573
Data:  1701 : 4573
Data:  1701 : 4574
Data:  1701 : 4574
Data:  1701 : 4574
Data:  1701 : 4574
Data:  1701 : 4574
Data:  1701 : 4574
Data:  1701 : 4575
Data:  1701 : 4575
Data:  1701 : 4575
Data:  1701 : 4575
Data:  1701 : 4575
Data:  1701 : 4575
Data:  1701 : 4576
Data:  1701 : 4576
Data:  1701 : 4576
Data:  1701 : 4576
Data:  1701 : 4576
Data:  1701 : 4576
Data:  1701 : 4577
Data:  1701 : 4577
Data:  1701 : 4577
Data:  1701 : 4577
Data:  1701 : 4577
Data:  1701 : 4577
Data:  1701 : 4578
Data:  1701 : 4578
Data:  1701 : 4578
Data:  1701 : 4578
Data:  1701 : 4578
Data:  1701 : 4578
Data:  1701 : 4579
Data:  1701 : 4579
Data:  1701 : 4579
Data:  1701 : 4579
Data:  1701 : 4579
Data:  1701 : 4579
Data:  1701 : 4580
Data:  1701 : 4580
Data:  1701 : 4580
Data:  1701 : 4580
Data:  1701 : 4580
Data:  1701 : 4580
Data:  1701 : 4581
Data:  1701 : 4581
Data:  1701 : 4581
Data:  1701 : 4581
Data:  1701 : 4581
Data:  1701 : 4581
Data:  1701 : 4582
Data:  1701 : 4582
Data:  1701 : 4582
Data:  1701 : 4582
Data:  1701 : 4582
Data:  1701 : 4582
Data:  1701 : 4583
Data:  1701 : 4583
Data:  1701 : 4583
Data:  1701 : 4583
Data:  1701 : 4583
Data:  1701 : 4583
Data:  1701 : 4584
Data:  1701 : 4584
Data:  1701 : 4584
Data:  1701 : 4584
Data:  1701 : 4584
Data:  1701 : 4584
Data:  1701 : 4585
Data:  1701 : 4585
Data:  1701 : 4585
Data:  1701 : 4585
Data:  1701 : 4585
Data:  1701 : 4585
Data:  1701 : 4586
Data:  1701 : 4586
Data:  1701 : 4586
Data:  1701 : 4586
Data:  1701 : 4586
Data:  1701 : 4586
Data:  1701 : 4587
Data:  1701 : 4587
Data:  1701 : 4587
Data:  1701 : 4587
Data:  1701 : 4587
Data:  1701 : 4587
Data:  1701 : 4588
Data:  1701 : 4588
Data:  1701 : 4588
Data:  1701 : 4588
Data:  1701 : 4588
Data:  1701 : 4588
Data:  1701 : 4589
Data:  1701 : 4589
Data:  1701 : 4589
Data:  1701 : 4589
Data:  1701 : 4589
Data:  1701 : 4589
Data:  1701 : 4590
Data:  1701 : 4590
Data:  1701 : 4590
Data:  1701 : 4590
Data:  1701 : 4590
Data:  1701 : 4590
Data:  1701 : 4591
Data:  1701 : 4591
Data:  1701 : 4591
Data:  1701 : 4591
Data:  1701 : 4591
Data:  1701 : 4591
Data:  1701 : 4592
Data:  1701 : 4592
Data:  1701 : 4592
Data:  1701 : 4592
Data:  1701 : 4592
Data:  1701 : 4592
Data:  1701 : 4593
Data:  1701 : 4593
Data:  1701 : 4593
Data:  1701 : 4593
Data:  1701 : 4593
Data:  1701 : 4593
Data:  1701 : 4594
Data:  1701 : 4594
Data:  1701 : 4594
Data:  1701 : 4594
Data:  1701 : 4594
Data:  1701 : 4594
Data:  1701 : 4595
Data:  1701 : 4595
Data:  1701 : 4595
Data:  1701 : 4595
Data:  1701 : 4595
Data:  1701 : 4595
Data:  1701 : 4596
Data:  1701 : 4596
Data:  1701 : 4596
Data:  1701 : 4596
Data:  1701 : 4596
Data:  1701 : 4596
Data:  1701 : 4597
Data:  1701 : 4597
Data:  1701 : 4597
Data:  1701 : 4597
Data:  1701 : 4597
Data:  1701 : 4597
Data:  1701 : 4598
Data:  1701 : 4598
Data:  1701 : 4598
Data:  1701 : 4598
Data:  1701 : 4598
Data:  1701 : 4598
Data:  1701 : 4599
Data:  1701 : 4599
Data:  1701 : 4599
Data:  1701 : 4599
Data:  1701 : 4599
Data:  1701 : 4599
Data:  1701 : 4600
Data:  1701 : 4600
Data:  1701 : 4600
Data:  1701 : 4600
Data:  1701 : 4600
Data:  1701 : 4600
Data:  1701 : 4601
Data:  1701 : 4601
Data:  1701 : 4601
Data:  1701 : 4601
Data:  1701 : 4601
Data:  1701 : 4601
Data:  1701 : 4602
Data:  1701 : 4602
Data:  1701 : 4602
Data:  1701 : 4602
Data:  1701 : 4602
Data:  1701 : 4602
Data:  1701 : 4603
Data:  1701 : 4603
Data:  1701 : 4603
Data:  1701 : 4603
Data:  1701 : 4603
Data:  1701 : 4603
Data:  1701 : 4604
Data:  1701 : 4604
Data:  1701 : 4604
Data:  1701 : 4604
Data:  1701 : 4604
Data:  1701 : 4604
Data:  1701 : 4605
Data:  1701 : 4605
Data:  1701 : 4605
Data:  1701 : 4605
Data:  1701 : 4605
Data:  1701 : 4605
Data:  1701 : 4606
Data:  1701 : 4606
Data:  1701 : 4606
Data:  1701 : 4606
Data:  1701 : 4606
Data:  1701 : 4606
Data:  1701 : 4607
Data:  1701 : 4607
Data:  1701 : 4607
Data:  1701 : 4607
Data:  1701 : 4607
Data:  1701 : 4607
Data:  1701 : 4608
Data:  1701 : 4608
Data:  1701 : 4608
Data:  1701 : 4608
Data:  1701 : 4608
Data:  1701 : 4608
Data:  1701 : 4609
Data:  1701 : 4609
Data:  1701 : 4609
Data:  1701 : 4609
Data:  1701 : 4609
Data:  1701 : 4609
Data:  1701 : 4610
Data:  1701 : 4610
Data:  1701 : 4610
Data:  1701 : 4610
Data:  1701 : 4610
Data:  1701 : 4610
Data:  1701 : 4611
Data:  1701 : 4611
Data:  1701 : 4611
Data:  1701 : 4611
Data:  1701 : 4611
Data:  1701 : 4611
Data:  1701 : 4612
Data:  1701 : 4612
Data:  1701 : 4612
Data:  1701 : 4612
Data:  1701 : 4612
Data:  1701 : 4612
Data:  1702 : 50
Data:  1702 : 50
Data:  1702 : 50
Data:  1702 : 50
Data:  1702 : 50
Data:  1702 : 4548
Data:  1702 : 4548
Data:  1702 : 4548
Data:  1702 : 4548
Data:  1702 : 4548
Data:  1702 : 4549
Data:  1702 : 4549
Data:  1702 : 4549
Data:  1702 : 4549
Data:  1702 : 4549
Data:  1702 : 4550
Data:  1702 : 4550
Data:  1702 : 4550
Data:  1702 : 4550
Data:  1702 : 4550
Empty:  1703 : 425
Data:  1703 : 425
Data:  1703 : 425
Empty:  1703 : 4551
Data:  1703 : 4551
Data:  1703 : 4551
Empty:  1703 : 4552
Data:  1703 : 4552
Data:  1703 : 4552
Empty:  1704 : 44
Data:  1704 : 44
Empty:  1704 : 4553
Data:  1704 : 4553
Empty:  1704 : 4554
Data:  1704 : 4554
Empty:  1704 : 4555
Data:  1704 : 4555
Empty:  1704 : 4556
Data:  1704 : 4556
Empty:  1704 : 4557
Data:  1704 : 4557
Data:  1705 : 45
Data:  1705 : 45
Data:  1705 : 45
Data:  1705 : 45
Data:  1705 : 45
Data:  1705 : 4558
Data:  1705 : 4558
Data:  1705 : 4558
Data:  1705 : 4558
Data:  1705 : 4558
Data:  1705 : 4559
Data:  1705 : 4559
Data:  1705 : 4559
Data:  1705 : 4559
Data:  1705 : 4559
Data:  1705 : 4560
Data:  1705 : 4560
Data:  1705 : 4560
Data:  1705 : 4560
Data:  1705 : 4560
Data:  1705 : 4561
Data:  1705 : 4561
Data:  1705 : 4561
Data:  1705 : 4561
Data:  1705 : 4561
Data:  1705 : 4562
Data:  1705 : 4562
Data:  1705 : 4562
Data:  1705 : 4562
Data:  1705 : 4562
Data:  1706 : 387
Data:  1706 : 387
Data:  1706 : 387
Data:  1706 : 387
Data:  1706 : 387
Data:  1706 : 387
Data:  1706 : 4613
Data:  1706 : 4613
Data:  1706 : 4613
Data:  1706 : 4613
Data:  1706 : 4613
Data:  1706 : 4613
Data:  1706 : 4614
Data:  1706 : 4614
Data:  1706 : 4614
Data:  1706 : 4614
Data:  1706 : 4614
Data:  1706 : 4614
Data:  1706 : 4615
Data:  1706 : 4615
Data:  1706 : 4615
Data:  1706 : 4615
Data:  1706 : 4615
Data:  1706 : 4615
Data:  1706 : 4616
Data:  1706 : 4616
Data:  1706 : 4616
Data:  1706 : 4616
Data:  1706 : 4616
Data:  1706 : 4616
Data:  1706 : 4617
Data:  1706 : 4617
Data:  1706 : 4617
Data:  1706 : 4617
Data:  1706 : 4617
Data:  1706 : 4617
Data:  1706 : 4618
Data:  1706 : 4618
Data:  1706 : 4618
Data:  1706 : 4618
Data:  1706 : 4618
Data:  1706 : 4618
Data:  1706 : 4619
Data:  1706 : 4619
Data:  1706 : 4619
Data:  1706 : 4619
Data:  1706 : 4619
Data:  1706 : 4619
Data:  1706 : 4620
Data:  1706 : 4620
Data:  1706 : 4620
Data:  1706 : 4620
Data:  1706 : 4620
Data:  1706 : 4620
Data:  1706 : 4621
Data:  1706 : 4621
Data:  1706 : 4621
Data:  1706 : 4621
Data:  1706 : 4621
Data:  1706 : 4621
Data:  1706 : 4622
Data:  1706 : 4622
Data:  1706 : 4622
Data:  1706 : 4622
Data:  1706 : 4622
Data:  1706 : 4622
Data:  1706 : 4623
Data:  1706 : 4623
Data:  1706 : 4623
Data:  1706 : 4623
Data:  1706 : 4623
Data:  1706 : 4623
Data:  1706 : 4624
Data:  1706 : 4624
Data:  1706 : 4624
Data:  1706 : 4624
Data:  1706 : 4624
Data:  1706 : 4624
Data:  1706 : 4625
Data:  1706 : 4625
Data:  1706 : 4625
Data:  1706 : 4625
Data:  1706 : 4625
Data:  1706 : 4625
Data:  1706 : 4626
Data:  1706 : 4626
Data:  1706 : 4626
Data:  1706 : 4626
Data:  1706 : 4626
Data:  1706 : 4626
Data:  1707 : 49
Data:  1707 : 49
Data:  1707 : 49
Data:  1707 : 49
Data:  1707 : 49
Data:  1707 : 49
Data:  1707 : 4500
Data:  1707 : 4500
Data:  1707 : 4500
Data:  1707 : 4500
Data:  1707 : 4500
Data:  1707 : 4500
Empty:  1708 : 424
Data:  1708 : 424
Empty:  1708 : 4501
Data:  1708 : 4501
Data:  1709 : 46
Data:  1709 : 46
Data:  1709 : 46
Data:  1709 : 46
Data:  1709 : 46
Data:  1709 : 46
Data:  1709 : 4544
Data:  1709 : 4544
Data:  1709 : 4544
Data:  1709 : 4544
Data:  1709 : 4544
Data:  1709 : 4544
Data:  1709 : 4545
Data:  1709 : 4545
Data:  1709 : 4545
Data:  1709 : 4545
Data:  1709 : 4545
Data:  1709 : 4545
Data:  1709 : 4546
Data:  1709 : 4546
Data:  1709 : 4546
Data:  1709 : 4546
Data:  1709 : 4546
Data:  1709 : 4546
Data:  1709 : 4547
Data:  1709 : 4547
Data:  1709 : 4547
Data:  1709 : 4547
Data:  1709 : 4547
Data:  1709 : 4547
Data:  1711 : 351
Data:  1711 : 351
Data:  1711 : 351
Data:  1711 : 351
Data:  1711 : 351
Data:  1711 : 351
Data:  1711 : 4498
Data:  1711 : 4498
Data:  1711 : 4498
Data:  1711 : 4498
Data:  1711 : 4498
Data:  1711 : 4498
Data:  1712 : 48
Data:  1712 : 48
Data:  1712 : 48
Data:  1712 : 48
Data:  1712 : 48
Data:  1712 : 4499
Data:  1712 : 4499
Data:  1712 : 4499
Data:  1712 : 4499
Data:  1712 : 4499
Empty:  1716 : 491
Data:  1716 : 491
Data:  1716 : 491
Data:  1716 : 491
Empty:  1716 : 4478
Data:  1716 : 4478
Data:  1716 : 4478
Data:  1716 : 4478
Empty:  1716 : 4479
Data:  1716 : 4479
Data:  1716 : 4479
Data:  1716 : 4479
Empty:  1717 : 493
Data:  1717 : 493
Data:  1717 : 493
Data:  1717 : 493
Empty:  1717 : 4484
Data:  1717 : 4484
Data:  1717 : 4484
Data:  1717 : 4484
Empty:  1717 : 4485
Data:  1717 : 4485
Data:  1717 : 4485
Data:  1717 : 4485
Empty:  1717 : 4486
Data:  1717 : 4486
Data:  1717 : 4486
Data:  1717 : 4486
Data:  1720 : 41
Data:  1720 : 41
Data:  1720 : 41
Data:  1720 : 41
Data:  1720 : 41
Data:  1720 : 41
Data:  1720 : 4526
Data:  1720 : 4526
Data:  1720 : 4526
Data:  1720 : 4526
Data:  1720 : 4526
Data:  1720 : 4526
Data:  1720 : 4527
Data:  1720 : 4527
Data:  1720 : 4527
Data:  1720 : 4527
Data:  1720 : 4527
Data:  1720 : 4527
Data:  1720 : 4528
Data:  1720 : 4528
Data:  1720 : 4528
Data:  1720 : 4528
Data:  1720 : 4528
Data:  1720 : 4528
Data:  1720 : 4529
Data:  1720 : 4529
Data:  1720 : 4529
Data:  1720 : 4529
Data:  1720 : 4529
Data:  1720 : 4529
Data:  1720 : 4530
Data:  1720 : 4530
Data:  1720 : 4530
Data:  1720 : 4530
Data:  1720 : 4530
Data:  1720 : 4530
Data:  1720 : 4531
Data:  1720 : 4531
Data:  1720 : 4531
Data:  1720 : 4531
Data:  1720 : 4531
Data:  1720 : 4531
Data:  1720 : 4532
Data:  1720 : 4532
Data:  1720 : 4532
Data:  1720 : 4532
Data:  1720 : 4532
Data:  1720 : 4532
Data:  1720 : 4533
Data:  1720 : 4533
Data:  1720 : 4533
Data:  1720 : 4533
Data:  1720 : 4533
Data:  1720 : 4533
Data:  1720 : 4534
Data:  1720 : 4534
Data:  1720 : 4534
Data:  1720 : 4534
Data:  1720 : 4534
Data:  1720 : 4534
Data:  1720 : 4535
Data:  1720 : 4535
Data:  1720 : 4535
Data:  1720 : 4535
Data:  1720 : 4535
Data:  1720 : 4535
Data:  1720 : 4536
Data:  1720 : 4536
Data:  1720 : 4536
Data:  1720 : 4536
Data:  1720 : 4536
Data:  1720 : 4536
Data:  1720 : 4537
Data:  1720 : 4537
Data:  1720 : 4537
Data:  1720 : 4537
Data:  1720 : 4537
Data:  1720 : 4537
Data:  1720 : 4538
Data:  1720 : 4538
Data:  1720 : 4538
Data:  1720 : 4538
Data:  1720 : 4538
Data:  1720 : 4538
Data:  1720 : 4539
Data:  1720 : 4539
Data:  1720 : 4539
Data:  1720 : 4539
Data:  1720 : 4539
Data:  1720 : 4539
Data:  1720 : 4540
Data:  1720 : 4540
Data:  1720 : 4540
Data:  1720 : 4540
Data:  1720 : 4540
Data:  1720 : 4540
Data:  1720 : 4541
Data:  1720 : 4541
Data:  1720 : 4541
Data:  1720 : 4541
Data:  1720 : 4541
Data:  1720 : 4541
Data:  1720 : 4542
Data:  1720 : 4542
Data:  1720 : 4542
Data:  1720 : 4542
Data:  1720 : 4542
Data:  1720 : 4542
Data:  1720 : 4543
Data:  1720 : 4543
Data:  1720 : 4543
Data:  1720 : 4543
Data:  1720 : 4543
Data:  1720 : 4543
Data:  1721 : 350
Data:  1721 : 350
Data:  1721 : 350
Data:  1721 : 350
Data:  1721 : 350
Data:  1721 : 4468
Data:  1721 : 4468
Data:  1721 : 4468
Data:  1721 : 4468
Data:  1721 : 4468
Data:  1721 : 4469
Data:  1721 : 4469
Data:  1721 : 4469
Data:  1721 : 4469
Data:  1721 : 4469
Data:  1721 : 4470
Data:  1721 : 4470
Data:  1721 : 4470
Data:  1721 : 4470
Data:  1721 : 4470
Data:  1721 : 4471
Data:  1721 : 4471
Data:  1721 : 4471
Data:  1721 : 4471
Data:  1721 : 4471
Data:  1721 : 4472
Data:  1721 : 4472
Data:  1721 : 4472
Data:  1721 : 4472
Data:  1721 : 4472
Data:  1721 : 4473
Data:  1721 : 4473
Data:  1721 : 4473
Data:  1721 : 4473
Data:  1721 : 4473
Data:  1721 : 4474
Data:  1721 : 4474
Data:  1721 : 4474
Data:  1721 : 4474
Data:  1721 : 4474
Data:  1721 : 4475
Data:  1721 : 4475
Data:  1721 : 4475
Data:  1721 : 4475
Data:  1721 : 4475
Data:  1721 : 4476
Data:  1721 : 4476
Data:  1721 : 4476
Data:  1721 : 4476
Data:  1721 : 4476
Data:  1721 : 4477
Data:  1721 : 4477
Data:  1721 : 4477
Data:  1721 : 4477
Data:  1721 : 4477
Data:  1722 : 43
Data:  1722 : 43
Data:  1722 : 43
Data:  1722 : 43
Data:  1722 : 43
Data:  1722 : 43
Data:  1722 : 4506
Data:  1722 : 4506
Data:  1722 : 4506
Data:  1722 : 4506
Data:  1722 : 4506
Data:  1722 : 4506
Data:  1722 : 4507
Data:  1722 : 4507
Data:  1722 : 4507
Data:  1722 : 4507
Data:  1722 : 4507
Data:  1722 : 4507
Data:  1722 : 4508
Data:  1722 : 4508
Data:  1722 : 4508
Data:  1722 : 4508
Data:  1722 : 4508
Data:  1722 : 4508
Data:  1722 : 4509
Data:  1722 : 4509
Data:  1722 : 4509
Data:  1722 : 4509
Data:  1722 : 4509
Data:  1722 : 4509
Data:  1722 : 4510
Data:  1722 : 4510
Data:  1722 : 4510
Data:  1722 : 4510
Data:  1722 : 4510
Data:  1722 : 4510
Data:  1722 : 4511
Data:  1722 : 4511
Data:  1722 : 4511
Data:  1722 : 4511
Data:  1722 : 4511
Data:  1722 : 4511
Data:  1722 : 4512
Data:  1722 : 4512
Data:  1722 : 4512
Data:  1722 : 4512
Data:  1722 : 4512
Data:  1722 : 4512
Data:  1722 : 4513
Data:  1722 : 4513
Data:  1722 : 4513
Data:  1722 : 4513
Data:  1722 : 4513
Data:  1722 : 4513
Data:  1722 : 4514
Data:  1722 : 4514
Data:  1722 : 4514
Data:  1722 : 4514
Data:  1722 : 4514
Data:  1722 : 4514
Data:  1722 : 4515
Data:  1722 : 4515
Data:  1722 : 4515
Data:  1722 : 4515
Data:  1722 : 4515
Data:  1722 : 4515
Data:  1722 : 4516
Data:  1722 : 4516
Data:  1722 : 4516
Data:  1722 : 4516
Data:  1722 : 4516
Data:  1722 : 4516
Data:  1722 : 4517
Data:  1722 : 4517
Data:  1722 : 4517
Data:  1722 : 4517
Data:  1722 : 4517
Data:  1722 : 4517
Data:  1722 : 4518
Data:  1722 : 4518
Data:  1722 : 4518
Data:  1722 : 4518
Data:  1722 : 4518
Data:  1722 : 4518
Data:  1722 : 4519
Data:  1722 : 4519
Data:  1722 : 4519
Data:  1722 : 4519
Data:  1722 : 4519
Data:  1722 : 4519
Data:  1722 : 4520
Data:  1722 : 4520
Data:  1722 : 4520
Data:  1722 : 4520
Data:  1722 : 4520
Data:  1722 : 4520
Data:  1722 : 4521
Data:  1722 : 4521
Data:  1722 : 4521
Data:  1722 : 4521
Data:  1722 : 4521
Data:  1722 : 4521
Data:  1722 : 4522
Data:  1722 : 4522
Data:  1722 : 4522
Data:  1722 : 4522
Data:  1722 : 4522
Data:  1722 : 4522
Empty:  1723 : 492
Data:  1723 : 492
Data:  1723 : 492
Data:  1723 : 492
Empty:  1723 : 4502
Data:  1723 : 4502
Data:  1723 : 4502
Data:  1723 : 4502
Empty:  1723 : 4503
Data:  1723 : 4503
Data:  1723 : 4503
Data:  1723 : 4503
Empty:  1723 : 4504
Data:  1723 : 4504
Data:  1723 : 4504
Data:  1723 : 4504
Empty:  1723 : 4505
Data:  1723 : 4505
Data:  1723 : 4505
Data:  1723 : 4505
Data:  1724 : 42
Data:  1724 : 42
Data:  1724 : 42
Data:  1724 : 42
Data:  1724 : 42
Data:  1724 : 42
Data:  1724 : 4563
Data:  1724 : 4563
Data:  1724 : 4563
Data:  1724 : 4563
Data:  1724 : 4563
Data:  1724 : 4563
Data:  1724 : 4564
Data:  1724 : 4564
Data:  1724 : 4564
Data:  1724 : 4564
Data:  1724 : 4564
Data:  1724 : 4564
Data:  1724 : 4565
Data:  1724 : 4565
Data:  1724 : 4565
Data:  1724 : 4565
Data:  1724 : 4565
Data:  1724 : 4565
Data:  1726 : 613
Data:  1726 : 613
Data:  1726 : 613
Data:  1726 : 613
Data:  1726 : 4463
Data:  1726 : 4463
Data:  1726 : 4463
Data:  1726 : 4463
Data:  1726 : 4464
Data:  1726 : 4464
Data:  1726 : 4464
Data:  1726 : 4464
Data:  1726 : 4465
Data:  1726 : 4465
Data:  1726 : 4465
Data:  1726 : 4465
Data:  1726 : 4466
Data:  1726 : 4466
Data:  1726 : 4466
Data:  1726 : 4466
Data:  1726 : 4467
Data:  1726 : 4467
Data:  1726 : 4467
Data:  1726 : 4467
Data:  1727 : 614
Data:  1727 : 614
Data:  1727 : 614
Data:  1727 : 614
Data:  1727 : 4461
Data:  1727 : 4461
Data:  1727 : 4461
Data:  1727 : 4461
Data:  1727 : 4462
Data:  1727 : 4462
Data:  1727 : 4462
Data:  1727 : 4462
Data:  1801 : 286
Data:  1801 : 286
Data:  1801 : 286
Data:  1801 : 286
Data:  1801 : 286
Data:  1801 : 286
Data:  1801 : 4934
Data:  1801 : 4934
Data:  1801 : 4934
Data:  1801 : 4934
Data:  1801 : 4934
Data:  1801 : 4934
Data:  1801 : 4935
Data:  1801 : 4935
Data:  1801 : 4935
Data:  1801 : 4935
Data:  1801 : 4935
Data:  1801 : 4935
Data:  1801 : 4936
Data:  1801 : 4936
Data:  1801 : 4936
Data:  1801 : 4936
Data:  1801 : 4936
Data:  1801 : 4936
Data:  1801 : 4937
Data:  1801 : 4937
Data:  1801 : 4937
Data:  1801 : 4937
Data:  1801 : 4937
Data:  1801 : 4937
Data:  1803 : 287
Data:  1803 : 287
Data:  1803 : 287
Data:  1803 : 287
Data:  1803 : 287
Data:  1803 : 287
Data:  1803 : 4879
Data:  1803 : 4879
Data:  1803 : 4879
Data:  1803 : 4879
Data:  1803 : 4879
Data:  1803 : 4879
Data:  1803 : 4880
Data:  1803 : 4880
Data:  1803 : 4880
Data:  1803 : 4880
Data:  1803 : 4880
Data:  1803 : 4880
Data:  1803 : 4881
Data:  1803 : 4881
Data:  1803 : 4881
Data:  1803 : 4881
Data:  1803 : 4881
Data:  1803 : 4881
Data:  1803 : 4882
Data:  1803 : 4882
Data:  1803 : 4882
Data:  1803 : 4882
Data:  1803 : 4882
Data:  1803 : 4882
Data:  1803 : 4883
Data:  1803 : 4883
Data:  1803 : 4883
Data:  1803 : 4883
Data:  1803 : 4883
Data:  1803 : 4883
Data:  1803 : 4884
Data:  1803 : 4884
Data:  1803 : 4884
Data:  1803 : 4884
Data:  1803 : 4884
Data:  1803 : 4884
Data:  1803 : 4885
Data:  1803 : 4885
Data:  1803 : 4885
Data:  1803 : 4885
Data:  1803 : 4885
Data:  1803 : 4885
Data:  1803 : 4886
Data:  1803 : 4886
Data:  1803 : 4886
Data:  1803 : 4886
Data:  1803 : 4886
Data:  1803 : 4886
Data:  1803 : 4887
Data:  1803 : 4887
Data:  1803 : 4887
Data:  1803 : 4887
Data:  1803 : 4887
Data:  1803 : 4887
Data:  1803 : 4888
Data:  1803 : 4888
Data:  1803 : 4888
Data:  1803 : 4888
Data:  1803 : 4888
Data:  1803 : 4888
Data:  1803 : 4889
Data:  1803 : 4889
Data:  1803 : 4889
Data:  1803 : 4889
Data:  1803 : 4889
Data:  1803 : 4889
Data:  1803 : 4890
Data:  1803 : 4890
Data:  1803 : 4890
Data:  1803 : 4890
Data:  1803 : 4890
Data:  1803 : 4890
Data:  1803 : 4891
Data:  1803 : 4891
Data:  1803 : 4891
Data:  1803 : 4891
Data:  1803 : 4891
Data:  1803 : 4891
Data:  1803 : 4892
Data:  1803 : 4892
Data:  1803 : 4892
Data:  1803 : 4892
Data:  1803 : 4892
Data:  1803 : 4892
Data:  1804 : 226
Data:  1804 : 226
Data:  1804 : 226
Data:  1804 : 226
Data:  1804 : 226
Data:  1804 : 226
Data:  1804 : 4627
Data:  1804 : 4627
Data:  1804 : 4627
Data:  1804 : 4627
Data:  1804 : 4627
Data:  1804 : 4627
Data:  1804 : 4628
Data:  1804 : 4628
Data:  1804 : 4628
Data:  1804 : 4628
Data:  1804 : 4628
Data:  1804 : 4628
Data:  1804 : 4629
Data:  1804 : 4629
Data:  1804 : 4629
Data:  1804 : 4629
Data:  1804 : 4629
Data:  1804 : 4629
Data:  1804 : 4630
Data:  1804 : 4630
Data:  1804 : 4630
Data:  1804 : 4630
Data:  1804 : 4630
Data:  1804 : 4630
Data:  1804 : 4631
Data:  1804 : 4631
Data:  1804 : 4631
Data:  1804 : 4631
Data:  1804 : 4631
Data:  1804 : 4631
Data:  1804 : 4632
Data:  1804 : 4632
Data:  1804 : 4632
Data:  1804 : 4632
Data:  1804 : 4632
Data:  1804 : 4632
Data:  1804 : 4633
Data:  1804 : 4633
Data:  1804 : 4633
Data:  1804 : 4633
Data:  1804 : 4633
Data:  1804 : 4633
Data:  1804 : 4634
Data:  1804 : 4634
Data:  1804 : 4634
Data:  1804 : 4634
Data:  1804 : 4634
Data:  1804 : 4634
Data:  1804 : 4635
Data:  1804 : 4635
Data:  1804 : 4635
Data:  1804 : 4635
Data:  1804 : 4635
Data:  1804 : 4635
Data:  1804 : 4636
Data:  1804 : 4636
Data:  1804 : 4636
Data:  1804 : 4636
Data:  1804 : 4636
Data:  1804 : 4636
Data:  1804 : 4637
Data:  1804 : 4637
Data:  1804 : 4637
Data:  1804 : 4637
Data:  1804 : 4637
Data:  1804 : 4637
Data:  1804 : 4638
Data:  1804 : 4638
Data:  1804 : 4638
Data:  1804 : 4638
Data:  1804 : 4638
Data:  1804 : 4638
Data:  1804 : 4639
Data:  1804 : 4639
Data:  1804 : 4639
Data:  1804 : 4639
Data:  1804 : 4639
Data:  1804 : 4639
Data:  1804 : 4640
Data:  1804 : 4640
Data:  1804 : 4640
Data:  1804 : 4640
Data:  1804 : 4640
Data:  1804 : 4640
Data:  1804 : 4641
Data:  1804 : 4641
Data:  1804 : 4641
Data:  1804 : 4641
Data:  1804 : 4641
Data:  1804 : 4641
Data:  1804 : 4642
Data:  1804 : 4642
Data:  1804 : 4642
Data:  1804 : 4642
Data:  1804 : 4642
Data:  1804 : 4642
Data:  1804 : 4643
Data:  1804 : 4643
Data:  1804 : 4643
Data:  1804 : 4643
Data:  1804 : 4643
Data:  1804 : 4643
Data:  1804 : 4644
Data:  1804 : 4644
Data:  1804 : 4644
Data:  1804 : 4644
Data:  1804 : 4644
Data:  1804 : 4644
Data:  1804 : 4645
Data:  1804 : 4645
Data:  1804 : 4645
Data:  1804 : 4645
Data:  1804 : 4645
Data:  1804 : 4645
Data:  1804 : 4646
Data:  1804 : 4646
Data:  1804 : 4646
Data:  1804 : 4646
Data:  1804 : 4646
Data:  1804 : 4646
Data:  1804 : 4647
Data:  1804 : 4647
Data:  1804 : 4647
Data:  1804 : 4647
Data:  1804 : 4647
Data:  1804 : 4647
Data:  1804 : 4648
Data:  1804 : 4648
Data:  1804 : 4648
Data:  1804 : 4648
Data:  1804 : 4648
Data:  1804 : 4648
Data:  1804 : 4649
Data:  1804 : 4649
Data:  1804 : 4649
Data:  1804 : 4649
Data:  1804 : 4649
Data:  1804 : 4649
Data:  1804 : 4650
Data:  1804 : 4650
Data:  1804 : 4650
Data:  1804 : 4650
Data:  1804 : 4650
Data:  1804 : 4650
Data:  1804 : 4651
Data:  1804 : 4651
Data:  1804 : 4651
Data:  1804 : 4651
Data:  1804 : 4651
Data:  1804 : 4651
Data:  1804 : 4652
Data:  1804 : 4652
Data:  1804 : 4652
Data:  1804 : 4652
Data:  1804 : 4652
Data:  1804 : 4652
Data:  1804 : 4653
Data:  1804 : 4653
Data:  1804 : 4653
Data:  1804 : 4653
Data:  1804 : 4653
Data:  1804 : 4653
Data:  1804 : 4654
Data:  1804 : 4654
Data:  1804 : 4654
Data:  1804 : 4654
Data:  1804 : 4654
Data:  1804 : 4654
Data:  1804 : 4655
Data:  1804 : 4655
Data:  1804 : 4655
Data:  1804 : 4655
Data:  1804 : 4655
Data:  1804 : 4655
Data:  1804 : 4656
Data:  1804 : 4656
Data:  1804 : 4656
Data:  1804 : 4656
Data:  1804 : 4656
Data:  1804 : 4656
Data:  1804 : 4657
Data:  1804 : 4657
Data:  1804 : 4657
Data:  1804 : 4657
Data:  1804 : 4657
Data:  1804 : 4657
Data:  1804 : 4658
Data:  1804 : 4658
Data:  1804 : 4658
Data:  1804 : 4658
Data:  1804 : 4658
Data:  1804 : 4658
Data:  1804 : 4659
Data:  1804 : 4659
Data:  1804 : 4659
Data:  1804 : 4659
Data:  1804 : 4659
Data:  1804 : 4659
Data:  1804 : 4660
Data:  1804 : 4660
Data:  1804 : 4660
Data:  1804 : 4660
Data:  1804 : 4660
Data:  1804 : 4660
Data:  1805 : 401
Data:  1805 : 401
Data:  1805 : 401
Data:  1805 : 401
Data:  1805 : 401
Data:  1805 : 5482
Data:  1805 : 5482
Data:  1805 : 5482
Data:  1805 : 5482
Data:  1805 : 5482
Data:  1805 : 5483
Data:  1805 : 5483
Data:  1805 : 5483
Data:  1805 : 5483
Data:  1805 : 5483
Data:  1805 : 5484
Data:  1805 : 5484
Data:  1805 : 5484
Data:  1805 : 5484
Data:  1805 : 5484
Data:  1805 : 5485
Data:  1805 : 5485
Data:  1805 : 5485
Data:  1805 : 5485
Data:  1805 : 5485
Data:  1805 : 5486
Data:  1805 : 5486
Data:  1805 : 5486
Data:  1805 : 5486
Data:  1805 : 5486
Data:  1805 : 5487
Data:  1805 : 5487
Data:  1805 : 5487
Data:  1805 : 5487
Data:  1805 : 5487
Data:  1805 : 5488
Data:  1805 : 5488
Data:  1805 : 5488
Data:  1805 : 5488
Data:  1805 : 5488
Data:  1805 : 5489
Data:  1805 : 5489
Data:  1805 : 5489
Data:  1805 : 5489
Data:  1805 : 5489
Data:  1805 : 5490
Data:  1805 : 5490
Data:  1805 : 5490
Data:  1805 : 5490
Data:  1805 : 5490
Data:  1805 : 5491
Data:  1805 : 5491
Data:  1805 : 5491
Data:  1805 : 5491
Data:  1805 : 5491
Data:  1805 : 5492
Data:  1805 : 5492
Data:  1805 : 5492
Data:  1805 : 5492
Data:  1805 : 5492
Data:  1808 : 290
Data:  1808 : 290
Data:  1808 : 290
Data:  1808 : 290
Data:  1808 : 290
Data:  1808 : 290
Data:  1808 : 4788
Data:  1808 : 4788
Data:  1808 : 4788
Data:  1808 : 4788
Data:  1808 : 4788
Data:  1808 : 4788
Data:  1808 : 4789
Data:  1808 : 4789
Data:  1808 : 4789
Data:  1808 : 4789
Data:  1808 : 4789
Data:  1808 : 4789
Data:  1808 : 4790
Data:  1808 : 4790
Data:  1808 : 4790
Data:  1808 : 4790
Data:  1808 : 4790
Data:  1808 : 4790
Data:  1808 : 4791
Data:  1808 : 4791
Data:  1808 : 4791
Data:  1808 : 4791
Data:  1808 : 4791
Data:  1808 : 4791
Data:  1808 : 4792
Data:  1808 : 4792
Data:  1808 : 4792
Data:  1808 : 4792
Data:  1808 : 4792
Data:  1808 : 4792
Data:  1808 : 4793
Data:  1808 : 4793
Data:  1808 : 4793
Data:  1808 : 4793
Data:  1808 : 4793
Data:  1808 : 4793
Data:  1808 : 4794
Data:  1808 : 4794
Data:  1808 : 4794
Data:  1808 : 4794
Data:  1808 : 4794
Data:  1808 : 4794
Data:  1808 : 4795
Data:  1808 : 4795
Data:  1808 : 4795
Data:  1808 : 4795
Data:  1808 : 4795
Data:  1808 : 4795
Data:  1808 : 4796
Data:  1808 : 4796
Data:  1808 : 4796
Data:  1808 : 4796
Data:  1808 : 4796
Data:  1808 : 4796
Data:  1808 : 4797
Data:  1808 : 4797
Data:  1808 : 4797
Data:  1808 : 4797
Data:  1808 : 4797
Data:  1808 : 4797
Data:  1808 : 4798
Data:  1808 : 4798
Data:  1808 : 4798
Data:  1808 : 4798
Data:  1808 : 4798
Data:  1808 : 4798
Data:  1808 : 4799
Data:  1808 : 4799
Data:  1808 : 4799
Data:  1808 : 4799
Data:  1808 : 4799
Data:  1808 : 4799
Data:  1808 : 4800
Data:  1808 : 4800
Data:  1808 : 4800
Data:  1808 : 4800
Data:  1808 : 4800
Data:  1808 : 4800
Data:  1808 : 4801
Data:  1808 : 4801
Data:  1808 : 4801
Data:  1808 : 4801
Data:  1808 : 4801
Data:  1808 : 4801
Data:  1808 : 4802
Data:  1808 : 4802
Data:  1808 : 4802
Data:  1808 : 4802
Data:  1808 : 4802
Data:  1808 : 4802
Data:  1808 : 4803
Data:  1808 : 4803
Data:  1808 : 4803
Data:  1808 : 4803
Data:  1808 : 4803
Data:  1808 : 4803
Data:  1808 : 4804
Data:  1808 : 4804
Data:  1808 : 4804
Data:  1808 : 4804
Data:  1808 : 4804
Data:  1808 : 4804
Data:  1808 : 4805
Data:  1808 : 4805
Data:  1808 : 4805
Data:  1808 : 4805
Data:  1808 : 4805
Data:  1808 : 4805
Data:  1810 : 271
Data:  1810 : 271
Data:  1810 : 271
Data:  1810 : 271
Data:  1810 : 271
Data:  1810 : 271
Data:  1810 : 4766
Data:  1810 : 4766
Data:  1810 : 4766
Data:  1810 : 4766
Data:  1810 : 4766
Data:  1810 : 4766
Data:  1810 : 4767
Data:  1810 : 4767
Data:  1810 : 4767
Data:  1810 : 4767
Data:  1810 : 4767
Data:  1810 : 4767
Data:  1810 : 4768
Data:  1810 : 4768
Data:  1810 : 4768
Data:  1810 : 4768
Data:  1810 : 4768
Data:  1810 : 4768
Data:  1810 : 4769
Data:  1810 : 4769
Data:  1810 : 4769
Data:  1810 : 4769
Data:  1810 : 4769
Data:  1810 : 4769
Data:  1810 : 4770
Data:  1810 : 4770
Data:  1810 : 4770
Data:  1810 : 4770
Data:  1810 : 4770
Data:  1810 : 4770
Data:  1810 : 4771
Data:  1810 : 4771
Data:  1810 : 4771
Data:  1810 : 4771
Data:  1810 : 4771
Data:  1810 : 4771
Data:  1810 : 4772
Data:  1810 : 4772
Data:  1810 : 4772
Data:  1810 : 4772
Data:  1810 : 4772
Data:  1810 : 4772
Data:  1810 : 4773
Data:  1810 : 4773
Data:  1810 : 4773
Data:  1810 : 4773
Data:  1810 : 4773
Data:  1810 : 4773
Data:  1810 : 4774
Data:  1810 : 4774
Data:  1810 : 4774
Data:  1810 : 4774
Data:  1810 : 4774
Data:  1810 : 4774
Data:  1810 : 4775
Data:  1810 : 4775
Data:  1810 : 4775
Data:  1810 : 4775
Data:  1810 : 4775
Data:  1810 : 4775
Data:  1810 : 4776
Data:  1810 : 4776
Data:  1810 : 4776
Data:  1810 : 4776
Data:  1810 : 4776
Data:  1810 : 4776
Data:  1810 : 4777
Data:  1810 : 4777
Data:  1810 : 4777
Data:  1810 : 4777
Data:  1810 : 4777
Data:  1810 : 4777
Data:  1811 : 272
Data:  1811 : 272
Data:  1811 : 272
Data:  1811 : 272
Data:  1811 : 272
Data:  1811 : 272
Data:  1811 : 4778
Data:  1811 : 4778
Data:  1811 : 4778
Data:  1811 : 4778
Data:  1811 : 4778
Data:  1811 : 4778
Data:  1811 : 4779
Data:  1811 : 4779
Data:  1811 : 4779
Data:  1811 : 4779
Data:  1811 : 4779
Data:  1811 : 4779
Data:  1811 : 4780
Data:  1811 : 4780
Data:  1811 : 4780
Data:  1811 : 4780
Data:  1811 : 4780
Data:  1811 : 4780
Data:  1811 : 4781
Data:  1811 : 4781
Data:  1811 : 4781
Data:  1811 : 4781
Data:  1811 : 4781
Data:  1811 : 4781
Data:  1812 : 263
Data:  1812 : 263
Data:  1812 : 263
Data:  1812 : 263
Data:  1812 : 4869
Data:  1812 : 4869
Data:  1812 : 4869
Data:  1812 : 4869
Data:  1812 : 4870
Data:  1812 : 4870
Data:  1812 : 4870
Data:  1812 : 4870
Data:  1812 : 4871
Data:  1812 : 4871
Data:  1812 : 4871
Data:  1812 : 4871
Data:  1812 : 4872
Data:  1812 : 4872
Data:  1812 : 4872
Data:  1812 : 4872
Data:  1813 : 281
Data:  1813 : 281
Data:  1813 : 281
Data:  1813 : 281
Data:  1813 : 4740
Data:  1813 : 4740
Data:  1813 : 4740
Data:  1813 : 4740
Data:  1813 : 4741
Data:  1813 : 4741
Data:  1813 : 4741
Data:  1813 : 4741
Data:  1813 : 4742
Data:  1813 : 4742
Data:  1813 : 4742
Data:  1813 : 4742
Data:  1813 : 4743
Data:  1813 : 4743
Data:  1813 : 4743
Data:  1813 : 4743
Data:  1814 : 280
Data:  1814 : 280
Data:  1814 : 280
Data:  1814 : 280
Data:  1814 : 4736
Data:  1814 : 4736
Data:  1814 : 4736
Data:  1814 : 4736
Data:  1814 : 4737
Data:  1814 : 4737
Data:  1814 : 4737
Data:  1814 : 4737
Data:  1814 : 4738
Data:  1814 : 4738
Data:  1814 : 4738
Data:  1814 : 4738
Data:  1814 : 4739
Data:  1814 : 4739
Data:  1814 : 4739
Data:  1814 : 4739
Data:  1815 : 275
Data:  1815 : 275
Data:  1815 : 275
Data:  1815 : 4711
Data:  1815 : 4711
Data:  1815 : 4711
Data:  1815 : 4712
Data:  1815 : 4712
Data:  1815 : 4712
Data:  1815 : 4713
Data:  1815 : 4713
Data:  1815 : 4713
Data:  1815 : 4714
Data:  1815 : 4714
Data:  1815 : 4714
Data:  1816 : 264
Data:  1816 : 264
Data:  1816 : 264
Data:  1816 : 264
Data:  1816 : 4707
Data:  1816 : 4707
Data:  1816 : 4707
Data:  1816 : 4707
Data:  1816 : 4708
Data:  1816 : 4708
Data:  1816 : 4708
Data:  1816 : 4708
Data:  1816 : 4709
Data:  1816 : 4709
Data:  1816 : 4709
Data:  1816 : 4709
Data:  1816 : 4710
Data:  1816 : 4710
Data:  1816 : 4710
Data:  1816 : 4710
Data:  1817 : 265
Data:  1817 : 265
Data:  1817 : 265
Data:  1817 : 265
Data:  1817 : 265
Data:  1817 : 4661
Data:  1817 : 4661
Data:  1817 : 4661
Data:  1817 : 4661
Data:  1817 : 4661
Data:  1817 : 4662
Data:  1817 : 4662
Data:  1817 : 4662
Data:  1817 : 4662
Data:  1817 : 4662
Data:  1817 : 4663
Data:  1817 : 4663
Data:  1817 : 4663
Data:  1817 : 4663
Data:  1817 : 4663
Data:  1817 : 4664
Data:  1817 : 4664
Data:  1817 : 4664
Data:  1817 : 4664
Data:  1817 : 4664
Data:  1818 : 262
Data:  1818 : 262
Data:  1818 : 262
Data:  1818 : 262
Data:  1818 : 262
Data:  1818 : 262
Data:  1818 : 4865
Data:  1818 : 4865
Data:  1818 : 4865
Data:  1818 : 4865
Data:  1818 : 4865
Data:  1818 : 4865
Data:  1818 : 4866
Data:  1818 : 4866
Data:  1818 : 4866
Data:  1818 : 4866
Data:  1818 : 4866
Data:  1818 : 4866
Data:  1818 : 4867
Data:  1818 : 4867
Data:  1818 : 4867
Data:  1818 : 4867
Data:  1818 : 4867
Data:  1818 : 4867
Data:  1818 : 4868
Data:  1818 : 4868
Data:  1818 : 4868
Data:  1818 : 4868
Data:  1818 : 4868
Data:  1818 : 4868
Data:  1819 : 261
Data:  1819 : 261
Data:  1819 : 261
Data:  1819 : 261
Data:  1819 : 261
Data:  1819 : 261
Data:  1819 : 4744
Data:  1819 : 4744
Data:  1819 : 4744
Data:  1819 : 4744
Data:  1819 : 4744
Data:  1819 : 4744
Data:  1819 : 4745
Data:  1819 : 4745
Data:  1819 : 4745
Data:  1819 : 4745
Data:  1819 : 4745
Data:  1819 : 4745
Data:  1819 : 4746
Data:  1819 : 4746
Data:  1819 : 4746
Data:  1819 : 4746
Data:  1819 : 4746
Data:  1819 : 4746
Data:  1819 : 4747
Data:  1819 : 4747
Data:  1819 : 4747
Data:  1819 : 4747
Data:  1819 : 4747
Data:  1819 : 4747
Data:  1820 : 279
Data:  1820 : 279
Data:  1820 : 279
Data:  1820 : 279
Data:  1820 : 279
Data:  1820 : 279
Data:  1820 : 4732
Data:  1820 : 4732
Data:  1820 : 4732
Data:  1820 : 4732
Data:  1820 : 4732
Data:  1820 : 4732
Data:  1820 : 4733
Data:  1820 : 4733
Data:  1820 : 4733
Data:  1820 : 4733
Data:  1820 : 4733
Data:  1820 : 4733
Data:  1820 : 4734
Data:  1820 : 4734
Data:  1820 : 4734
Data:  1820 : 4734
Data:  1820 : 4734
Data:  1820 : 4734
Data:  1820 : 4735
Data:  1820 : 4735
Data:  1820 : 4735
Data:  1820 : 4735
Data:  1820 : 4735
Data:  1820 : 4735
Data:  1821 : 274
Data:  1821 : 274
Data:  1821 : 274
Data:  1821 : 274
Data:  1821 : 274
Data:  1821 : 274
Data:  1821 : 4715
Data:  1821 : 4715
Data:  1821 : 4715
Data:  1821 : 4715
Data:  1821 : 4715
Data:  1821 : 4715
Data:  1821 : 4716
Data:  1821 : 4716
Data:  1821 : 4716
Data:  1821 : 4716
Data:  1821 : 4716
Data:  1821 : 4716
Data:  1821 : 4717
Data:  1821 : 4717
Data:  1821 : 4717
Data:  1821 : 4717
Data:  1821 : 4717
Data:  1821 : 4717
Data:  1821 : 4718
Data:  1821 : 4718
Data:  1821 : 4718
Data:  1821 : 4718
Data:  1821 : 4718
Data:  1821 : 4718
Data:  1822 : 269
Data:  1822 : 269
Data:  1822 : 269
Data:  1822 : 269
Data:  1822 : 269
Data:  1822 : 269
Data:  1822 : 4702
Data:  1822 : 4702
Data:  1822 : 4702
Data:  1822 : 4702
Data:  1822 : 4702
Data:  1822 : 4702
Data:  1822 : 4703
Data:  1822 : 4703
Data:  1822 : 4703
Data:  1822 : 4703
Data:  1822 : 4703
Data:  1822 : 4703
Data:  1822 : 4704
Data:  1822 : 4704
Data:  1822 : 4704
Data:  1822 : 4704
Data:  1822 : 4704
Data:  1822 : 4704
Data:  1822 : 4705
Data:  1822 : 4705
Data:  1822 : 4705
Data:  1822 : 4705
Data:  1822 : 4705
Data:  1822 : 4705
Data:  1822 : 4706
Data:  1822 : 4706
Data:  1822 : 4706
Data:  1822 : 4706
Data:  1822 : 4706
Data:  1822 : 4706
Data:  1823 : 266
Data:  1823 : 266
Data:  1823 : 266
Data:  1823 : 266
Data:  1823 : 266
Data:  1823 : 4665
Data:  1823 : 4665
Data:  1823 : 4665
Data:  1823 : 4665
Data:  1823 : 4665
Data:  1823 : 4666
Data:  1823 : 4666
Data:  1823 : 4666
Data:  1823 : 4666
Data:  1823 : 4666
Data:  1823 : 4667
Data:  1823 : 4667
Data:  1823 : 4667
Data:  1823 : 4667
Data:  1823 : 4667
Data:  1823 : 4668
Data:  1823 : 4668
Data:  1823 : 4668
Data:  1823 : 4668
Data:  1823 : 4668
Data:  1823 : 4669
Data:  1823 : 4669
Data:  1823 : 4669
Data:  1823 : 4669
Data:  1823 : 4669
Data:  1824 : 385
Data:  1824 : 385
Data:  1824 : 385
Data:  1824 : 385
Data:  1824 : 385
Data:  1824 : 385
Data:  1824 : 385
Data:  1824 : 4863
Data:  1824 : 4863
Data:  1824 : 4863
Data:  1824 : 4863
Data:  1824 : 4863
Data:  1824 : 4863
Data:  1824 : 4863
Data:  1824 : 4864
Data:  1824 : 4864
Data:  1824 : 4864
Data:  1824 : 4864
Data:  1824 : 4864
Data:  1824 : 4864
Data:  1824 : 4864
Data:  1825 : 278
Data:  1825 : 278
Data:  1825 : 278
Data:  1825 : 278
Data:  1825 : 278
Data:  1825 : 278
Data:  1825 : 4748
Data:  1825 : 4748
Data:  1825 : 4748
Data:  1825 : 4748
Data:  1825 : 4748
Data:  1825 : 4748
Data:  1825 : 4749
Data:  1825 : 4749
Data:  1825 : 4749
Data:  1825 : 4749
Data:  1825 : 4749
Data:  1825 : 4749
Data:  1825 : 4750
Data:  1825 : 4750
Data:  1825 : 4750
Data:  1825 : 4750
Data:  1825 : 4750
Data:  1825 : 4750
Data:  1826 : 277
Data:  1826 : 277
Data:  1826 : 277
Data:  1826 : 277
Data:  1826 : 277
Data:  1826 : 4729
Data:  1826 : 4729
Data:  1826 : 4729
Data:  1826 : 4729
Data:  1826 : 4729
Data:  1826 : 4730
Data:  1826 : 4730
Data:  1826 : 4730
Data:  1826 : 4730
Data:  1826 : 4730
Data:  1826 : 4731
Data:  1826 : 4731
Data:  1826 : 4731
Data:  1826 : 4731
Data:  1826 : 4731
Data:  1827 : 276
Data:  1827 : 276
Data:  1827 : 276
Data:  1827 : 276
Data:  1827 : 276
Data:  1827 : 4719
Data:  1827 : 4719
Data:  1827 : 4719
Data:  1827 : 4719
Data:  1827 : 4719
Data:  1827 : 4720
Data:  1827 : 4720
Data:  1827 : 4720
Data:  1827 : 4720
Data:  1827 : 4720
Data:  1827 : 4721
Data:  1827 : 4721
Data:  1827 : 4721
Data:  1827 : 4721
Data:  1827 : 4721
Data:  1828 : 268
Data:  1828 : 268
Data:  1828 : 268
Data:  1828 : 268
Data:  1828 : 268
Data:  1828 : 4699
Data:  1828 : 4699
Data:  1828 : 4699
Data:  1828 : 4699
Data:  1828 : 4699
Data:  1828 : 4700
Data:  1828 : 4700
Data:  1828 : 4700
Data:  1828 : 4700
Data:  1828 : 4700
Data:  1828 : 4701
Data:  1828 : 4701
Data:  1828 : 4701
Data:  1828 : 4701
Data:  1828 : 4701
Data:  1829 : 267
Data:  1829 : 267
Data:  1829 : 267
Data:  1829 : 267
Data:  1829 : 267
Data:  1829 : 4670
Data:  1829 : 4670
Data:  1829 : 4670
Data:  1829 : 4670
Data:  1829 : 4670
Data:  1829 : 4671
Data:  1829 : 4671
Data:  1829 : 4671
Data:  1829 : 4671
Data:  1829 : 4671
Data:  1829 : 4672
Data:  1829 : 4672
Data:  1829 : 4672
Data:  1829 : 4672
Data:  1829 : 4672
Data:  1830 : 543
Data:  1830 : 543
Data:  1830 : 543
Data:  1830 : 543
Data:  1830 : 543
Data:  1830 : 543
Data:  1830 : 543
Data:  1830 : 4860
Data:  1830 : 4860
Data:  1830 : 4860
Data:  1830 : 4860
Data:  1830 : 4860
Data:  1830 : 4860
Data:  1830 : 4860
Data:  1830 : 4861
Data:  1830 : 4861
Data:  1830 : 4861
Data:  1830 : 4861
Data:  1830 : 4861
Data:  1830 : 4861
Data:  1830 : 4861
Data:  1830 : 4862
Data:  1830 : 4862
Data:  1830 : 4862
Data:  1830 : 4862
Data:  1830 : 4862
Data:  1830 : 4862
Data:  1830 : 4862
Empty:  1832 : 418
Data:  1832 : 418
Data:  1832 : 418
Empty:  1832 : 4751
Data:  1832 : 4751
Data:  1832 : 4751
Empty:  1832 : 4752
Data:  1832 : 4752
Data:  1832 : 4752
Empty:  1832 : 4753
Data:  1832 : 4753
Data:  1832 : 4753
Empty:  1832 : 4754
Data:  1832 : 4754
Data:  1832 : 4754
Empty:  1833 : 417
Data:  1833 : 417
Data:  1833 : 417
Empty:  1833 : 4726
Data:  1833 : 4726
Data:  1833 : 4726
Empty:  1833 : 4727
Data:  1833 : 4727
Data:  1833 : 4727
Empty:  1833 : 4728
Data:  1833 : 4728
Data:  1833 : 4728
Empty:  1834 : 421
Data:  1834 : 421
Data:  1834 : 421
Empty:  1834 : 4673
Data:  1834 : 4673
Data:  1834 : 4673
Empty:  1834 : 4674
Data:  1834 : 4674
Data:  1834 : 4674
Empty:  1834 : 4675
Data:  1834 : 4675
Data:  1834 : 4675
Empty:  1834 : 4676
Data:  1834 : 4676
Data:  1834 : 4676
Empty:  1834 : 4677
Data:  1834 : 4677
Data:  1834 : 4677
Empty:  1834 : 4678
Data:  1834 : 4678
Data:  1834 : 4678
Empty:  1834 : 4679
Data:  1834 : 4679
Data:  1834 : 4679
Empty:  1834 : 4680
Data:  1834 : 4680
Data:  1834 : 4680
Empty:  1834 : 4681
Data:  1834 : 4681
Data:  1834 : 4681
Empty:  1834 : 4682
Data:  1834 : 4682
Data:  1834 : 4682
Empty:  1834 : 4683
Data:  1834 : 4683
Data:  1834 : 4683
Empty:  1834 : 4684
Data:  1834 : 4684
Data:  1834 : 4684
Empty:  1834 : 4685
Data:  1834 : 4685
Data:  1834 : 4685
Empty:  1834 : 4686
Data:  1834 : 4686
Data:  1834 : 4686
Empty:  1834 : 4687
Data:  1834 : 4687
Data:  1834 : 4687
Empty:  1834 : 4688
Data:  1834 : 4688
Data:  1834 : 4688
Empty:  1834 : 4689
Data:  1834 : 4689
Data:  1834 : 4689
Data:  1837 : 273
Data:  1837 : 273
Data:  1837 : 273
Data:  1837 : 273
Data:  1837 : 4693
Data:  1837 : 4693
Data:  1837 : 4693
Data:  1837 : 4693
Data:  1837 : 4694
Data:  1837 : 4694
Data:  1837 : 4694
Data:  1837 : 4694
Data:  1837 : 4695
Data:  1837 : 4695
Data:  1837 : 4695
Data:  1837 : 4695
Data:  1837 : 4696
Data:  1837 : 4696
Data:  1837 : 4696
Data:  1837 : 4696
Data:  1837 : 4697
Data:  1837 : 4697
Data:  1837 : 4697
Data:  1837 : 4697
Data:  1837 : 4698
Data:  1837 : 4698
Data:  1837 : 4698
Data:  1837 : 4698
Data:  1838 : 386
Data:  1838 : 386
Data:  1838 : 386
Data:  1838 : 386
Data:  1838 : 386
Data:  1838 : 386
Data:  1838 : 4690
Data:  1838 : 4690
Data:  1838 : 4690
Data:  1838 : 4690
Data:  1838 : 4690
Data:  1838 : 4690
Data:  1838 : 4691
Data:  1838 : 4691
Data:  1838 : 4691
Data:  1838 : 4691
Data:  1838 : 4691
Data:  1838 : 4691
Data:  1838 : 4692
Data:  1838 : 4692
Data:  1838 : 4692
Data:  1838 : 4692
Data:  1838 : 4692
Data:  1838 : 4692
Empty:  1839 : 615
Data:  1839 : 615
Data:  1839 : 615
Data:  1839 : 615
Empty:  1839 : 4840
Data:  1839 : 4840
Data:  1839 : 4840
Data:  1839 : 4840
Empty:  1839 : 4841
Data:  1839 : 4841
Data:  1839 : 4841
Data:  1839 : 4841
Empty:  1839 : 4842
Data:  1839 : 4842
Data:  1839 : 4842
Data:  1839 : 4842
Empty:  1839 : 4843
Data:  1839 : 4843
Data:  1839 : 4843
Data:  1839 : 4843
Data:  1840 : 617
Data:  1840 : 617
Data:  1840 : 617
Data:  1840 : 617
Data:  1840 : 617
Data:  1840 : 617
Data:  1840 : 4837
Data:  1840 : 4837
Data:  1840 : 4837
Data:  1840 : 4837
Data:  1840 : 4837
Data:  1840 : 4837
Data:  1840 : 4838
Data:  1840 : 4838
Data:  1840 : 4838
Data:  1840 : 4838
Data:  1840 : 4838
Data:  1840 : 4838
Data:  1840 : 4839
Data:  1840 : 4839
Data:  1840 : 4839
Data:  1840 : 4839
Data:  1840 : 4839
Data:  1840 : 4839
Empty:  1841 : 616
Data:  1841 : 616
Data:  1841 : 616
Empty:  1841 : 4836
Data:  1841 : 4836
Data:  1841 : 4836
Data:  1842 : 618
Data:  1842 : 618
Data:  1842 : 618
Data:  1842 : 618
Data:  1842 : 618
Data:  1842 : 4810
Data:  1842 : 4810
Data:  1842 : 4810
Data:  1842 : 4810
Data:  1842 : 4810
Data:  1842 : 4811
Data:  1842 : 4811
Data:  1842 : 4811
Data:  1842 : 4811
Data:  1842 : 4811
Data:  1842 : 4812
Data:  1842 : 4812
Data:  1842 : 4812
Data:  1842 : 4812
Data:  1842 : 4812
Data:  1842 : 4813
Data:  1842 : 4813
Data:  1842 : 4813
Data:  1842 : 4813
Data:  1842 : 4813
Data:  1842 : 4814
Data:  1842 : 4814
Data:  1842 : 4814
Data:  1842 : 4814
Data:  1842 : 4814
Empty:  1843 : 619
Data:  1843 : 619
Empty:  1843 : 4785
Data:  1843 : 4785
Empty:  1843 : 4786
Data:  1843 : 4786
Empty:  1843 : 4787
Data:  1843 : 4787
Data:  1844 : 620
Data:  1844 : 620
Data:  1844 : 620
Data:  1844 : 620
Data:  1844 : 4782
Data:  1844 : 4782
Data:  1844 : 4782
Data:  1844 : 4782
Data:  1844 : 4783
Data:  1844 : 4783
Data:  1844 : 4783
Data:  1844 : 4783
Data:  1844 : 4784
Data:  1844 : 4784
Data:  1844 : 4784
Data:  1844 : 4784
Data:  1845 : 623
Data:  1845 : 623
Data:  1845 : 623
Data:  1845 : 623
Data:  1845 : 623
Data:  1845 : 623
Data:  1845 : 623
Data:  1845 : 4893
Data:  1845 : 4893
Data:  1845 : 4893
Data:  1845 : 4893
Data:  1845 : 4893
Data:  1845 : 4893
Data:  1845 : 4893
Data:  1845 : 4894
Data:  1845 : 4894
Data:  1845 : 4894
Data:  1845 : 4894
Data:  1845 : 4894
Data:  1845 : 4894
Data:  1845 : 4894
Data:  1846 : 674
Data:  1846 : 674
Data:  1846 : 674
Data:  1846 : 674
Data:  1846 : 674
Data:  1846 : 674
Data:  1846 : 4758
Data:  1846 : 4758
Data:  1846 : 4758
Data:  1846 : 4758
Data:  1846 : 4758
Data:  1846 : 4758
Data:  1846 : 4759
Data:  1846 : 4759
Data:  1846 : 4759
Data:  1846 : 4759
Data:  1846 : 4759
Data:  1846 : 4759
Data:  1846 : 4760
Data:  1846 : 4760
Data:  1846 : 4760
Data:  1846 : 4760
Data:  1846 : 4760
Data:  1846 : 4760
Data:  1847 : 622
Data:  1847 : 622
Data:  1847 : 622
Data:  1847 : 622
Data:  1847 : 622
Data:  1847 : 4755
Data:  1847 : 4755
Data:  1847 : 4755
Data:  1847 : 4755
Data:  1847 : 4755
Data:  1847 : 4756
Data:  1847 : 4756
Data:  1847 : 4756
Data:  1847 : 4756
Data:  1847 : 4756
Data:  1847 : 4757
Data:  1847 : 4757
Data:  1847 : 4757
Data:  1847 : 4757
Data:  1847 : 4757
Data:  1848 : 621
Data:  1848 : 621
Data:  1848 : 621
Data:  1848 : 621
Data:  1848 : 621
Data:  1848 : 621
Data:  1848 : 4761
Data:  1848 : 4761
Data:  1848 : 4761
Data:  1848 : 4761
Data:  1848 : 4761
Data:  1848 : 4761
Data:  1848 : 4762
Data:  1848 : 4762
Data:  1848 : 4762
Data:  1848 : 4762
Data:  1848 : 4762
Data:  1848 : 4762
Data:  1848 : 4763
Data:  1848 : 4763
Data:  1848 : 4763
Data:  1848 : 4763
Data:  1848 : 4763
Data:  1848 : 4763
Data:  1848 : 4764
Data:  1848 : 4764
Data:  1848 : 4764
Data:  1848 : 4764
Data:  1848 : 4764
Data:  1848 : 4764
Data:  1848 : 4765
Data:  1848 : 4765
Data:  1848 : 4765
Data:  1848 : 4765
Data:  1848 : 4765
Data:  1848 : 4765
Data:  1849 : 675
Data:  1849 : 675
Data:  1849 : 675
Data:  1849 : 675
Data:  1849 : 675
Data:  1849 : 675
Data:  1849 : 4873
Data:  1849 : 4873
Data:  1849 : 4873
Data:  1849 : 4873
Data:  1849 : 4873
Data:  1849 : 4873
Data:  1849 : 4874
Data:  1849 : 4874
Data:  1849 : 4874
Data:  1849 : 4874
Data:  1849 : 4874
Data:  1849 : 4874
Data:  1849 : 4875
Data:  1849 : 4875
Data:  1849 : 4875
Data:  1849 : 4875
Data:  1849 : 4875
Data:  1849 : 4875
Data:  1849 : 4876
Data:  1849 : 4876
Data:  1849 : 4876
Data:  1849 : 4876
Data:  1849 : 4876
Data:  1849 : 4876
Data:  1849 : 4877
Data:  1849 : 4877
Data:  1849 : 4877
Data:  1849 : 4877
Data:  1849 : 4877
Data:  1849 : 4877
Data:  1849 : 4878
Data:  1849 : 4878
Data:  1849 : 4878
Data:  1849 : 4878
Data:  1849 : 4878
Data:  1849 : 4878
Empty:  1901 : 483
Data:  1901 : 483
Data:  1901 : 483
Data:  1901 : 483
Empty:  1901 : 4968
Data:  1901 : 4968
Data:  1901 : 4968
Data:  1901 : 4968
Empty:  1901 : 4969
Data:  1901 : 4969
Data:  1901 : 4969
Data:  1901 : 4969
Empty:  1901 : 4970
Data:  1901 : 4970
Data:  1901 : 4970
Data:  1901 : 4970
Empty:  1901 : 4971
Data:  1901 : 4971
Data:  1901 : 4971
Data:  1901 : 4971
Empty:  1902 : 383
Data:  1902 : 383
Data:  1902 : 383
Empty:  1902 : 4972
Data:  1902 : 4972
Data:  1902 : 4972
Empty:  1902 : 4973
Data:  1902 : 4973
Data:  1902 : 4973
Empty:  1902 : 4974
Data:  1902 : 4974
Data:  1902 : 4974
Empty:  1902 : 4975
Data:  1902 : 4975
Data:  1902 : 4975
Empty:  1902 : 4976
Data:  1902 : 4976
Data:  1902 : 4976
Empty:  1903 : 546
Data:  1903 : 546
Data:  1903 : 546
Data:  1903 : 546
Empty:  1903 : 4964
Data:  1903 : 4964
Data:  1903 : 4964
Data:  1903 : 4964
Empty:  1903 : 4965
Data:  1903 : 4965
Data:  1903 : 4965
Data:  1903 : 4965
Empty:  1903 : 4966
Data:  1903 : 4966
Data:  1903 : 4966
Data:  1903 : 4966
Data:  1908 : 384
Data:  1908 : 384
Data:  1908 : 384
Data:  1908 : 384
Data:  1908 : 384
Data:  1908 : 384
Data:  1908 : 6254
Data:  1908 : 6254
Data:  1908 : 6254
Data:  1908 : 6254
Data:  1908 : 6254
Data:  1908 : 6254
Data:  1908 : 6255
Data:  1908 : 6255
Data:  1908 : 6255
Data:  1908 : 6255
Data:  1908 : 6255
Data:  1908 : 6255
Data:  1908 : 6256
Data:  1908 : 6256
Data:  1908 : 6256
Data:  1908 : 6256
Data:  1908 : 6256
Data:  1908 : 6256
Data:  1909 : 283
Data:  1909 : 283
Data:  1909 : 283
Data:  1909 : 283
Data:  1909 : 4910
Data:  1909 : 4910
Data:  1909 : 4910
Data:  1909 : 4910
Data:  1909 : 4911
Data:  1909 : 4911
Data:  1909 : 4911
Data:  1909 : 4911
Data:  1909 : 4912
Data:  1909 : 4912
Data:  1909 : 4912
Data:  1909 : 4912
Data:  1909 : 4913
Data:  1909 : 4913
Data:  1909 : 4913
Data:  1909 : 4913
Data:  1909 : 4914
Data:  1909 : 4914
Data:  1909 : 4914
Data:  1909 : 4914
Data:  1909 : 4915
Data:  1909 : 4915
Data:  1909 : 4915
Data:  1909 : 4915
Data:  1909 : 4916
Data:  1909 : 4916
Data:  1909 : 4916
Data:  1909 : 4916
Data:  1909 : 4917
Data:  1909 : 4917
Data:  1909 : 4917
Data:  1909 : 4917
Data:  1909 : 4918
Data:  1909 : 4918
Data:  1909 : 4918
Data:  1909 : 4918
Data:  1909 : 4919
Data:  1909 : 4919
Data:  1909 : 4919
Data:  1909 : 4919
Data:  1909 : 4920
Data:  1909 : 4920
Data:  1909 : 4920
Data:  1909 : 4920
Data:  1909 : 4921
Data:  1909 : 4921
Data:  1909 : 4921
Data:  1909 : 4921
Data:  1909 : 4922
Data:  1909 : 4922
Data:  1909 : 4922
Data:  1909 : 4922
Data:  1909 : 4923
Data:  1909 : 4923
Data:  1909 : 4923
Data:  1909 : 4923
Data:  1909 : 4924
Data:  1909 : 4924
Data:  1909 : 4924
Data:  1909 : 4924
Data:  1909 : 4925
Data:  1909 : 4925
Data:  1909 : 4925
Data:  1909 : 4925
Data:  1909 : 4926
Data:  1909 : 4926
Data:  1909 : 4926
Data:  1909 : 4926
Data:  1909 : 4927
Data:  1909 : 4927
Data:  1909 : 4927
Data:  1909 : 4927
Data:  1909 : 4928
Data:  1909 : 4928
Data:  1909 : 4928
Data:  1909 : 4928
Data:  1909 : 4929
Data:  1909 : 4929
Data:  1909 : 4929
Data:  1909 : 4929
Data:  1909 : 4930
Data:  1909 : 4930
Data:  1909 : 4930
Data:  1909 : 4930
Data:  1909 : 4931
Data:  1909 : 4931
Data:  1909 : 4931
Data:  1909 : 4931
Data:  1909 : 4932
Data:  1909 : 4932
Data:  1909 : 4932
Data:  1909 : 4932
Data:  1909 : 4933
Data:  1909 : 4933
Data:  1909 : 4933
Data:  1909 : 4933
Data:  1910 : 282
Data:  1910 : 282
Data:  1910 : 282
Data:  1910 : 282
Data:  1910 : 282
Data:  1910 : 282
Data:  1910 : 4895
Data:  1910 : 4895
Data:  1910 : 4895
Data:  1910 : 4895
Data:  1910 : 4895
Data:  1910 : 4895
Data:  1910 : 4896
Data:  1910 : 4896
Data:  1910 : 4896
Data:  1910 : 4896
Data:  1910 : 4896
Data:  1910 : 4896
Data:  1910 : 4897
Data:  1910 : 4897
Data:  1910 : 4897
Data:  1910 : 4897
Data:  1910 : 4897
Data:  1910 : 4897
Data:  1910 : 4898
Data:  1910 : 4898
Data:  1910 : 4898
Data:  1910 : 4898
Data:  1910 : 4898
Data:  1910 : 4898
Data:  1910 : 4899
Data:  1910 : 4899
Data:  1910 : 4899
Data:  1910 : 4899
Data:  1910 : 4899
Data:  1910 : 4899
Data:  1910 : 4900
Data:  1910 : 4900
Data:  1910 : 4900
Data:  1910 : 4900
Data:  1910 : 4900
Data:  1910 : 4900
Data:  1910 : 4901
Data:  1910 : 4901
Data:  1910 : 4901
Data:  1910 : 4901
Data:  1910 : 4901
Data:  1910 : 4901
Data:  1910 : 4902
Data:  1910 : 4902
Data:  1910 : 4902
Data:  1910 : 4902
Data:  1910 : 4902
Data:  1910 : 4902
Data:  1910 : 4903
Data:  1910 : 4903
Data:  1910 : 4903
Data:  1910 : 4903
Data:  1910 : 4903
Data:  1910 : 4903
Data:  1910 : 4904
Data:  1910 : 4904
Data:  1910 : 4904
Data:  1910 : 4904
Data:  1910 : 4904
Data:  1910 : 4904
Data:  1910 : 4905
Data:  1910 : 4905
Data:  1910 : 4905
Data:  1910 : 4905
Data:  1910 : 4905
Data:  1910 : 4905
Data:  1910 : 4906
Data:  1910 : 4906
Data:  1910 : 4906
Data:  1910 : 4906
Data:  1910 : 4906
Data:  1910 : 4906
Data:  1910 : 4907
Data:  1910 : 4907
Data:  1910 : 4907
Data:  1910 : 4907
Data:  1910 : 4907
Data:  1910 : 4907
Data:  1910 : 4908
Data:  1910 : 4908
Data:  1910 : 4908
Data:  1910 : 4908
Data:  1910 : 4908
Data:  1910 : 4908
Data:  1910 : 4909
Data:  1910 : 4909
Data:  1910 : 4909
Data:  1910 : 4909
Data:  1910 : 4909
Data:  1910 : 4909
Data:  1912 : 660
Data:  1912 : 660
Data:  1912 : 660
Data:  1912 : 4967
Data:  1912 : 4967
Data:  1912 : 4967
Empty:  1913 : 624
Data:  1913 : 624
Data:  1913 : 624
Data:  1913 : 624
Empty:  1913 : 4961
Data:  1913 : 4961
Data:  1913 : 4961
Data:  1913 : 4961
Data:  1914 : 625
Data:  1914 : 625
Data:  1914 : 625
Data:  1914 : 625
Data:  1914 : 625
Data:  1914 : 4977
Data:  1914 : 4977
Data:  1914 : 4977
Data:  1914 : 4977
Data:  1914 : 4977
Data:  1914 : 4978
Data:  1914 : 4978
Data:  1914 : 4978
Data:  1914 : 4978
Data:  1914 : 4978
Data:  1914 : 4979
Data:  1914 : 4979
Data:  1914 : 4979
Data:  1914 : 4979
Data:  1914 : 4979
Data:  1914 : 4980
Data:  1914 : 4980
Data:  1914 : 4980
Data:  1914 : 4980
Data:  1914 : 4980
Data:  2001 : 374
Data:  2001 : 374
Data:  2001 : 374
Data:  2001 : 374
Data:  2001 : 374
Data:  2001 : 374
Data:  2001 : 374
Data:  2001 : 5675
Data:  2001 : 5675
Data:  2001 : 5675
Data:  2001 : 5675
Data:  2001 : 5675
Data:  2001 : 5675
Data:  2001 : 5675
Data:  2001 : 5676
Data:  2001 : 5676
Data:  2001 : 5676
Data:  2001 : 5676
Data:  2001 : 5676
Data:  2001 : 5676
Data:  2001 : 5676
Data:  2001 : 5677
Data:  2001 : 5677
Data:  2001 : 5677
Data:  2001 : 5677
Data:  2001 : 5677
Data:  2001 : 5677
Data:  2001 : 5677
Data:  2001 : 5678
Data:  2001 : 5678
Data:  2001 : 5678
Data:  2001 : 5678
Data:  2001 : 5678
Data:  2001 : 5678
Data:  2001 : 5678
Data:  2001 : 5679
Data:  2001 : 5679
Data:  2001 : 5679
Data:  2001 : 5679
Data:  2001 : 5679
Data:  2001 : 5679
Data:  2001 : 5679
Data:  2001 : 5680
Data:  2001 : 5680
Data:  2001 : 5680
Data:  2001 : 5680
Data:  2001 : 5680
Data:  2001 : 5680
Data:  2001 : 5680
Data:  2001 : 5681
Data:  2001 : 5681
Data:  2001 : 5681
Data:  2001 : 5681
Data:  2001 : 5681
Data:  2001 : 5681
Data:  2001 : 5681
Data:  2001 : 5682
Data:  2001 : 5682
Data:  2001 : 5682
Data:  2001 : 5682
Data:  2001 : 5682
Data:  2001 : 5682
Data:  2001 : 5682
Data:  2001 : 5683
Data:  2001 : 5683
Data:  2001 : 5683
Data:  2001 : 5683
Data:  2001 : 5683
Data:  2001 : 5683
Data:  2001 : 5683
Data:  2001 : 5684
Data:  2001 : 5684
Data:  2001 : 5684
Data:  2001 : 5684
Data:  2001 : 5684
Data:  2001 : 5684
Data:  2001 : 5684
Data:  2001 : 5685
Data:  2001 : 5685
Data:  2001 : 5685
Data:  2001 : 5685
Data:  2001 : 5685
Data:  2001 : 5685
Data:  2001 : 5685
Data:  2001 : 5686
Data:  2001 : 5686
Data:  2001 : 5686
Data:  2001 : 5686
Data:  2001 : 5686
Data:  2001 : 5686
Data:  2001 : 5686
Data:  2001 : 5687
Data:  2001 : 5687
Data:  2001 : 5687
Data:  2001 : 5687
Data:  2001 : 5687
Data:  2001 : 5687
Data:  2001 : 5687
Data:  2001 : 5757
Data:  2001 : 5757
Data:  2001 : 5757
Data:  2001 : 5757
Data:  2001 : 5757
Data:  2001 : 5757
Data:  2001 : 5757
Data:  2001 : 5758
Data:  2001 : 5758
Data:  2001 : 5758
Data:  2001 : 5758
Data:  2001 : 5758
Data:  2001 : 5758
Data:  2001 : 5758
Data:  2001 : 5759
Data:  2001 : 5759
Data:  2001 : 5759
Data:  2001 : 5759
Data:  2001 : 5759
Data:  2001 : 5759
Data:  2001 : 5759
Data:  2001 : 5760
Data:  2001 : 5760
Data:  2001 : 5760
Data:  2001 : 5760
Data:  2001 : 5760
Data:  2001 : 5760
Data:  2001 : 5760
Data:  2001 : 5761
Data:  2001 : 5761
Data:  2001 : 5761
Data:  2001 : 5761
Data:  2001 : 5761
Data:  2001 : 5761
Data:  2001 : 5761
Data:  2001 : 5762
Data:  2001 : 5762
Data:  2001 : 5762
Data:  2001 : 5762
Data:  2001 : 5762
Data:  2001 : 5762
Data:  2001 : 5762
Data:  2001 : 5763
Data:  2001 : 5763
Data:  2001 : 5763
Data:  2001 : 5763
Data:  2001 : 5763
Data:  2001 : 5763
Data:  2001 : 5763
Data:  2001 : 5764
Data:  2001 : 5764
Data:  2001 : 5764
Data:  2001 : 5764
Data:  2001 : 5764
Data:  2001 : 5764
Data:  2001 : 5764
Data:  2001 : 5765
Data:  2001 : 5765
Data:  2001 : 5765
Data:  2001 : 5765
Data:  2001 : 5765
Data:  2001 : 5765
Data:  2001 : 5765
Data:  2001 : 5766
Data:  2001 : 5766
Data:  2001 : 5766
Data:  2001 : 5766
Data:  2001 : 5766
Data:  2001 : 5766
Data:  2001 : 5766
Data:  2001 : 5767
Data:  2001 : 5767
Data:  2001 : 5767
Data:  2001 : 5767
Data:  2001 : 5767
Data:  2001 : 5767
Data:  2001 : 5767
Data:  2001 : 5768
Data:  2001 : 5768
Data:  2001 : 5768
Data:  2001 : 5768
Data:  2001 : 5768
Data:  2001 : 5768
Data:  2001 : 5768
Data:  2001 : 5769
Data:  2001 : 5769
Data:  2001 : 5769
Data:  2001 : 5769
Data:  2001 : 5769
Data:  2001 : 5769
Data:  2001 : 5769
Data:  2001 : 5770
Data:  2001 : 5770
Data:  2001 : 5770
Data:  2001 : 5770
Data:  2001 : 5770
Data:  2001 : 5770
Data:  2001 : 5770
Data:  2001 : 5771
Data:  2001 : 5771
Data:  2001 : 5771
Data:  2001 : 5771
Data:  2001 : 5771
Data:  2001 : 5771
Data:  2001 : 5771
Data:  2001 : 5772
Data:  2001 : 5772
Data:  2001 : 5772
Data:  2001 : 5772
Data:  2001 : 5772
Data:  2001 : 5772
Data:  2001 : 5772
Data:  2001 : 5773
Data:  2001 : 5773
Data:  2001 : 5773
Data:  2001 : 5773
Data:  2001 : 5773
Data:  2001 : 5773
Data:  2001 : 5773
Data:  2001 : 5774
Data:  2001 : 5774
Data:  2001 : 5774
Data:  2001 : 5774
Data:  2001 : 5774
Data:  2001 : 5774
Data:  2001 : 5774
Data:  2001 : 5775
Data:  2001 : 5775
Data:  2001 : 5775
Data:  2001 : 5775
Data:  2001 : 5775
Data:  2001 : 5775
Data:  2001 : 5775
Data:  2001 : 5776
Data:  2001 : 5776
Data:  2001 : 5776
Data:  2001 : 5776
Data:  2001 : 5776
Data:  2001 : 5776
Data:  2001 : 5776
Data:  2001 : 5777
Data:  2001 : 5777
Data:  2001 : 5777
Data:  2001 : 5777
Data:  2001 : 5777
Data:  2001 : 5777
Data:  2001 : 5777
Data:  2001 : 5778
Data:  2001 : 5778
Data:  2001 : 5778
Data:  2001 : 5778
Data:  2001 : 5778
Data:  2001 : 5778
Data:  2001 : 5778
Data:  2001 : 5779
Data:  2001 : 5779
Data:  2001 : 5779
Data:  2001 : 5779
Data:  2001 : 5779
Data:  2001 : 5779
Data:  2001 : 5779
Data:  2001 : 5780
Data:  2001 : 5780
Data:  2001 : 5780
Data:  2001 : 5780
Data:  2001 : 5780
Data:  2001 : 5780
Data:  2001 : 5780
Data:  2101 : 376
Data:  2101 : 376
Data:  2101 : 376
Data:  2101 : 376
Data:  2101 : 376
Data:  2101 : 376
Data:  2101 : 5688
Data:  2101 : 5688
Data:  2101 : 5688
Data:  2101 : 5688
Data:  2101 : 5688
Data:  2101 : 5688
Data:  2101 : 5689
Data:  2101 : 5689
Data:  2101 : 5689
Data:  2101 : 5689
Data:  2101 : 5689
Data:  2101 : 5689
Data:  2101 : 5690
Data:  2101 : 5690
Data:  2101 : 5690
Data:  2101 : 5690
Data:  2101 : 5690
Data:  2101 : 5690
Data:  2101 : 5691
Data:  2101 : 5691
Data:  2101 : 5691
Data:  2101 : 5691
Data:  2101 : 5691
Data:  2101 : 5691
Data:  2101 : 5692
Data:  2101 : 5692
Data:  2101 : 5692
Data:  2101 : 5692
Data:  2101 : 5692
Data:  2101 : 5692
Data:  2101 : 5693
Data:  2101 : 5693
Data:  2101 : 5693
Data:  2101 : 5693
Data:  2101 : 5693
Data:  2101 : 5693
Data:  2101 : 5694
Data:  2101 : 5694
Data:  2101 : 5694
Data:  2101 : 5694
Data:  2101 : 5694
Data:  2101 : 5694
Data:  2101 : 5695
Data:  2101 : 5695
Data:  2101 : 5695
Data:  2101 : 5695
Data:  2101 : 5695
Data:  2101 : 5695
Data:  2101 : 5696
Data:  2101 : 5696
Data:  2101 : 5696
Data:  2101 : 5696
Data:  2101 : 5696
Data:  2101 : 5696
Data:  2101 : 5697
Data:  2101 : 5697
Data:  2101 : 5697
Data:  2101 : 5697
Data:  2101 : 5697
Data:  2101 : 5697
Data:  2101 : 5698
Data:  2101 : 5698
Data:  2101 : 5698
Data:  2101 : 5698
Data:  2101 : 5698
Data:  2101 : 5698
Data:  2101 : 5699
Data:  2101 : 5699
Data:  2101 : 5699
Data:  2101 : 5699
Data:  2101 : 5699
Data:  2101 : 5699
Data:  2101 : 5700
Data:  2101 : 5700
Data:  2101 : 5700
Data:  2101 : 5700
Data:  2101 : 5700
Data:  2101 : 5700
Data:  2101 : 5701
Data:  2101 : 5701
Data:  2101 : 5701
Data:  2101 : 5701
Data:  2101 : 5701
Data:  2101 : 5701
Data:  2101 : 5702
Data:  2101 : 5702
Data:  2101 : 5702
Data:  2101 : 5702
Data:  2101 : 5702
Data:  2101 : 5702
Data:  2101 : 5703
Data:  2101 : 5703
Data:  2101 : 5703
Data:  2101 : 5703
Data:  2101 : 5703
Data:  2101 : 5703
Data:  2101 : 5704
Data:  2101 : 5704
Data:  2101 : 5704
Data:  2101 : 5704
Data:  2101 : 5704
Data:  2101 : 5704
Data:  2101 : 5705
Data:  2101 : 5705
Data:  2101 : 5705
Data:  2101 : 5705
Data:  2101 : 5705
Data:  2101 : 5705
Data:  2101 : 5706
Data:  2101 : 5706
Data:  2101 : 5706
Data:  2101 : 5706
Data:  2101 : 5706
Data:  2101 : 5706
Data:  2101 : 5707
Data:  2101 : 5707
Data:  2101 : 5707
Data:  2101 : 5707
Data:  2101 : 5707
Data:  2101 : 5707
Data:  2101 : 5708
Data:  2101 : 5708
Data:  2101 : 5708
Data:  2101 : 5708
Data:  2101 : 5708
Data:  2101 : 5708
Data:  2101 : 5709
Data:  2101 : 5709
Data:  2101 : 5709
Data:  2101 : 5709
Data:  2101 : 5709
Data:  2101 : 5709
Data:  2101 : 5710
Data:  2101 : 5710
Data:  2101 : 5710
Data:  2101 : 5710
Data:  2101 : 5710
Data:  2101 : 5710
Data:  2101 : 5711
Data:  2101 : 5711
Data:  2101 : 5711
Data:  2101 : 5711
Data:  2101 : 5711
Data:  2101 : 5711
Data:  2102 : 32
Data:  2102 : 32
Data:  2102 : 32
Data:  2102 : 32
Data:  2102 : 5728
Data:  2102 : 5728
Data:  2102 : 5728
Data:  2102 : 5728
Data:  2102 : 5729
Data:  2102 : 5729
Data:  2102 : 5729
Data:  2102 : 5729
Data:  2102 : 5730
Data:  2102 : 5730
Data:  2102 : 5730
Data:  2102 : 5730
Data:  2102 : 5731
Data:  2102 : 5731
Data:  2102 : 5731
Data:  2102 : 5731
Data:  2102 : 5732
Data:  2102 : 5732
Data:  2102 : 5732
Data:  2102 : 5732
Data:  2102 : 5733
Data:  2102 : 5733
Data:  2102 : 5733
Data:  2102 : 5733
Data:  2102 : 5734
Data:  2102 : 5734
Data:  2102 : 5734
Data:  2102 : 5734
Data:  2105 : 655
Data:  2105 : 655
Data:  2105 : 655
Data:  2105 : 655
Data:  2105 : 5725
Data:  2105 : 5725
Data:  2105 : 5725
Data:  2105 : 5725
Data:  2105 : 5726
Data:  2105 : 5726
Data:  2105 : 5726
Data:  2105 : 5726
Data:  2105 : 5727
Data:  2105 : 5727
Data:  2105 : 5727
Data:  2105 : 5727
Empty:  2301 : 447
Data:  2301 : 447
Data:  2301 : 447
Empty:  2301 : 6748
Data:  2301 : 6748
Data:  2301 : 6748
Data:  2302 : 529
Data:  2302 : 529
Data:  2302 : 529
Data:  2302 : 529
Data:  2302 : 529
Data:  2302 : 529
Data:  2302 : 529
Data:  2302 : 2512
Data:  2302 : 2512
Data:  2302 : 2512
Data:  2302 : 2512
Data:  2302 : 2512
Data:  2302 : 2512
Data:  2302 : 2512
Data:  2302 : 2513
Data:  2302 : 2513
Data:  2302 : 2513
Data:  2302 : 2513
Data:  2302 : 2513
Data:  2302 : 2513
Data:  2302 : 2513
Data:  2302 : 2514
Data:  2302 : 2514
Data:  2302 : 2514
Data:  2302 : 2514
Data:  2302 : 2514
Data:  2302 : 2514
Data:  2302 : 2514
Data:  2302 : 2515
Data:  2302 : 2515
Data:  2302 : 2515
Data:  2302 : 2515
Data:  2302 : 2515
Data:  2302 : 2515
Data:  2302 : 2515
Data:  2401 : 60
Data:  2401 : 60
Data:  2401 : 60
Data:  2401 : 2575
Data:  2401 : 2575
Data:  2401 : 2575
Data:  2401 : 2576
Data:  2401 : 2576
Data:  2401 : 2576
Data:  2401 : 2577
Data:  2401 : 2577
Data:  2401 : 2577
Data:  2401 : 2578
Data:  2401 : 2578
Data:  2401 : 2578
Data:  2401 : 2579
Data:  2401 : 2579
Data:  2401 : 2579
Data:  2401 : 2580
Data:  2401 : 2580
Data:  2401 : 2580
Data:  2401 : 2581
Data:  2401 : 2581
Data:  2401 : 2581
Data:  2401 : 2582
Data:  2401 : 2582
Data:  2401 : 2582
Data:  2401 : 2583
Data:  2401 : 2583
Data:  2401 : 2583
Data:  2401 : 2584
Data:  2401 : 2584
Data:  2401 : 2584
Data:  2401 : 2585
Data:  2401 : 2585
Data:  2401 : 2585
Data:  2401 : 2586
Data:  2401 : 2586
Data:  2401 : 2586
Data:  2401 : 2587
Data:  2401 : 2587
Data:  2401 : 2587
Data:  2401 : 2588
Data:  2401 : 2588
Data:  2401 : 2588
Data:  2401 : 2589
Data:  2401 : 2589
Data:  2401 : 2589
Data:  2401 : 2590
Data:  2401 : 2590
Data:  2401 : 2590
Data:  2401 : 2591
Data:  2401 : 2591
Data:  2401 : 2591
Data:  2401 : 2592
Data:  2401 : 2592
Data:  2401 : 2592
Data:  2401 : 2593
Data:  2401 : 2593
Data:  2401 : 2593
Data:  2401 : 2594
Data:  2401 : 2594
Data:  2401 : 2594
Data:  2401 : 2595
Data:  2401 : 2595
Data:  2401 : 2595
Data:  2401 : 2596
Data:  2401 : 2596
Data:  2401 : 2596
Data:  2401 : 2597
Data:  2401 : 2597
Data:  2401 : 2597
Data:  2401 : 2598
Data:  2401 : 2598
Data:  2401 : 2598
Data:  2401 : 2599
Data:  2401 : 2599
Data:  2401 : 2599
Data:  2401 : 2600
Data:  2401 : 2600
Data:  2401 : 2600
Data:  2401 : 2601
Data:  2401 : 2601
Data:  2401 : 2601
Data:  2401 : 2602
Data:  2401 : 2602
Data:  2401 : 2602
Data:  2401 : 2603
Data:  2401 : 2603
Data:  2401 : 2603
Data:  2401 : 2604
Data:  2401 : 2604
Data:  2401 : 2604
Data:  2401 : 2605
Data:  2401 : 2605
Data:  2401 : 2605
Data:  2401 : 2606
Data:  2401 : 2606
Data:  2401 : 2606
Data:  2401 : 2607
Data:  2401 : 2607
Data:  2401 : 2607
Data:  2401 : 2608
Data:  2401 : 2608
Data:  2401 : 2608
Data:  2401 : 2609
Data:  2401 : 2609
Data:  2401 : 2609
Data:  2401 : 2610
Data:  2401 : 2610
Data:  2401 : 2610
Data:  2401 : 2611
Data:  2401 : 2611
Data:  2401 : 2611
Data:  2401 : 2612
Data:  2401 : 2612
Data:  2401 : 2612
Data:  2401 : 2613
Data:  2401 : 2613
Data:  2401 : 2613
Data:  2401 : 2614
Data:  2401 : 2614
Data:  2401 : 2614
Data:  2401 : 2615
Data:  2401 : 2615
Data:  2401 : 2615
Data:  2401 : 2616
Data:  2401 : 2616
Data:  2401 : 2616
Data:  2401 : 2617
Data:  2401 : 2617
Data:  2401 : 2617
Data:  2401 : 2618
Data:  2401 : 2618
Data:  2401 : 2618
Data:  2402 : 51
Data:  2402 : 51
Data:  2402 : 51
Data:  2402 : 51
Data:  2402 : 51
Data:  2402 : 51
Data:  2402 : 3014
Data:  2402 : 3014
Data:  2402 : 3014
Data:  2402 : 3014
Data:  2402 : 3014
Data:  2402 : 3014
Data:  2402 : 3015
Data:  2402 : 3015
Data:  2402 : 3015
Data:  2402 : 3015
Data:  2402 : 3015
Data:  2402 : 3015
Empty:  2403 : 429
Data:  2403 : 429
Data:  2403 : 429
Empty:  2403 : 3016
Data:  2403 : 3016
Data:  2403 : 3016
Empty:  2403 : 3017
Data:  2403 : 3017
Data:  2403 : 3017
Empty:  2403 : 3018
Data:  2403 : 3018
Data:  2403 : 3018
Empty:  2403 : 3019
Data:  2403 : 3019
Data:  2403 : 3019
Data:  2404 : 59
Data:  2404 : 59
Data:  2404 : 59
Data:  2404 : 59
Data:  2404 : 59
Data:  2404 : 59
Data:  2404 : 3008
Data:  2404 : 3008
Data:  2404 : 3008
Data:  2404 : 3008
Data:  2404 : 3008
Data:  2404 : 3008
Data:  2404 : 3009
Data:  2404 : 3009
Data:  2404 : 3009
Data:  2404 : 3009
Data:  2404 : 3009
Data:  2404 : 3009
Data:  2404 : 3010
Data:  2404 : 3010
Data:  2404 : 3010
Data:  2404 : 3010
Data:  2404 : 3010
Data:  2404 : 3010
Data:  2404 : 3011
Data:  2404 : 3011
Data:  2404 : 3011
Data:  2404 : 3011
Data:  2404 : 3011
Data:  2404 : 3011
Data:  2405 : 321
Data:  2405 : 321
Data:  2405 : 321
Data:  2405 : 321
Data:  2405 : 321
Data:  2405 : 321
Data:  2405 : 2901
Data:  2405 : 2901
Data:  2405 : 2901
Data:  2405 : 2901
Data:  2405 : 2901
Data:  2405 : 2901
Data:  2405 : 2902
Data:  2405 : 2902
Data:  2405 : 2902
Data:  2405 : 2902
Data:  2405 : 2902
Data:  2405 : 2902
Data:  2405 : 2903
Data:  2405 : 2903
Data:  2405 : 2903
Data:  2405 : 2903
Data:  2405 : 2903
Data:  2405 : 2903
Data:  2405 : 2904
Data:  2405 : 2904
Data:  2405 : 2904
Data:  2405 : 2904
Data:  2405 : 2904
Data:  2405 : 2904
Data:  2405 : 2905
Data:  2405 : 2905
Data:  2405 : 2905
Data:  2405 : 2905
Data:  2405 : 2905
Data:  2405 : 2905
Data:  2405 : 2906
Data:  2405 : 2906
Data:  2405 : 2906
Data:  2405 : 2906
Data:  2405 : 2906
Data:  2405 : 2906
Data:  2405 : 2907
Data:  2405 : 2907
Data:  2405 : 2907
Data:  2405 : 2907
Data:  2405 : 2907
Data:  2405 : 2907
Data:  2405 : 2908
Data:  2405 : 2908
Data:  2405 : 2908
Data:  2405 : 2908
Data:  2405 : 2908
Data:  2405 : 2908
Data:  2405 : 2909
Data:  2405 : 2909
Data:  2405 : 2909
Data:  2405 : 2909
Data:  2405 : 2909
Data:  2405 : 2909
Data:  2405 : 2910
Data:  2405 : 2910
Data:  2405 : 2910
Data:  2405 : 2910
Data:  2405 : 2910
Data:  2405 : 2910
Data:  2405 : 2911
Data:  2405 : 2911
Data:  2405 : 2911
Data:  2405 : 2911
Data:  2405 : 2911
Data:  2405 : 2911
Data:  2405 : 2912
Data:  2405 : 2912
Data:  2405 : 2912
Data:  2405 : 2912
Data:  2405 : 2912
Data:  2405 : 2912
Data:  2405 : 2913
Data:  2405 : 2913
Data:  2405 : 2913
Data:  2405 : 2913
Data:  2405 : 2913
Data:  2405 : 2913
Data:  2405 : 2914
Data:  2405 : 2914
Data:  2405 : 2914
Data:  2405 : 2914
Data:  2405 : 2914
Data:  2405 : 2914
Data:  2405 : 2915
Data:  2405 : 2915
Data:  2405 : 2915
Data:  2405 : 2915
Data:  2405 : 2915
Data:  2405 : 2915
Data:  2405 : 2916
Data:  2405 : 2916
Data:  2405 : 2916
Data:  2405 : 2916
Data:  2405 : 2916
Data:  2405 : 2916
Data:  2405 : 2917
Data:  2405 : 2917
Data:  2405 : 2917
Data:  2405 : 2917
Data:  2405 : 2917
Data:  2405 : 2917
Data:  2405 : 2918
Data:  2405 : 2918
Data:  2405 : 2918
Data:  2405 : 2918
Data:  2405 : 2918
Data:  2405 : 2918
Data:  2405 : 2919
Data:  2405 : 2919
Data:  2405 : 2919
Data:  2405 : 2919
Data:  2405 : 2919
Data:  2405 : 2919
Data:  2405 : 2920
Data:  2405 : 2920
Data:  2405 : 2920
Data:  2405 : 2920
Data:  2405 : 2920
Data:  2405 : 2920
Data:  2405 : 2921
Data:  2405 : 2921
Data:  2405 : 2921
Data:  2405 : 2921
Data:  2405 : 2921
Data:  2405 : 2921
Data:  2405 : 2922
Data:  2405 : 2922
Data:  2405 : 2922
Data:  2405 : 2922
Data:  2405 : 2922
Data:  2405 : 2922
Data:  2405 : 2923
Data:  2405 : 2923
Data:  2405 : 2923
Data:  2405 : 2923
Data:  2405 : 2923
Data:  2405 : 2923
Data:  2405 : 2924
Data:  2405 : 2924
Data:  2405 : 2924
Data:  2405 : 2924
Data:  2405 : 2924
Data:  2405 : 2924
Data:  2405 : 2925
Data:  2405 : 2925
Data:  2405 : 2925
Data:  2405 : 2925
Data:  2405 : 2925
Data:  2405 : 2925
Data:  2405 : 2926
Data:  2405 : 2926
Data:  2405 : 2926
Data:  2405 : 2926
Data:  2405 : 2926
Data:  2405 : 2926
Data:  2405 : 2927
Data:  2405 : 2927
Data:  2405 : 2927
Data:  2405 : 2927
Data:  2405 : 2927
Data:  2405 : 2927
Data:  2405 : 2928
Data:  2405 : 2928
Data:  2405 : 2928
Data:  2405 : 2928
Data:  2405 : 2928
Data:  2405 : 2928
Data:  2405 : 2929
Data:  2405 : 2929
Data:  2405 : 2929
Data:  2405 : 2929
Data:  2405 : 2929
Data:  2405 : 2929
Data:  2406 : 310
Data:  2406 : 310
Data:  2406 : 310
Data:  2406 : 2853
Data:  2406 : 2853
Data:  2406 : 2853
Data:  2406 : 2854
Data:  2406 : 2854
Data:  2406 : 2854
Data:  2406 : 2855
Data:  2406 : 2855
Data:  2406 : 2855
Data:  2406 : 2856
Data:  2406 : 2856
Data:  2406 : 2856
Data:  2406 : 2857
Data:  2406 : 2857
Data:  2406 : 2857
Data:  2406 : 2858
Data:  2406 : 2858
Data:  2406 : 2858
Data:  2406 : 2859
Data:  2406 : 2859
Data:  2406 : 2859
Data:  2406 : 2860
Data:  2406 : 2860
Data:  2406 : 2860
Data:  2406 : 2861
Data:  2406 : 2861
Data:  2406 : 2861
Data:  2406 : 2862
Data:  2406 : 2862
Data:  2406 : 2862
Data:  2406 : 2863
Data:  2406 : 2863
Data:  2406 : 2863
Data:  2406 : 2864
Data:  2406 : 2864
Data:  2406 : 2864
Data:  2406 : 2865
Data:  2406 : 2865
Data:  2406 : 2865
Data:  2406 : 2866
Data:  2406 : 2866
Data:  2406 : 2866
Data:  2406 : 2867
Data:  2406 : 2867
Data:  2406 : 2867
Data:  2406 : 2868
Data:  2406 : 2868
Data:  2406 : 2868
Data:  2406 : 2869
Data:  2406 : 2869
Data:  2406 : 2869
Data:  2406 : 2870
Data:  2406 : 2870
Data:  2406 : 2870
Data:  2406 : 2871
Data:  2406 : 2871
Data:  2406 : 2871
Data:  2406 : 2872
Data:  2406 : 2872
Data:  2406 : 2872
Data:  2406 : 2873
Data:  2406 : 2873
Data:  2406 : 2873
Data:  2406 : 2874
Data:  2406 : 2874
Data:  2406 : 2874
Data:  2406 : 2875
Data:  2406 : 2875
Data:  2406 : 2875
Data:  2406 : 2876
Data:  2406 : 2876
Data:  2406 : 2876
Data:  2406 : 2877
Data:  2406 : 2877
Data:  2406 : 2877
Data:  2406 : 2878
Data:  2406 : 2878
Data:  2406 : 2878
Data:  2406 : 2879
Data:  2406 : 2879
Data:  2406 : 2879
Data:  2406 : 2880
Data:  2406 : 2880
Data:  2406 : 2880
Data:  2406 : 2881
Data:  2406 : 2881
Data:  2406 : 2881
Data:  2406 : 2882
Data:  2406 : 2882
Data:  2406 : 2882
Data:  2406 : 2883
Data:  2406 : 2883
Data:  2406 : 2883
Data:  2406 : 2884
Data:  2406 : 2884
Data:  2406 : 2884
Data:  2406 : 2885
Data:  2406 : 2885
Data:  2406 : 2885
Data:  2406 : 2886
Data:  2406 : 2886
Data:  2406 : 2886
Data:  2406 : 2887
Data:  2406 : 2887
Data:  2406 : 2887
Data:  2406 : 2888
Data:  2406 : 2888
Data:  2406 : 2888
Data:  2406 : 2889
Data:  2406 : 2889
Data:  2406 : 2889
Data:  2406 : 2890
Data:  2406 : 2890
Data:  2406 : 2890
Data:  2406 : 2891
Data:  2406 : 2891
Data:  2406 : 2891
Empty:  2407 : 402
Data:  2407 : 402
Data:  2407 : 402
Empty:  2407 : 2947
Data:  2407 : 2947
Data:  2407 : 2947
Empty:  2407 : 2948
Data:  2407 : 2948
Data:  2407 : 2948
Empty:  2407 : 2949
Data:  2407 : 2949
Data:  2407 : 2949
Empty:  2407 : 2950
Data:  2407 : 2950
Data:  2407 : 2950
Empty:  2407 : 2951
Data:  2407 : 2951
Data:  2407 : 2951
Empty:  2407 : 2952
Data:  2407 : 2952
Data:  2407 : 2952
Empty:  2407 : 2953
Data:  2407 : 2953
Data:  2407 : 2953
Empty:  2407 : 2954
Data:  2407 : 2954
Data:  2407 : 2954
Empty:  2407 : 2955
Data:  2407 : 2955
Data:  2407 : 2955
Empty:  2407 : 2956
Data:  2407 : 2956
Data:  2407 : 2956
Empty:  2407 : 2957
Data:  2407 : 2957
Data:  2407 : 2957
Empty:  2407 : 2958
Data:  2407 : 2958
Data:  2407 : 2958
Empty:  2407 : 2959
Data:  2407 : 2959
Data:  2407 : 2959
Empty:  2407 : 2960
Data:  2407 : 2960
Data:  2407 : 2960
Empty:  2407 : 2961
Data:  2407 : 2961
Data:  2407 : 2961
Empty:  2407 : 2962
Data:  2407 : 2962
Data:  2407 : 2962
Empty:  2407 : 2963
Data:  2407 : 2963
Data:  2407 : 2963
Empty:  2407 : 2964
Data:  2407 : 2964
Data:  2407 : 2964
Empty:  2407 : 2965
Data:  2407 : 2965
Data:  2407 : 2965
Data:  2408 : 308
Data:  2408 : 308
Data:  2408 : 308
Data:  2408 : 308
Data:  2408 : 2832
Data:  2408 : 2832
Data:  2408 : 2832
Data:  2408 : 2832
Data:  2408 : 2833
Data:  2408 : 2833
Data:  2408 : 2833
Data:  2408 : 2833
Data:  2408 : 2834
Data:  2408 : 2834
Data:  2408 : 2834
Data:  2408 : 2834
Data:  2408 : 2835
Data:  2408 : 2835
Data:  2408 : 2835
Data:  2408 : 2835
Data:  2408 : 2836
Data:  2408 : 2836
Data:  2408 : 2836
Data:  2408 : 2836
Data:  2408 : 2837
Data:  2408 : 2837
Data:  2408 : 2837
Data:  2408 : 2837
Data:  2408 : 2838
Data:  2408 : 2838
Data:  2408 : 2838
Data:  2408 : 2838
Data:  2408 : 2839
Data:  2408 : 2839
Data:  2408 : 2839
Data:  2408 : 2839
Data:  2408 : 2840
Data:  2408 : 2840
Data:  2408 : 2840
Data:  2408 : 2840
Data:  2408 : 2841
Data:  2408 : 2841
Data:  2408 : 2841
Data:  2408 : 2841
Data:  2408 : 2842
Data:  2408 : 2842
Data:  2408 : 2842
Data:  2408 : 2842
Data:  2409 : 306
Data:  2409 : 306
Data:  2409 : 306
Data:  2409 : 306
Data:  2409 : 306
Data:  2409 : 2422
Data:  2409 : 2422
Data:  2409 : 2422
Data:  2409 : 2422
Data:  2409 : 2422
Data:  2409 : 2423
Data:  2409 : 2423
Data:  2409 : 2423
Data:  2409 : 2423
Data:  2409 : 2423
Data:  2409 : 2424
Data:  2409 : 2424
Data:  2409 : 2424
Data:  2409 : 2424
Data:  2409 : 2424
Data:  2409 : 2425
Data:  2409 : 2425
Data:  2409 : 2425
Data:  2409 : 2425
Data:  2409 : 2425
Data:  2409 : 2426
Data:  2409 : 2426
Data:  2409 : 2426
Data:  2409 : 2426
Data:  2409 : 2426
Data:  2409 : 2427
Data:  2409 : 2427
Data:  2409 : 2427
Data:  2409 : 2427
Data:  2409 : 2427
Data:  2409 : 2428
Data:  2409 : 2428
Data:  2409 : 2428
Data:  2409 : 2428
Data:  2409 : 2428
Data:  2409 : 2429
Data:  2409 : 2429
Data:  2409 : 2429
Data:  2409 : 2429
Data:  2409 : 2429
Data:  2409 : 2430
Data:  2409 : 2430
Data:  2409 : 2430
Data:  2409 : 2430
Data:  2409 : 2430
Data:  2409 : 2431
Data:  2409 : 2431
Data:  2409 : 2431
Data:  2409 : 2431
Data:  2409 : 2431
Data:  2409 : 2432
Data:  2409 : 2432
Data:  2409 : 2432
Data:  2409 : 2432
Data:  2409 : 2432
Data:  2409 : 2433
Data:  2409 : 2433
Data:  2409 : 2433
Data:  2409 : 2433
Data:  2409 : 2433
Data:  2409 : 2434
Data:  2409 : 2434
Data:  2409 : 2434
Data:  2409 : 2434
Data:  2409 : 2434
Data:  2409 : 2435
Data:  2409 : 2435
Data:  2409 : 2435
Data:  2409 : 2435
Data:  2409 : 2435
Data:  2409 : 2436
Data:  2409 : 2436
Data:  2409 : 2436
Data:  2409 : 2437
Data:  2409 : 2437
Data:  2409 : 2437
Data:  2409 : 2438
Data:  2409 : 2438
Data:  2409 : 2438
Data:  2409 : 2439
Data:  2409 : 2439
Data:  2409 : 2439
Data:  2409 : 2440
Data:  2409 : 2440
Data:  2409 : 2440
Data:  2409 : 2441
Data:  2409 : 2441
Data:  2409 : 2441
Data:  2409 : 2442
Data:  2409 : 2442
Data:  2409 : 2442
Data:  2409 : 2443
Data:  2409 : 2443
Data:  2409 : 2443
Data:  2409 : 2444
Data:  2409 : 2444
Data:  2409 : 2444
Data:  2410 : 63
Data:  2410 : 63
Data:  2410 : 2501
Data:  2410 : 2501
Data:  2410 : 2502
Data:  2410 : 2502
Data:  2410 : 2503
Data:  2410 : 2503
Data:  2410 : 2504
Data:  2410 : 2504
Data:  2411 : 121
Data:  2411 : 121
Data:  2411 : 2445
Data:  2411 : 2445
Data:  2411 : 2446
Data:  2411 : 2446
Data:  2411 : 2447
Data:  2411 : 2447
Data:  2411 : 2448
Data:  2411 : 2448
Data:  2411 : 2449
Data:  2411 : 2449
Data:  2411 : 2450
Data:  2411 : 2450
Data:  2411 : 2451
Data:  2411 : 2451
Data:  2411 : 2452
Data:  2411 : 2452
Data:  2411 : 2453
Data:  2411 : 2453
Data:  2411 : 2454
Data:  2411 : 2454
Data:  2411 : 2455
Data:  2411 : 2455
Data:  2411 : 2456
Data:  2411 : 2456
Data:  2411 : 2457
Data:  2411 : 2457
Data:  2411 : 2458
Data:  2411 : 2458
Data:  2411 : 2459
Data:  2411 : 2459
Data:  2411 : 2460
Data:  2411 : 2460
Data:  2411 : 2461
Data:  2411 : 2461
Data:  2411 : 2462
Data:  2411 : 2462
Data:  2411 : 2463
Data:  2411 : 2463
Data:  2411 : 2464
Data:  2411 : 2464
Data:  2411 : 2465
Data:  2411 : 2465
Data:  2411 : 2466
Data:  2411 : 2466
Data:  2411 : 2467
Data:  2411 : 2467
Data:  2411 : 2468
Data:  2411 : 2468
Data:  2411 : 2469
Data:  2411 : 2469
Data:  2413 : 431
Data:  2413 : 431
Data:  2413 : 6740
Data:  2413 : 6740
Data:  2413 : 6741
Data:  2413 : 6741
Data:  2413 : 6742
Data:  2413 : 6742
Data:  2413 : 6743
Data:  2413 : 6743
Data:  2413 : 6744
Data:  2413 : 6744
Data:  2413 : 6745
Data:  2413 : 6745
Data:  2413 : 6746
Data:  2413 : 6746
Data:  2413 : 6747
Data:  2413 : 6747
Data:  2414 : 11
Data:  2414 : 11
Data:  2414 : 6395
Data:  2414 : 6395
Data:  2414 : 6396
Data:  2414 : 6396
Data:  2414 : 6397
Data:  2414 : 6397
Data:  2414 : 6398
Data:  2414 : 6398
Data:  2414 : 6399
Data:  2414 : 6399
Data:  2414 : 6400
Data:  2414 : 6400
Data:  2414 : 6401
Data:  2414 : 6401
Data:  2414 : 6402
Data:  2414 : 6402
Data:  2414 : 6403
Data:  2414 : 6403
Data:  2414 : 6404
Data:  2414 : 6404
Data:  2414 : 6405
Data:  2414 : 6405
Data:  2414 : 6406
Data:  2414 : 6406
Data:  2414 : 6407
Data:  2414 : 6407
Data:  2414 : 6408
Data:  2414 : 6408
Data:  2414 : 6409
Data:  2414 : 6409
Data:  2414 : 6410
Data:  2414 : 6410
Data:  2414 : 6411
Data:  2414 : 6411
Data:  2414 : 6412
Data:  2414 : 6412
Data:  2414 : 6413
Data:  2414 : 6413
Data:  2414 : 6414
Data:  2414 : 6414
Data:  2414 : 6415
Data:  2414 : 6415
Data:  2414 : 6416
Data:  2414 : 6416
Data:  2414 : 6417
Data:  2414 : 6417
Data:  2414 : 6418
Data:  2414 : 6418
Data:  2414 : 6419
Data:  2414 : 6419
Data:  2414 : 6420
Data:  2414 : 6420
Data:  2414 : 6421
Data:  2414 : 6421
Data:  2414 : 6422
Data:  2414 : 6422
Data:  2414 : 6423
Data:  2414 : 6423
Data:  2414 : 6424
Data:  2414 : 6424
Data:  2414 : 6425
Data:  2414 : 6425
Data:  2414 : 6426
Data:  2414 : 6426
Data:  2414 : 6427
Data:  2414 : 6427
Data:  2414 : 6428
Data:  2414 : 6428
Data:  2414 : 6429
Data:  2414 : 6429
Data:  2414 : 6430
Data:  2414 : 6430
Data:  2414 : 6431
Data:  2414 : 6431
Data:  2414 : 6432
Data:  2414 : 6432
Data:  2414 : 6433
Data:  2414 : 6433
Data:  2414 : 6434
Data:  2414 : 6434
Data:  2414 : 6435
Data:  2414 : 6435
Data:  2414 : 6436
Data:  2414 : 6436
Data:  2414 : 6437
Data:  2414 : 6437
Data:  2414 : 6438
Data:  2414 : 6438
Data:  2414 : 6439
Data:  2414 : 6439
Data:  2414 : 6440
Data:  2414 : 6440
Data:  2414 : 6441
Data:  2414 : 6441
Data:  2414 : 6442
Data:  2414 : 6442
Data:  2414 : 6443
Data:  2414 : 6443
Data:  2414 : 6444
Data:  2414 : 6444
Data:  2415 : 61
Data:  2415 : 61
Data:  2415 : 61
Data:  2415 : 3002
Data:  2415 : 3002
Data:  2415 : 3002
Data:  2415 : 3003
Data:  2415 : 3003
Data:  2415 : 3003
Data:  2415 : 3004
Data:  2415 : 3004
Data:  2415 : 3004
Data:  2415 : 3005
Data:  2415 : 3005
Data:  2415 : 3005
Data:  2415 : 3006
Data:  2415 : 3006
Data:  2415 : 3006
Data:  2415 : 3007
Data:  2415 : 3007
Data:  2415 : 3007
Data:  2416 : 595
Data:  2416 : 595
Data:  2416 : 2990
Data:  2416 : 2990
Data:  2416 : 2991
Data:  2416 : 2991
Data:  2416 : 2992
Data:  2416 : 2992
Data:  2416 : 2993
Data:  2416 : 2993
Data:  2418 : 352
Data:  2418 : 352
Data:  2418 : 352
Data:  2418 : 2973
Data:  2418 : 2973
Data:  2418 : 2973
Data:  2420 : 120
Data:  2420 : 120
Data:  2420 : 120
Data:  2420 : 2509
Data:  2420 : 2509
Data:  2420 : 2509
Data:  2420 : 2510
Data:  2420 : 2510
Data:  2420 : 2510
Data:  2420 : 2511
Data:  2420 : 2511
Data:  2420 : 2511
Data:  2422 : 52
Data:  2422 : 52
Data:  2422 : 52
Data:  2422 : 2974
Data:  2422 : 2974
Data:  2422 : 2974
Data:  2422 : 2975
Data:  2422 : 2975
Data:  2422 : 2975
Data:  2422 : 2976
Data:  2422 : 2976
Data:  2422 : 2976
Data:  2422 : 2977
Data:  2422 : 2977
Data:  2422 : 2977
Data:  2423 : 677
Data:  2423 : 677
Data:  2423 : 677
Data:  2423 : 2986
Data:  2423 : 2986
Data:  2423 : 2986
Data:  2423 : 2987
Data:  2423 : 2987
Data:  2423 : 2987
Data:  2423 : 2988
Data:  2423 : 2988
Data:  2423 : 2988
Data:  2423 : 2989
Data:  2423 : 2989
Data:  2423 : 2989
Data:  2424 : 54
Data:  2424 : 54
Data:  2424 : 54
Data:  2425 : 427
Data:  2425 : 427
Data:  2425 : 2999
Data:  2425 : 2999
Data:  2425 : 3000
Data:  2425 : 3000
Data:  2425 : 3001
Data:  2425 : 3001
Data:  2426 : 58
Data:  2426 : 58
Data:  2426 : 58
Data:  2426 : 2982
Data:  2426 : 2982
Data:  2426 : 2982
Data:  2426 : 2983
Data:  2426 : 2983
Data:  2426 : 2983
Data:  2426 : 2984
Data:  2426 : 2984
Data:  2426 : 2984
Data:  2426 : 2985
Data:  2426 : 2985
Data:  2426 : 2985
Data:  2427 : 53
Data:  2427 : 53
Data:  2427 : 53
Data:  2427 : 2969
Data:  2427 : 2969
Data:  2427 : 2969
Data:  2427 : 2970
Data:  2427 : 2970
Data:  2427 : 2970
Data:  2427 : 2971
Data:  2427 : 2971
Data:  2427 : 2971
Data:  2427 : 2972
Data:  2427 : 2972
Data:  2427 : 2972
Data:  2429 : 433
Data:  2429 : 2487
Data:  2429 : 2488
Data:  2429 : 2489
Data:  2430 : 432
Data:  2430 : 432
Data:  2430 : 2493
Data:  2430 : 2493
Data:  2430 : 2494
Data:  2430 : 2494
Data:  2430 : 2495
Data:  2430 : 2495
Data:  2430 : 2496
Data:  2430 : 2496
Data:  2431 : 349
Data:  2431 : 349
Data:  2431 : 349
Data:  2431 : 2968
Data:  2431 : 2968
Data:  2431 : 2968
Data:  2432 : 430
Data:  2432 : 430
Data:  2432 : 2966
Data:  2432 : 2966
Data:  2432 : 2967
Data:  2432 : 2967
Data:  2433 : 403
Data:  2433 : 403
Data:  2433 : 2942
Data:  2433 : 2942
Data:  2433 : 2943
Data:  2433 : 2943
Data:  2433 : 2944
Data:  2433 : 2944
Data:  2433 : 2945
Data:  2433 : 2945
Data:  2433 : 2946
Data:  2433 : 2946
Data:  2434 : 57
Data:  2434 : 57
Data:  2434 : 57
Data:  2434 : 2940
Data:  2434 : 2940
Data:  2434 : 2940
Data:  2434 : 2941
Data:  2434 : 2941
Data:  2434 : 2941
Data:  2435 : 55
Data:  2435 : 55
Data:  2435 : 55
Data:  2435 : 2936
Data:  2435 : 2936
Data:  2435 : 2936
Data:  2435 : 2937
Data:  2435 : 2937
Data:  2435 : 2937
Data:  2435 : 2938
Data:  2435 : 2938
Data:  2435 : 2938
Data:  2435 : 2939
Data:  2435 : 2939
Data:  2435 : 2939
Data:  2436 : 56
Data:  2436 : 2898
Data:  2436 : 2899
Data:  2436 : 2900
Data:  2439 : 119
Data:  2439 : 119
Data:  2439 : 2491
Data:  2439 : 2491
Data:  2444 : 354
Data:  2444 : 354
Data:  2444 : 2933
Data:  2444 : 2933
Data:  2444 : 2934
Data:  2444 : 2934
Data:  2444 : 2935
Data:  2444 : 2935
Data:  2445 : 628
Data:  2445 : 628
Data:  2445 : 2619
Data:  2445 : 2619
Data:  2445 : 2620
Data:  2445 : 2620
Data:  2445 : 2621
Data:  2445 : 2621
Data:  2445 : 2622
Data:  2445 : 2622
Data:  2445 : 2623
Data:  2445 : 2623
Data:  2445 : 2624
Data:  2445 : 2624
Data:  2445 : 2625
Data:  2445 : 2625
Data:  2445 : 2626
Data:  2445 : 2626
Data:  2445 : 2627
Data:  2445 : 2627
Data:  2445 : 2628
Data:  2445 : 2628
Data:  2445 : 2629
Data:  2445 : 2629
Data:  2445 : 2630
Data:  2445 : 2630
Data:  2445 : 2631
Data:  2445 : 2631
Data:  2445 : 2632
Data:  2445 : 2632
Data:  2446 : 626
Data:  2446 : 626
Data:  2446 : 626
Data:  2446 : 3013
Data:  2446 : 3013
Data:  2446 : 3013
Data:  2447 : 627
Data:  2447 : 627
Data:  2447 : 627
Data:  2447 : 2492
Data:  2447 : 2492
Data:  2447 : 2492
Data:  2448 : 671
Data:  2448 : 3012
Data:  2449 : 597
Data:  2449 : 597
Data:  2449 : 597
Data:  2449 : 2994
Data:  2449 : 2994
Data:  2449 : 2994
Data:  2449 : 2995
Data:  2449 : 2995
Data:  2449 : 2995
Data:  2449 : 2996
Data:  2449 : 2996
Data:  2449 : 2996
Data:  2449 : 2997
Data:  2449 : 2997
Data:  2449 : 2997
Data:  2449 : 2998
Data:  2449 : 2998
Data:  2449 : 2998
Data:  2450 : 678
Data:  2450 : 678
Data:  2450 : 678
Data:  2451 : 686
Data:  2451 : 686
Data:  2451 : 6665
Data:  2451 : 6665
Data:  2451 : 6666
Data:  2451 : 6666
Data:  2451 : 6667
Data:  2451 : 6667
Data:  2451 : 6668
Data:  2451 : 6668
Data:  2451 : 6669
Data:  2451 : 6669
Data:  2451 : 6670
Data:  2451 : 6670
Data:  2451 : 6671
Data:  2451 : 6671
Data:  2451 : 6672
Data:  2451 : 6672
Data:  2451 : 6673
Data:  2451 : 6673
Data:  2451 : 6674
Data:  2451 : 6674
Data:  2451 : 6675
Data:  2451 : 6675
Data:  2451 : 6676
Data:  2451 : 6676
Data:  2451 : 6677
Data:  2451 : 6677
Data:  2451 : 6678
Data:  2451 : 6678
Data:  2451 : 6679
Data:  2451 : 6679
Data:  2451 : 6680
Data:  2451 : 6680
Data:  2451 : 6681
Data:  2451 : 6681
Data:  2451 : 6682
Data:  2451 : 6682
Data:  2451 : 6683
Data:  2451 : 6683
Data:  2451 : 6684
Data:  2451 : 6684
Data:  2451 : 6685
Data:  2451 : 6685
Data:  2451 : 6686
Data:  2451 : 6686
Data:  2451 : 6687
Data:  2451 : 6687
Data:  2451 : 6688
Data:  2451 : 6688
Data:  2451 : 6689
Data:  2451 : 6689
Data:  2451 : 6690
Data:  2451 : 6690
Data:  2451 : 6691
Data:  2451 : 6691
Data:  2451 : 6692
Data:  2451 : 6692
Data:  2451 : 6693
Data:  2451 : 6693
Data:  2451 : 6694
Data:  2451 : 6694
Data:  2451 : 6695
Data:  2451 : 6695
Data:  2451 : 6696
Data:  2451 : 6696
Data:  2451 : 6697
Data:  2451 : 6697
Data:  2451 : 6698
Data:  2451 : 6698
Data:  2451 : 6699
Data:  2451 : 6699
Data:  2451 : 6700
Data:  2451 : 6700
Data:  2451 : 6701
Data:  2451 : 6701
Data:  2451 : 6702
Data:  2451 : 6702
Data:  2451 : 6703
Data:  2451 : 6703
Data:  2452 : 670
Data:  2501 : 259
Data:  2501 : 259
Data:  2501 : 259
Data:  2501 : 4220
Data:  2501 : 4220
Data:  2501 : 4220
Data:  2501 : 4221
Data:  2501 : 4221
Data:  2501 : 4221
Data:  2501 : 4222
Data:  2501 : 4222
Data:  2501 : 4222
Data:  2501 : 4223
Data:  2501 : 4223
Data:  2501 : 4223
Data:  2501 : 4224
Data:  2501 : 4224
Data:  2501 : 4224
Data:  2501 : 4225
Data:  2501 : 4225
Data:  2501 : 4225
Data:  2501 : 4226
Data:  2501 : 4226
Data:  2501 : 4226
Data:  2501 : 4227
Data:  2501 : 4227
Data:  2501 : 4227
Data:  2501 : 4228
Data:  2501 : 4228
Data:  2501 : 4228
Data:  2501 : 4229
Data:  2501 : 4229
Data:  2501 : 4229
Data:  2501 : 4230
Data:  2501 : 4230
Data:  2501 : 4230
Data:  2501 : 4231
Data:  2501 : 4231
Data:  2501 : 4231
Data:  2501 : 4232
Data:  2501 : 4232
Data:  2501 : 4232
Data:  2502 : 258
Data:  2502 : 258
Data:  2502 : 258
Data:  2502 : 4233
Data:  2502 : 4233
Data:  2502 : 4233
Data:  2502 : 4234
Data:  2502 : 4234
Data:  2502 : 4234
Data:  2502 : 4235
Data:  2502 : 4235
Data:  2502 : 4235
Data:  2502 : 4236
Data:  2502 : 4236
Data:  2502 : 4236
Data:  2503 : 488
Data:  2503 : 488
Data:  2503 : 488
Data:  2503 : 4384
Data:  2503 : 4384
Data:  2503 : 4384
Data:  2503 : 4385
Data:  2503 : 4385
Data:  2503 : 4385
Data:  2503 : 4386
Data:  2503 : 4386
Data:  2503 : 4386
Data:  2504 : 248
Data:  2504 : 248
Data:  2504 : 248
Data:  2504 : 4380
Data:  2504 : 4380
Data:  2504 : 4380
Data:  2504 : 4381
Data:  2504 : 4381
Data:  2504 : 4381
Data:  2504 : 4382
Data:  2504 : 4382
Data:  2504 : 4382
Data:  2504 : 4383
Data:  2504 : 4383
Data:  2504 : 4383
Data:  2505 : 247
Data:  2505 : 247
Data:  2505 : 247
Data:  2505 : 4375
Data:  2505 : 4375
Data:  2505 : 4375
Data:  2505 : 4376
Data:  2505 : 4376
Data:  2505 : 4376
Data:  2505 : 4377
Data:  2505 : 4377
Data:  2505 : 4377
Data:  2505 : 4378
Data:  2505 : 4378
Data:  2505 : 4378
Data:  2505 : 4379
Data:  2505 : 4379
Data:  2505 : 4379
Data:  2506 : 246
Data:  2506 : 4371
Data:  2506 : 4372
Data:  2506 : 4373
Data:  2506 : 4374
Data:  2507 : 12
Data:  2507 : 12
Data:  2507 : 12
Data:  2507 : 3561
Data:  2507 : 3561
Data:  2507 : 3561
Data:  2507 : 3562
Data:  2507 : 3562
Data:  2507 : 3562
Data:  2507 : 3563
Data:  2507 : 3563
Data:  2507 : 3563
Data:  2508 : 251
Data:  2508 : 251
Data:  2508 : 251
Data:  2508 : 3558
Data:  2508 : 3558
Data:  2508 : 3558
Data:  2508 : 3559
Data:  2508 : 3559
Data:  2508 : 3559
Data:  2508 : 3560
Data:  2508 : 3560
Data:  2508 : 3560
Data:  2511 : 256
Data:  2511 : 256
Data:  2511 : 3550
Data:  2511 : 3550
Data:  2511 : 3551
Data:  2511 : 3551
Data:  2512 : 257
Data:  2512 : 257
Data:  2512 : 257
Data:  2512 : 3528
Data:  2512 : 3528
Data:  2512 : 3528
Data:  2512 : 3529
Data:  2512 : 3529
Data:  2512 : 3529
Data:  2512 : 3530
Data:  2512 : 3530
Data:  2512 : 3530
Data:  2512 : 3531
Data:  2512 : 3531
Data:  2512 : 3531
Data:  2512 : 3532
Data:  2512 : 3532
Data:  2512 : 3532
Data:  2512 : 3533
Data:  2512 : 3533
Data:  2512 : 3533
Data:  2512 : 3534
Data:  2512 : 3534
Data:  2512 : 3534
Data:  2512 : 3535
Data:  2512 : 3535
Data:  2512 : 3535
Data:  2513 : 489
Data:  2513 : 489
Data:  2513 : 3537
Data:  2513 : 3537
Data:  2513 : 3538
Data:  2513 : 3538
Data:  2513 : 3539
Data:  2513 : 3539
Data:  2513 : 3540
Data:  2513 : 3540
Data:  2514 : 255
Data:  2514 : 255
Data:  2514 : 3564
Data:  2514 : 3564
Data:  2514 : 3565
Data:  2514 : 3565
Data:  2514 : 3566
Data:  2514 : 3566
Data:  2515 : 254
Data:  2515 : 3601
Data:  2515 : 3602
Data:  2515 : 3603
Data:  2518 : 404
Data:  2518 : 3681
Data:  2518 : 3682
Data:  2518 : 3683
Data:  2518 : 3684
Data:  2519 : 409
Data:  2519 : 409
Data:  2519 : 3685
Data:  2519 : 3685
Data:  2519 : 3686
Data:  2519 : 3686
Data:  2519 : 3687
Data:  2519 : 3687
Data:  2519 : 3688
Data:  2519 : 3688
Data:  2523 : 412
Data:  2523 : 3567
Data:  2523 : 3568
Data:  2523 : 3569
Data:  2524 : 313
Data:  2524 : 313
Data:  2524 : 313
Data:  2524 : 3376
Data:  2524 : 3376
Data:  2524 : 3376
Data:  2524 : 3377
Data:  2524 : 3377
Data:  2524 : 3377
Data:  2524 : 3378
Data:  2524 : 3378
Data:  2524 : 3378
Data:  2524 : 3379
Data:  2524 : 3379
Data:  2524 : 3379
Data:  2524 : 3380
Data:  2524 : 3380
Data:  2524 : 3380
Data:  2524 : 3381
Data:  2524 : 3381
Data:  2524 : 3381
Data:  2524 : 3382
Data:  2524 : 3382
Data:  2524 : 3382
Data:  2524 : 3383
Data:  2524 : 3383
Data:  2524 : 3383
Data:  2524 : 3384
Data:  2524 : 3384
Data:  2524 : 3384
Data:  2525 : 416
Data:  2525 : 416
Data:  2525 : 3392
Data:  2525 : 3392
Data:  2525 : 3393
Data:  2525 : 3393
Data:  2525 : 3394
Data:  2525 : 3394
Data:  2525 : 3395
Data:  2525 : 3395
Data:  2525 : 3396
Data:  2525 : 3396
Data:  2525 : 3397
Data:  2525 : 3397
Data:  2525 : 3398
Data:  2525 : 3398
Data:  2525 : 3399
Data:  2525 : 3399
Data:  2526 : 630
Data:  2526 : 630
Data:  2526 : 630
Data:  2526 : 3407
Data:  2526 : 3407
Data:  2526 : 3407
Data:  2526 : 3408
Data:  2526 : 3408
Data:  2526 : 3408
Data:  2526 : 3409
Data:  2526 : 3409
Data:  2526 : 3409
Data:  2526 : 3410
Data:  2526 : 3410
Data:  2526 : 3410
Data:  2526 : 3411
Data:  2526 : 3411
Data:  2526 : 3411
Data:  2526 : 3412
Data:  2526 : 3412
Data:  2526 : 3412
Data:  2526 : 3413
Data:  2526 : 3413
Data:  2526 : 3413
Data:  2526 : 3414
Data:  2526 : 3414
Data:  2526 : 3414
Data:  2526 : 3415
Data:  2526 : 3415
Data:  2526 : 3415
Data:  2526 : 3416
Data:  2526 : 3416
Data:  2526 : 3416
Data:  2527 : 237
Data:  2527 : 237
Data:  2527 : 237
Data:  2527 : 3435
Data:  2527 : 3435
Data:  2527 : 3435
Data:  2527 : 3436
Data:  2527 : 3436
Data:  2527 : 3436
Data:  2528 : 633
Data:  2528 : 3418
Data:  2528 : 3419
Data:  2529 : 235
Data:  2529 : 235
Data:  2529 : 3372
Data:  2529 : 3372
Data:  2530 : 423
Data:  2530 : 423
Data:  2530 : 3361
Data:  2530 : 3361
Data:  2530 : 3362
Data:  2530 : 3362
Data:  2530 : 3363
Data:  2530 : 3363
Data:  2530 : 3364
Data:  2530 : 3364
Data:  2530 : 3365
Data:  2530 : 3365
Data:  2530 : 3366
Data:  2530 : 3366
Data:  2530 : 3367
Data:  2530 : 3367
Data:  2530 : 3368
Data:  2530 : 3368
Data:  2530 : 3369
Data:  2530 : 3369
Data:  2531 : 437
Data:  2531 : 3352
Data:  2531 : 3353
Data:  2531 : 3354
Data:  2531 : 3355
Data:  2531 : 3356
Data:  2531 : 3357
Data:  2531 : 3358
Data:  2531 : 3359
Data:  2531 : 3360
Data:  2532 : 327
Data:  2532 : 327
Data:  2532 : 327
Data:  2532 : 3286
Data:  2532 : 3286
Data:  2532 : 3286
Data:  2532 : 3287
Data:  2532 : 3287
Data:  2532 : 3287
Data:  2532 : 3288
Data:  2532 : 3288
Data:  2532 : 3288
Data:  2532 : 3289
Data:  2532 : 3289
Data:  2532 : 3289
Data:  2532 : 3290
Data:  2532 : 3290
Data:  2532 : 3290
Data:  2532 : 3291
Data:  2532 : 3291
Data:  2532 : 3291
Data:  2532 : 3292
Data:  2532 : 3292
Data:  2532 : 3292
Data:  2532 : 3293
Data:  2532 : 3293
Data:  2532 : 3293
Data:  2532 : 3294
Data:  2532 : 3294
Data:  2532 : 3294
Data:  2533 : 238
Data:  2533 : 238
Data:  2533 : 3305
Data:  2533 : 3305
Data:  2533 : 3306
Data:  2533 : 3306
Data:  2533 : 3307
Data:  2533 : 3307
Data:  2533 : 3308
Data:  2533 : 3308
Data:  2534 : 236
Data:  2534 : 236
Data:  2534 : 3420
Data:  2534 : 3420
Data:  2534 : 3421
Data:  2534 : 3421
Data:  2534 : 3422
Data:  2534 : 3422
Data:  2534 : 3423
Data:  2534 : 3423
Data:  2534 : 3424
Data:  2534 : 3424
Data:  2534 : 3425
Data:  2534 : 3425
Data:  2534 : 3426
Data:  2534 : 3426
Data:  2534 : 3427
Data:  2534 : 3427
Data:  2534 : 3428
Data:  2534 : 3428
Data:  2534 : 3429
Data:  2534 : 3429
Data:  2534 : 3430
Data:  2534 : 3430
Data:  2534 : 3431
Data:  2534 : 3431
Data:  2535 : 302
Data:  2535 : 302
Data:  2535 : 6322
Data:  2535 : 6322
Data:  2535 : 6323
Data:  2535 : 6323
Data:  2535 : 6324
Data:  2535 : 6324
Data:  2535 : 6325
Data:  2535 : 6325
Data:  2535 : 6326
Data:  2535 : 6326
Data:  2535 : 6327
Data:  2535 : 6327
Data:  2535 : 6328
Data:  2535 : 6328
Data:  2535 : 6329
Data:  2535 : 6329
Data:  2535 : 6330
Data:  2535 : 6330
Data:  2535 : 6331
Data:  2535 : 6331
Data:  2535 : 6332
Data:  2535 : 6332
Data:  2535 : 6333
Data:  2535 : 6333
Data:  2535 : 6334
Data:  2535 : 6334
Data:  2535 : 6335
Data:  2535 : 6335
Data:  2535 : 6336
Data:  2535 : 6336
Data:  2535 : 6337
Data:  2535 : 6337
Data:  2535 : 6338
Data:  2535 : 6338
Data:  2535 : 6339
Data:  2535 : 6339
Data:  2535 : 6340
Data:  2535 : 6340
Data:  2535 : 6341
Data:  2535 : 6341
Data:  2535 : 6342
Data:  2535 : 6342
Data:  2535 : 6343
Data:  2535 : 6343
Data:  2535 : 6344
Data:  2535 : 6344
Data:  2535 : 6345
Data:  2535 : 6345
Data:  2535 : 6346
Data:  2535 : 6346
Data:  2535 : 6347
Data:  2535 : 6347
Data:  2535 : 6348
Data:  2535 : 6348
Data:  2535 : 6349
Data:  2535 : 6349
Data:  2535 : 6350
Data:  2535 : 6350
Data:  2535 : 6351
Data:  2535 : 6351
Data:  2535 : 6352
Data:  2535 : 6352
Data:  2535 : 6353
Data:  2535 : 6353
Data:  2535 : 6354
Data:  2535 : 6354
Data:  2535 : 6355
Data:  2535 : 6355
Data:  2535 : 6356
Data:  2535 : 6356
Data:  2535 : 6357
Data:  2535 : 6357
Data:  2535 : 6358
Data:  2535 : 6358
Data:  2535 : 6359
Data:  2535 : 6359
Data:  2535 : 6360
Data:  2535 : 6360
Data:  2535 : 6361
Data:  2535 : 6361
Data:  2535 : 6362
Data:  2535 : 6362
Data:  2535 : 6363
Data:  2535 : 6363
Data:  2535 : 6364
Data:  2535 : 6364
Data:  2535 : 6365
Data:  2535 : 6365
Data:  2535 : 6366
Data:  2535 : 6366
Data:  2535 : 6367
Data:  2535 : 6367
Data:  2535 : 6368
Data:  2535 : 6368
Data:  2535 : 6369
Data:  2535 : 6369
Data:  2535 : 6370
Data:  2535 : 6370
Data:  2535 : 6371
Data:  2535 : 6371
Data:  2535 : 6372
Data:  2535 : 6372
Data:  2535 : 6373
Data:  2535 : 6373
Data:  2535 : 6374
Data:  2535 : 6374
Data:  2535 : 6375
Data:  2535 : 6375
Data:  2535 : 6376
Data:  2535 : 6376
Data:  2535 : 6377
Data:  2535 : 6377
Data:  2535 : 6378
Data:  2535 : 6378
Data:  2535 : 6379
Data:  2535 : 6379
Data:  2535 : 6380
Data:  2535 : 6380
Data:  2535 : 6381
Data:  2535 : 6381
Data:  2535 : 6382
Data:  2535 : 6382
Data:  2535 : 6383
Data:  2535 : 6383
Data:  2535 : 6384
Data:  2535 : 6384
Data:  2535 : 6385
Data:  2535 : 6385
Data:  2535 : 6386
Data:  2535 : 6386
Data:  2535 : 6387
Data:  2535 : 6387
Data:  2535 : 6388
Data:  2535 : 6388
Data:  2535 : 6389
Data:  2535 : 6389
Data:  2535 : 6390
Data:  2535 : 6390
Data:  2535 : 6391
Data:  2535 : 6391
Data:  2535 : 6392
Data:  2535 : 6392
Data:  2535 : 6393
Data:  2535 : 6393
Data:  2535 : 6394
Data:  2535 : 6394
Data:  2536 : 593
Data:  2536 : 593
Data:  2536 : 3657
Data:  2536 : 3657
Data:  2536 : 3658
Data:  2536 : 3658
Data:  2536 : 3659
Data:  2536 : 3659
Data:  2536 : 3660
Data:  2536 : 3660
Data:  2536 : 3661
Data:  2536 : 3661
Data:  2536 : 3662
Data:  2536 : 3662
Data:  2536 : 3663
Data:  2536 : 3663
Data:  2536 : 3664
Data:  2536 : 3664
Data:  2536 : 3665
Data:  2536 : 3665
Data:  2536 : 3666
Data:  2536 : 3666
Data:  2536 : 3667
Data:  2536 : 3667
Data:  2536 : 3668
Data:  2536 : 3668
Data:  2536 : 3669
Data:  2536 : 3669
Data:  2536 : 3670
Data:  2536 : 3670
Data:  2536 : 3671
Data:  2536 : 3671
Data:  2536 : 3672
Data:  2536 : 3672
Data:  2536 : 3673
Data:  2536 : 3673
Data:  2536 : 3674
Data:  2536 : 3674
Data:  2536 : 3675
Data:  2536 : 3675
Data:  2536 : 3676
Data:  2536 : 3676
Data:  2536 : 3677
Data:  2536 : 3677
Data:  2536 : 3678
Data:  2536 : 3678
Data:  2536 : 3679
Data:  2536 : 3679
Data:  2536 : 3680
Data:  2536 : 3680
Data:  2537 : 420
Data:  2537 : 420
Data:  2537 : 3437
Data:  2537 : 3437
Data:  2537 : 3438
Data:  2537 : 3438
Data:  2537 : 3439
Data:  2537 : 3439
Data:  2537 : 3440
Data:  2537 : 3440
Data:  2537 : 3441
Data:  2537 : 3441
Data:  2537 : 3442
Data:  2537 : 3442
Data:  2537 : 3443
Data:  2537 : 3443
Data:  2537 : 3444
Data:  2537 : 3444
Data:  2537 : 3445
Data:  2537 : 3445
Data:  2537 : 3446
Data:  2537 : 3446
Data:  2537 : 3447
Data:  2537 : 3447
Data:  2537 : 3448
Data:  2537 : 3448
Data:  2537 : 3449
Data:  2537 : 3449
Data:  2537 : 3450
Data:  2537 : 3450
Data:  2537 : 3451
Data:  2537 : 3451
Data:  2538 : 426
Data:  2538 : 3434
Data:  2539 : 62
Data:  2539 : 62
Data:  2539 : 3432
Data:  2539 : 3432
Data:  2539 : 3433
Data:  2539 : 3433
Data:  2540 : 594
Data:  2540 : 594
Data:  2540 : 3346
Data:  2540 : 3346
Data:  2540 : 3347
Data:  2540 : 3347
Data:  2540 : 3348
Data:  2540 : 3348
Data:  2540 : 3349
Data:  2540 : 3349
Data:  2540 : 3350
Data:  2540 : 3350
Data:  2540 : 3351
Data:  2540 : 3351
Data:  2541 : 405
Data:  2541 : 405
Data:  2541 : 3627
Data:  2541 : 3627
Data:  2541 : 3628
Data:  2541 : 3628
Data:  2541 : 3629
Data:  2541 : 3629
Data:  2541 : 3630
Data:  2541 : 3630
Data:  2541 : 3631
Data:  2541 : 3631
Data:  2541 : 3632
Data:  2541 : 3632
Data:  2541 : 3633
Data:  2541 : 3633
Data:  2541 : 3634
Data:  2541 : 3634
Data:  2541 : 3635
Data:  2541 : 3635
Data:  2541 : 3636
Data:  2541 : 3636
Data:  2541 : 3637
Data:  2541 : 3637
Data:  2541 : 3638
Data:  2541 : 3638
Data:  2541 : 3639
Data:  2541 : 3639
Data:  2541 : 3640
Data:  2541 : 3640
Data:  2541 : 3641
Data:  2541 : 3641
Data:  2541 : 3642
Data:  2541 : 3642
Data:  2541 : 3643
Data:  2541 : 3643
Data:  2541 : 3644
Data:  2541 : 3644
Data:  2541 : 3645
Data:  2541 : 3645
Data:  2541 : 3646
Data:  2541 : 3646
Data:  2541 : 3647
Data:  2541 : 3647
Data:  2541 : 3648
Data:  2541 : 3648
Data:  2541 : 3649
Data:  2541 : 3649
Data:  2541 : 3650
Data:  2541 : 3650
Data:  2542 : 406
Data:  2542 : 406
Data:  2542 : 3610
Data:  2542 : 3610
Data:  2542 : 3611
Data:  2542 : 3611
Data:  2542 : 3612
Data:  2542 : 3612
Data:  2542 : 3613
Data:  2542 : 3613
Data:  2542 : 3614
Data:  2542 : 3614
Data:  2542 : 3615
Data:  2542 : 3615
Data:  2542 : 3616
Data:  2542 : 3616
Data:  2542 : 3617
Data:  2542 : 3617
Data:  2542 : 3618
Data:  2542 : 3618
Data:  2542 : 3619
Data:  2542 : 3619
Data:  2542 : 3620
Data:  2542 : 3620
Data:  2542 : 3621
Data:  2542 : 3621
Data:  2542 : 3622
Data:  2542 : 3622
Data:  2542 : 3623
Data:  2542 : 3623
Data:  2542 : 3624
Data:  2542 : 3624
Data:  2542 : 3625
Data:  2542 : 3625
Data:  2542 : 3626
Data:  2542 : 3626
Data:  2544 : 428
Data:  2544 : 428
Data:  2544 : 3337
Data:  2544 : 3337
Data:  2544 : 3338
Data:  2544 : 3338
Data:  2544 : 3339
Data:  2544 : 3339
Data:  2544 : 3340
Data:  2544 : 3340
Data:  2544 : 3341
Data:  2544 : 3341
Data:  2544 : 3342
Data:  2544 : 3342
Data:  2544 : 3343
Data:  2544 : 3343
Data:  2544 : 3344
Data:  2544 : 3344
Data:  2544 : 3345
Data:  2544 : 3345
Data:  2545 : 229
Data:  2545 : 229
Data:  2545 : 229
Data:  2545 : 3273
Data:  2545 : 3273
Data:  2545 : 3273
Data:  2545 : 3274
Data:  2545 : 3274
Data:  2545 : 3274
Data:  2545 : 3275
Data:  2545 : 3275
Data:  2545 : 3275
Data:  2545 : 3276
Data:  2545 : 3276
Data:  2545 : 3276
Data:  2546 : 228
Data:  2546 : 228
Data:  2546 : 228
Data:  2546 : 3333
Data:  2546 : 3333
Data:  2546 : 3333
Data:  2546 : 3334
Data:  2546 : 3334
Data:  2546 : 3334
Data:  2546 : 3335
Data:  2546 : 3335
Data:  2546 : 3335
Data:  2546 : 3336
Data:  2546 : 3336
Data:  2546 : 3336
Data:  2547 : 227
Data:  2547 : 227
Data:  2547 : 227
Data:  2547 : 3385
Data:  2547 : 3385
Data:  2547 : 3385
Data:  2547 : 3386
Data:  2547 : 3386
Data:  2547 : 3386
Data:  2547 : 3387
Data:  2547 : 3387
Data:  2547 : 3387
Data:  2547 : 3388
Data:  2547 : 3388
Data:  2547 : 3388
Data:  2548 : 304
Data:  2548 : 3582
Data:  2548 : 3583
Data:  2548 : 3584
Data:  2548 : 3585
Data:  2548 : 3586
Data:  2548 : 3587
Data:  2548 : 3588
Data:  2548 : 3589
Data:  2548 : 3590
Data:  2548 : 3591
Data:  2548 : 3592
Data:  2548 : 3593
Data:  2548 : 3594
Data:  2548 : 3595
Data:  2548 : 3596
Data:  2548 : 3597
Data:  2548 : 3598
Data:  2548 : 3599
Data:  2548 : 3600
Data:  2549 : 328
Data:  2549 : 328
Data:  2549 : 3541
Data:  2549 : 3541
Data:  2549 : 3542
Data:  2549 : 3542
Data:  2549 : 3543
Data:  2549 : 3543
Data:  2549 : 3544
Data:  2549 : 3544
Data:  2549 : 3545
Data:  2549 : 3545
Data:  2549 : 3546
Data:  2549 : 3546
Data:  2549 : 3547
Data:  2549 : 3547
Data:  2549 : 3548
Data:  2549 : 3548
Data:  2549 : 3549
Data:  2549 : 3549
Data:  2550 : 231
Data:  2550 : 3312
Data:  2550 : 3313
Data:  2550 : 3314
Data:  2550 : 3315
Data:  2550 : 3316
Data:  2550 : 3317
Data:  2550 : 3318
Data:  2550 : 3319
Data:  2550 : 3320
Data:  2550 : 3321
Data:  2550 : 3322
Data:  2550 : 3323
Data:  2550 : 3324
Data:  2550 : 3325
Data:  2550 : 3326
Data:  2550 : 3327
Data:  2550 : 3328
Data:  2550 : 3329
Data:  2550 : 3330
Data:  2550 : 3331
Data:  2550 : 3332
Data:  2551 : 230
Data:  2551 : 230
Data:  2551 : 3269
Data:  2551 : 3269
Data:  2551 : 3270
Data:  2551 : 3270
Data:  2551 : 3271
Data:  2551 : 3271
Data:  2551 : 3272
Data:  2551 : 3272
Data:  2559 : 631
Data:  2559 : 631
Data:  2559 : 631
Data:  2559 : 3573
Data:  2559 : 3573
Data:  2559 : 3573
Data:  2559 : 3574
Data:  2559 : 3574
Data:  2559 : 3574
Data:  2559 : 3575
Data:  2559 : 3575
Data:  2559 : 3575
Data:  2560 : 632
Data:  2560 : 632
Data:  2560 : 3282
Data:  2560 : 3282
Data:  2560 : 3283
Data:  2560 : 3283
Data:  2560 : 3284
Data:  2560 : 3284
Data:  2560 : 3285
Data:  2560 : 3285
Data:  2562 : 667
Data:  2562 : 667
Data:  2562 : 667
Data:  2562 : 3295
Data:  2562 : 3295
Data:  2562 : 3295
Data:  2562 : 3296
Data:  2562 : 3296
Data:  2562 : 3296
Data:  2562 : 3297
Data:  2562 : 3297
Data:  2562 : 3297
Data:  2562 : 3298
Data:  2562 : 3298
Data:  2562 : 3298
Data:  2562 : 3299
Data:  2562 : 3299
Data:  2562 : 3299
Data:  2562 : 3300
Data:  2562 : 3300
Data:  2562 : 3300
Data:  2562 : 3301
Data:  2562 : 3301
Data:  2562 : 3301
Data:  2562 : 3302
Data:  2562 : 3302
Data:  2562 : 3302
Data:  2562 : 3303
Data:  2562 : 3303
Data:  2562 : 3303
Data:  2562 : 3304
Data:  2562 : 3304
Data:  2562 : 3304
Data:  2563 : 668
Data:  2563 : 668
Data:  2563 : 668
Data:  2564 : 669
Data:  2564 : 669
Data:  2564 : 3277
Data:  2564 : 3277
Data:  2564 : 3278
Data:  2564 : 3278
Data:  2564 : 3279
Data:  2564 : 3279
Data:  2564 : 3280
Data:  2564 : 3280
Data:  2564 : 3281
Data:  2564 : 3281
Data:  2565 : 672
Data:  2565 : 672
Data:  2565 : 3389
Data:  2565 : 3389
Data:  2565 : 3390
Data:  2565 : 3390
Data:  2565 : 3391
Data:  2565 : 3391
Data:  2566 : 673
Data:  2566 : 673
Data:  2566 : 3417
Data:  2566 : 3417
Data:  2567 : 685
Data:  2567 : 685
Data:  2567 : 685
Data:  2567 : 6295
Data:  2567 : 6295
Data:  2567 : 6295
Data:  2567 : 6296
Data:  2567 : 6296
Data:  2567 : 6296
Data:  2567 : 6297
Data:  2567 : 6297
Data:  2567 : 6297
Data:  2567 : 6298
Data:  2567 : 6298
Data:  2567 : 6298
Data:  2567 : 6299
Data:  2567 : 6299
Data:  2567 : 6299
Data:  2567 : 6300
Data:  2567 : 6300
Data:  2567 : 6300
Data:  2567 : 6301
Data:  2567 : 6301
Data:  2567 : 6301
Data:  2567 : 6302
Data:  2567 : 6302
Data:  2567 : 6302
Data:  2567 : 6303
Data:  2567 : 6303
Data:  2567 : 6303
Data:  2567 : 6304
Data:  2567 : 6304
Data:  2567 : 6304
Data:  2567 : 6305
Data:  2567 : 6305
Data:  2567 : 6305
Data:  2567 : 6306
Data:  2567 : 6306
Data:  2567 : 6306
Data:  2567 : 6307
Data:  2567 : 6307
Data:  2567 : 6307
Data:  2567 : 6308
Data:  2567 : 6308
Data:  2567 : 6308
Data:  2567 : 6309
Data:  2567 : 6309
Data:  2567 : 6309
Data:  2567 : 6310
Data:  2567 : 6310
Data:  2567 : 6310
Data:  2567 : 6311
Data:  2567 : 6311
Data:  2567 : 6311
Data:  2567 : 6312
Data:  2567 : 6312
Data:  2567 : 6312
Data:  2567 : 6313
Data:  2567 : 6313
Data:  2567 : 6313
Data:  2567 : 6314
Data:  2567 : 6314
Data:  2567 : 6314
Data:  2567 : 6315
Data:  2567 : 6315
Data:  2567 : 6315
Data:  2567 : 6316
Data:  2567 : 6316
Data:  2567 : 6316
Data:  2567 : 6317
Data:  2567 : 6317
Data:  2567 : 6317
Data:  2567 : 6318
Data:  2567 : 6318
Data:  2567 : 6318
Data:  2567 : 6319
Data:  2567 : 6319
Data:  2567 : 6319
Data:  2567 : 6320
Data:  2567 : 6320
Data:  2567 : 6320
Data:  2567 : 6321
Data:  2567 : 6321
Data:  2567 : 6321
Data:  2601 : 1
Data:  2601 : 1
Data:  2601 : 1
Data:  2601 : 4185
Data:  2601 : 4185
Data:  2601 : 4185
Data:  2601 : 4186
Data:  2601 : 4186
Data:  2601 : 4186
Data:  2601 : 4187
Data:  2601 : 4187
Data:  2601 : 4187
Data:  2601 : 4188
Data:  2601 : 4188
Data:  2601 : 4188
Data:  2601 : 4189
Data:  2601 : 4189
Data:  2601 : 4189
Data:  2601 : 4190
Data:  2601 : 4190
Data:  2601 : 4190
Data:  2601 : 4191
Data:  2601 : 4191
Data:  2601 : 4191
Data:  2601 : 4192
Data:  2601 : 4192
Data:  2601 : 4192
Data:  2601 : 4193
Data:  2601 : 4193
Data:  2601 : 4193
Data:  2601 : 4194
Data:  2601 : 4194
Data:  2601 : 4194
Data:  2601 : 4195
Data:  2601 : 4195
Data:  2601 : 4195
Data:  2601 : 4196
Data:  2601 : 4196
Data:  2601 : 4196
Data:  2601 : 4197
Data:  2601 : 4197
Data:  2601 : 4197
Data:  2601 : 4198
Data:  2601 : 4198
Data:  2601 : 4198
Data:  2601 : 4199
Data:  2601 : 4199
Data:  2601 : 4199
Data:  2601 : 4200
Data:  2601 : 4200
Data:  2601 : 4200
Data:  2601 : 4201
Data:  2601 : 4201
Data:  2601 : 4201
Data:  2601 : 4202
Data:  2601 : 4202
Data:  2601 : 4202
Data:  2601 : 4203
Data:  2601 : 4203
Data:  2601 : 4203
Data:  2602 : 293
Data:  2602 : 293
Data:  2602 : 4295
Data:  2602 : 4295
Data:  2602 : 4296
Data:  2602 : 4296
Data:  2602 : 4297
Data:  2602 : 4297
Data:  2602 : 4298
Data:  2602 : 4298
Data:  2602 : 4299
Data:  2602 : 4299
Data:  2602 : 4300
Data:  2602 : 4300
Data:  2602 : 4301
Data:  2602 : 4301
Data:  2602 : 4302
Data:  2602 : 4302
Data:  2602 : 4303
Data:  2602 : 4303
Data:  2602 : 4304
Data:  2602 : 4304
Data:  2602 : 4305
Data:  2602 : 4305
Data:  2602 : 4306
Data:  2602 : 4306
Data:  2602 : 4307
Data:  2602 : 4307
Data:  2602 : 4308
Data:  2602 : 4308
Data:  2602 : 4309
Data:  2602 : 4309
Data:  2602 : 4310
Data:  2602 : 4310
Data:  2602 : 4311
Data:  2602 : 4311
Data:  2602 : 4312
Data:  2602 : 4312
Data:  2602 : 4313
Data:  2602 : 4313
Data:  2602 : 4314
Data:  2602 : 4314
Data:  2602 : 4315
Data:  2602 : 4315
Data:  2602 : 4316
Data:  2602 : 4316
Data:  2602 : 4317
Data:  2602 : 4317
Data:  2602 : 4318
Data:  2602 : 4318
Data:  2603 : 382
Data:  2603 : 382
Data:  2603 : 382
Data:  2603 : 382
Data:  2603 : 4356
Data:  2603 : 4356
Data:  2603 : 4356
Data:  2603 : 4356
Data:  2603 : 4357
Data:  2603 : 4357
Data:  2603 : 4357
Data:  2603 : 4357
Data:  2603 : 4358
Data:  2603 : 4358
Data:  2603 : 4358
Data:  2603 : 4358
Data:  2603 : 4359
Data:  2603 : 4359
Data:  2603 : 4359
Data:  2603 : 4359
Data:  2604 : 291
Data:  2604 : 291
Data:  2604 : 4360
Data:  2604 : 4360
Data:  2604 : 4361
Data:  2604 : 4361
Data:  2604 : 4362
Data:  2604 : 4362
Data:  2604 : 4363
Data:  2604 : 4363
Data:  2605 : 362
Data:  2605 : 362
Data:  2605 : 362
Data:  2605 : 4364
Data:  2605 : 4364
Data:  2605 : 4364
Data:  2605 : 4365
Data:  2605 : 4365
Data:  2605 : 4365
Data:  2605 : 4366
Data:  2605 : 4366
Data:  2605 : 4366
Data:  2605 : 4367
Data:  2605 : 4367
Data:  2605 : 4367
Data:  2605 : 4368
Data:  2605 : 4368
Data:  2605 : 4368
Data:  2605 : 4369
Data:  2605 : 4369
Data:  2605 : 4369
Data:  2605 : 4370
Data:  2605 : 4370
Data:  2605 : 4370
Data:  2606 : 292
Data:  2606 : 292
Data:  2606 : 292
Data:  2606 : 6210
Data:  2606 : 6210
Data:  2606 : 6210
Data:  2606 : 6211
Data:  2606 : 6211
Data:  2606 : 6211
Data:  2606 : 6212
Data:  2606 : 6212
Data:  2606 : 6212
Data:  2606 : 6213
Data:  2606 : 6213
Data:  2606 : 6213
Data:  2606 : 6214
Data:  2606 : 6214
Data:  2606 : 6214
Data:  2606 : 6215
Data:  2606 : 6215
Data:  2606 : 6215
Data:  2606 : 6216
Data:  2606 : 6216
Data:  2606 : 6216
Data:  2606 : 6217
Data:  2606 : 6217
Data:  2606 : 6217
Data:  2606 : 6218
Data:  2606 : 6218
Data:  2606 : 6218
Data:  2606 : 6219
Data:  2606 : 6219
Data:  2606 : 6219
Data:  2606 : 6220
Data:  2606 : 6220
Data:  2606 : 6220
Data:  2606 : 6221
Data:  2606 : 6221
Data:  2606 : 6221
Data:  2606 : 6222
Data:  2606 : 6222
Data:  2606 : 6222
Data:  2606 : 6223
Data:  2606 : 6223
Data:  2606 : 6223
Data:  2606 : 6224
Data:  2606 : 6224
Data:  2606 : 6224
Data:  2606 : 6225
Data:  2606 : 6225
Data:  2606 : 6225
Data:  2606 : 6226
Data:  2606 : 6226
Data:  2606 : 6226
Data:  2606 : 6227
Data:  2606 : 6227
Data:  2606 : 6227
Data:  2606 : 6228
Data:  2606 : 6228
Data:  2606 : 6228
Data:  2606 : 6229
Data:  2606 : 6229
Data:  2606 : 6229
Data:  2606 : 6230
Data:  2606 : 6230
Data:  2606 : 6230
Data:  2606 : 6231
Data:  2606 : 6231
Data:  2606 : 6231
Data:  2606 : 6232
Data:  2606 : 6232
Data:  2606 : 6232
Data:  2606 : 6233
Data:  2606 : 6233
Data:  2606 : 6233
Data:  2606 : 6234
Data:  2606 : 6234
Data:  2606 : 6234
Data:  2606 : 6235
Data:  2606 : 6235
Data:  2606 : 6235
Data:  2606 : 6236
Data:  2606 : 6236
Data:  2606 : 6236
Data:  2606 : 6237
Data:  2606 : 6237
Data:  2606 : 6237
Data:  2606 : 6238
Data:  2606 : 6238
Data:  2606 : 6238
Data:  2606 : 6239
Data:  2606 : 6239
Data:  2606 : 6239
Data:  2606 : 6240
Data:  2606 : 6240
Data:  2606 : 6240
Data:  2606 : 6241
Data:  2606 : 6241
Data:  2606 : 6241
Data:  2606 : 6242
Data:  2606 : 6242
Data:  2606 : 6242
Data:  2606 : 6243
Data:  2606 : 6243
Data:  2606 : 6243
Data:  2606 : 6244
Data:  2606 : 6244
Data:  2606 : 6244
Data:  2606 : 6245
Data:  2606 : 6245
Data:  2606 : 6245
Data:  2606 : 6246
Data:  2606 : 6246
Data:  2606 : 6246
Data:  2606 : 6247
Data:  2606 : 6247
Data:  2606 : 6247
Data:  2606 : 6248
Data:  2606 : 6248
Data:  2606 : 6248
Data:  2606 : 6249
Data:  2606 : 6249
Data:  2606 : 6249
Data:  2606 : 6250
Data:  2606 : 6250
Data:  2606 : 6250
Data:  2606 : 6251
Data:  2606 : 6251
Data:  2606 : 6251
Data:  2606 : 6252
Data:  2606 : 6252
Data:  2606 : 6252
Data:  2606 : 6253
Data:  2606 : 6253
Data:  2606 : 6253
Data:  2607 : 294
Data:  2607 : 294
Data:  2607 : 4319
Data:  2607 : 4319
Data:  2607 : 4320
Data:  2607 : 4320
Data:  2607 : 4321
Data:  2607 : 4321
Data:  2607 : 4322
Data:  2607 : 4322
Data:  2607 : 4323
Data:  2607 : 4323
Data:  2607 : 4324
Data:  2607 : 4324
Data:  2607 : 4325
Data:  2607 : 4325
Data:  2608 : 581
Data:  2608 : 581
Data:  2608 : 4333
Data:  2608 : 4333
Data:  2608 : 4334
Data:  2608 : 4334
Data:  2608 : 4335
Data:  2608 : 4335
Data:  2608 : 4336
Data:  2608 : 4336
Data:  2610 : 299
Data:  2610 : 299
Data:  2610 : 4337
Data:  2610 : 4337
Data:  2610 : 4338
Data:  2610 : 4338
Data:  2610 : 4339
Data:  2610 : 4339
Data:  2611 : 295
Data:  2611 : 295
Data:  2611 : 4340
Data:  2611 : 4340
Data:  2611 : 4341
Data:  2611 : 4341
Data:  2611 : 4342
Data:  2611 : 4342
Data:  2612 : 296
Data:  2612 : 296
Data:  2612 : 4326
Data:  2612 : 4326
Data:  2612 : 4327
Data:  2612 : 4327
Data:  2612 : 4328
Data:  2612 : 4328
Data:  2612 : 4329
Data:  2612 : 4329
Data:  2612 : 4330
Data:  2612 : 4330
Data:  2612 : 4331
Data:  2612 : 4331
Data:  2612 : 4332
Data:  2612 : 4332
Data:  2616 : 305
Data:  2616 : 4241
Data:  2616 : 4242
Data:  2616 : 4243
Data:  2616 : 4244
Data:  2616 : 4245
Data:  2616 : 4246
Data:  2616 : 4247
Data:  2616 : 4248
Data:  2616 : 4249
Data:  2616 : 4250
Data:  2616 : 4251
Data:  2616 : 4252
Data:  2616 : 4253
Data:  2616 : 4254
Data:  2617 : 303
Data:  2617 : 4204
Data:  2617 : 4205
Data:  2617 : 4206
Data:  2617 : 4207
Data:  2617 : 4208
Data:  2617 : 4209
Data:  2617 : 4210
Data:  2617 : 4211
Data:  2617 : 4212
Data:  2617 : 4213
Data:  2617 : 4214
Data:  2617 : 4215
Data:  2617 : 4216
Data:  2617 : 4217
Data:  2618 : 592
Data:  2618 : 592
Data:  2618 : 4413
Data:  2618 : 4413
Data:  2618 : 4414
Data:  2618 : 4414
Data:  2618 : 4415
Data:  2618 : 4415
Data:  2618 : 4416
Data:  2618 : 4416
Data:  2618 : 4417
Data:  2618 : 4417
Data:  2618 : 4418
Data:  2618 : 4418
Data:  2618 : 4419
Data:  2618 : 4419
Data:  2618 : 4420
Data:  2618 : 4420
Data:  2618 : 4421
Data:  2618 : 4421
Data:  2618 : 4422
Data:  2618 : 4422
Data:  2618 : 4423
Data:  2618 : 4423
Data:  2618 : 4424
Data:  2618 : 4424
Data:  2618 : 4425
Data:  2618 : 4425
Data:  2618 : 4426
Data:  2618 : 4426
Data:  2618 : 4427
Data:  2618 : 4427
Data:  2618 : 4428
Data:  2618 : 4428
Data:  2618 : 4429
Data:  2618 : 4429
Data:  2618 : 4430
Data:  2618 : 4430
Data:  2620 : 590
Data:  2620 : 590
Data:  2620 : 4447
Data:  2620 : 4447
Data:  2620 : 4448
Data:  2620 : 4448
Data:  2620 : 4449
Data:  2620 : 4449
Data:  2620 : 4450
Data:  2620 : 4450
Data:  2620 : 4451
Data:  2620 : 4451
Data:  2620 : 4452
Data:  2620 : 4452
Data:  2620 : 4453
Data:  2620 : 4453
Data:  2620 : 4454
Data:  2620 : 4454
Data:  2620 : 4455
Data:  2620 : 4455
Data:  2620 : 4456
Data:  2620 : 4456
Data:  2620 : 4457
Data:  2620 : 4457
Data:  2620 : 4458
Data:  2620 : 4458
Data:  2620 : 4459
Data:  2620 : 4459
Data:  2620 : 4460
Data:  2620 : 4460
Data:  2621 : 301
Data:  2621 : 301
Data:  2621 : 301
Data:  2621 : 6257
Data:  2621 : 6257
Data:  2621 : 6257
Data:  2621 : 6258
Data:  2621 : 6258
Data:  2621 : 6258
Data:  2621 : 6259
Data:  2621 : 6259
Data:  2621 : 6259
Data:  2621 : 6260
Data:  2621 : 6260
Data:  2621 : 6260
Data:  2621 : 6261
Data:  2621 : 6261
Data:  2621 : 6261
Data:  2621 : 6262
Data:  2621 : 6262
Data:  2621 : 6262
Data:  2621 : 6263
Data:  2621 : 6263
Data:  2621 : 6263
Data:  2621 : 6264
Data:  2621 : 6264
Data:  2621 : 6264
Data:  2621 : 6265
Data:  2621 : 6265
Data:  2621 : 6265
Data:  2621 : 6266
Data:  2621 : 6266
Data:  2621 : 6266
Data:  2621 : 6267
Data:  2621 : 6267
Data:  2621 : 6267
Data:  2621 : 6268
Data:  2621 : 6268
Data:  2621 : 6268
Data:  2621 : 6269
Data:  2621 : 6269
Data:  2621 : 6269
Data:  2621 : 6270
Data:  2621 : 6270
Data:  2621 : 6270
Data:  2621 : 6271
Data:  2621 : 6271
Data:  2621 : 6271
Data:  2621 : 6272
Data:  2621 : 6272
Data:  2621 : 6272
Data:  2621 : 6273
Data:  2621 : 6273
Data:  2621 : 6273
Data:  2621 : 6274
Data:  2621 : 6274
Data:  2621 : 6274
Data:  2621 : 6275
Data:  2621 : 6275
Data:  2621 : 6275
Data:  2621 : 6276
Data:  2621 : 6276
Data:  2621 : 6276
Data:  2621 : 6277
Data:  2621 : 6277
Data:  2621 : 6277
Data:  2621 : 6278
Data:  2621 : 6278
Data:  2621 : 6278
Data:  2621 : 6279
Data:  2621 : 6279
Data:  2621 : 6279
Data:  2621 : 6280
Data:  2621 : 6280
Data:  2621 : 6280
Data:  2621 : 6281
Data:  2621 : 6281
Data:  2621 : 6281
Data:  2621 : 6282
Data:  2621 : 6282
Data:  2621 : 6282
Data:  2621 : 6283
Data:  2621 : 6283
Data:  2621 : 6283
Data:  2621 : 6284
Data:  2621 : 6284
Data:  2621 : 6284
Data:  2621 : 6285
Data:  2621 : 6285
Data:  2621 : 6285
Data:  2621 : 6286
Data:  2621 : 6286
Data:  2621 : 6286
Data:  2621 : 6287
Data:  2621 : 6287
Data:  2621 : 6287
Data:  2621 : 6288
Data:  2621 : 6288
Data:  2621 : 6288
Data:  2621 : 6289
Data:  2621 : 6289
Data:  2621 : 6289
Data:  2621 : 6290
Data:  2621 : 6290
Data:  2621 : 6290
Data:  2621 : 6291
Data:  2621 : 6291
Data:  2621 : 6291
Data:  2621 : 6292
Data:  2621 : 6292
Data:  2621 : 6292
Data:  2621 : 6293
Data:  2621 : 6293
Data:  2621 : 6293
Data:  2621 : 6294
Data:  2621 : 6294
Data:  2621 : 6294
Data:  2622 : 482
Data:  2622 : 482
Data:  2622 : 482
Data:  2622 : 4400
Data:  2622 : 4400
Data:  2622 : 4400
Data:  2622 : 4401
Data:  2622 : 4401
Data:  2622 : 4401
Data:  2622 : 4402
Data:  2622 : 4402
Data:  2622 : 4402
Data:  2622 : 4403
Data:  2622 : 4403
Data:  2622 : 4403
Data:  2623 : 242
Data:  2623 : 242
Data:  2623 : 242
Data:  2623 : 4404
Data:  2623 : 4404
Data:  2623 : 4404
Data:  2623 : 4405
Data:  2623 : 4405
Data:  2623 : 4405
Data:  2623 : 4406
Data:  2623 : 4406
Data:  2623 : 4406
Data:  2624 : 243
Data:  2624 : 243
Data:  2624 : 243
Data:  2624 : 4407
Data:  2624 : 4407
Data:  2624 : 4407
Data:  2624 : 4408
Data:  2624 : 4408
Data:  2624 : 4408
Data:  2624 : 4409
Data:  2624 : 4409
Data:  2624 : 4409
Data:  2625 : 244
Data:  2625 : 244
Data:  2625 : 244
Data:  2625 : 4410
Data:  2625 : 4410
Data:  2625 : 4410
Data:  2625 : 4411
Data:  2625 : 4411
Data:  2625 : 4411
Data:  2625 : 4412
Data:  2625 : 4412
Data:  2625 : 4412
Data:  2626 : 260
Data:  2626 : 260
Data:  2626 : 4258
Data:  2626 : 4258
Data:  2626 : 4259
Data:  2626 : 4259
Data:  2626 : 4260
Data:  2626 : 4260
Data:  2627 : 589
Data:  2627 : 589
Data:  2627 : 589
Data:  2627 : 4275
Data:  2627 : 4275
Data:  2627 : 4275
Data:  2627 : 4276
Data:  2627 : 4276
Data:  2627 : 4276
Data:  2627 : 4277
Data:  2627 : 4277
Data:  2627 : 4277
Data:  2627 : 4278
Data:  2627 : 4278
Data:  2627 : 4278
Data:  2627 : 4279
Data:  2627 : 4279
Data:  2627 : 4279
Data:  2627 : 4280
Data:  2627 : 4280
Data:  2627 : 4280
Data:  2627 : 4281
Data:  2627 : 4281
Data:  2627 : 4281
Data:  2627 : 4282
Data:  2627 : 4282
Data:  2627 : 4282
Data:  2627 : 4283
Data:  2627 : 4283
Data:  2627 : 4283
Data:  2627 : 4284
Data:  2627 : 4284
Data:  2627 : 4284
Data:  2627 : 4285
Data:  2627 : 4285
Data:  2627 : 4285
Data:  2627 : 4286
Data:  2627 : 4286
Data:  2627 : 4286
Data:  2628 : 485
Data:  2628 : 485
Data:  2628 : 485
Data:  2628 : 4261
Data:  2628 : 4261
Data:  2628 : 4261
Data:  2628 : 4262
Data:  2628 : 4262
Data:  2628 : 4262
Data:  2628 : 4263
Data:  2628 : 4263
Data:  2628 : 4263
Data:  2628 : 4264
Data:  2628 : 4264
Data:  2628 : 4264
Data:  2628 : 4265
Data:  2628 : 4265
Data:  2628 : 4265
Data:  2628 : 4266
Data:  2628 : 4266
Data:  2628 : 4266
Data:  2628 : 4267
Data:  2628 : 4267
Data:  2628 : 4267
Data:  2628 : 4268
Data:  2628 : 4268
Data:  2628 : 4268
Data:  2628 : 4269
Data:  2628 : 4269
Data:  2628 : 4269
Data:  2628 : 4270
Data:  2628 : 4270
Data:  2628 : 4270
Data:  2628 : 4271
Data:  2628 : 4271
Data:  2628 : 4271
Data:  2628 : 4272
Data:  2628 : 4272
Data:  2628 : 4272
Data:  2628 : 4273
Data:  2628 : 4273
Data:  2628 : 4273
Data:  2628 : 4274
Data:  2628 : 4274
Data:  2628 : 4274
Data:  2629 : 484
Data:  2629 : 484
Data:  2629 : 484
Data:  2629 : 4255
Data:  2629 : 4255
Data:  2629 : 4255
Data:  2629 : 4256
Data:  2629 : 4256
Data:  2629 : 4256
Data:  2629 : 4257
Data:  2629 : 4257
Data:  2629 : 4257
Data:  2630 : 487
Data:  2630 : 487
Data:  2630 : 487
Data:  2630 : 4397
Data:  2630 : 4397
Data:  2630 : 4397
Data:  2630 : 4398
Data:  2630 : 4398
Data:  2630 : 4398
Data:  2630 : 4399
Data:  2630 : 4399
Data:  2630 : 4399
Data:  2631 : 481
Data:  2631 : 481
Data:  2631 : 481
Data:  2631 : 4394
Data:  2631 : 4394
Data:  2631 : 4394
Data:  2631 : 4395
Data:  2631 : 4395
Data:  2631 : 4395
Data:  2631 : 4396
Data:  2631 : 4396
Data:  2631 : 4396
Data:  2632 : 480
Data:  2632 : 480
Data:  2632 : 480
Data:  2632 : 4391
Data:  2632 : 4391
Data:  2632 : 4391
Data:  2632 : 4392
Data:  2632 : 4392
Data:  2632 : 4392
Data:  2632 : 4393
Data:  2632 : 4393
Data:  2632 : 4393
Data:  2633 : 245
Data:  2633 : 245
Data:  2633 : 245
Data:  2633 : 4387
Data:  2633 : 4387
Data:  2633 : 4387
Data:  2633 : 4388
Data:  2633 : 4388
Data:  2633 : 4388
Data:  2633 : 4389
Data:  2633 : 4389
Data:  2633 : 4389
Data:  2633 : 4390
Data:  2633 : 4390
Data:  2633 : 4390
Data:  2701 : 372
Data:  2701 : 372
Data:  2701 : 372
Data:  2701 : 372
Data:  2701 : 5781
Data:  2701 : 5781
Data:  2701 : 5781
Data:  2701 : 5781
Data:  2701 : 5782
Data:  2701 : 5782
Data:  2701 : 5782
Data:  2701 : 5782
Data:  2701 : 5783
Data:  2701 : 5783
Data:  2701 : 5783
Data:  2701 : 5783
Data:  2701 : 5784
Data:  2701 : 5784
Data:  2701 : 5784
Data:  2701 : 5784
Data:  2701 : 5795
Data:  2701 : 5795
Data:  2701 : 5795
Data:  2701 : 5795
Data:  2701 : 5796
Data:  2701 : 5796
Data:  2701 : 5796
Data:  2701 : 5796
Data:  2701 : 5797
Data:  2701 : 5797
Data:  2701 : 5797
Data:  2701 : 5797
Data:  2701 : 5798
Data:  2701 : 5798
Data:  2701 : 5798
Data:  2701 : 5798
Data:  2701 : 5799
Data:  2701 : 5799
Data:  2701 : 5799
Data:  2701 : 5799
Data:  2701 : 5800
Data:  2701 : 5800
Data:  2701 : 5800
Data:  2701 : 5800
Data:  2701 : 5801
Data:  2701 : 5801
Data:  2701 : 5801
Data:  2701 : 5801
Data:  2701 : 5802
Data:  2701 : 5802
Data:  2701 : 5802
Data:  2701 : 5802
Data:  2701 : 5803
Data:  2701 : 5803
Data:  2701 : 5803
Data:  2701 : 5803
Data:  2701 : 5804
Data:  2701 : 5804
Data:  2701 : 5804
Data:  2701 : 5804
Data:  2701 : 5805
Data:  2701 : 5805
Data:  2701 : 5805
Data:  2701 : 5805
Data:  2701 : 5806
Data:  2701 : 5806
Data:  2701 : 5806
Data:  2701 : 5806
Data:  2701 : 5807
Data:  2701 : 5807
Data:  2701 : 5807
Data:  2701 : 5807
Data:  2701 : 5808
Data:  2701 : 5808
Data:  2701 : 5808
Data:  2701 : 5808
Data:  2701 : 5809
Data:  2701 : 5809
Data:  2701 : 5809
Data:  2701 : 5809
Data:  2702 : 634
Data:  2702 : 634
Data:  2702 : 6577
Data:  2702 : 6577
Data:  2702 : 6578
Data:  2702 : 6578
Data:  2702 : 6579
Data:  2702 : 6579
Data:  2702 : 6580
Data:  2702 : 6580
Data:  2702 : 6581
Data:  2702 : 6581
Data:  2702 : 6582
Data:  2702 : 6582
Data:  2702 : 6583
Data:  2702 : 6583
Data:  2702 : 6584
Data:  2702 : 6584
Data:  2702 : 6585
Data:  2702 : 6585
Data:  2702 : 6586
Data:  2702 : 6586
Data:  2702 : 6587
Data:  2702 : 6587
Data:  2702 : 6588
Data:  2702 : 6588
Data:  2702 : 6589
Data:  2702 : 6589
Data:  2702 : 6590
Data:  2702 : 6590
Data:  2702 : 6591
Data:  2702 : 6591
Data:  2702 : 6592
Data:  2702 : 6592
Data:  2702 : 6593
Data:  2702 : 6593
Data:  2702 : 6594
Data:  2702 : 6594
Data:  2702 : 6595
Data:  2702 : 6595
Data:  2702 : 6596
Data:  2702 : 6596
Data:  2702 : 6597
Data:  2702 : 6597
Data:  2702 : 6598
Data:  2702 : 6598
Data:  2702 : 6599
Data:  2702 : 6599
Data:  2703 : 373
Data:  2703 : 373
Data:  2703 : 373
Data:  2703 : 5785
Data:  2703 : 5785
Data:  2703 : 5785
Data:  2703 : 5786
Data:  2703 : 5786
Data:  2703 : 5786
Data:  2703 : 5787
Data:  2703 : 5787
Data:  2703 : 5787
Data:  2703 : 5788
Data:  2703 : 5788
Data:  2703 : 5788
Data:  2703 : 5789
Data:  2703 : 5789
Data:  2703 : 5789
Data:  2703 : 5790
Data:  2703 : 5790
Data:  2703 : 5790
Data:  2703 : 5791
Data:  2703 : 5791
Data:  2703 : 5791
Data:  2703 : 5792
Data:  2703 : 5792
Data:  2703 : 5792
Data:  2703 : 5793
Data:  2703 : 5793
Data:  2703 : 5793
Data:  2703 : 5794
Data:  2703 : 5794
Data:  2703 : 5794
Data:  2704 : 490
Data:  2704 : 490
Data:  2704 : 490
Data:  2704 : 6167
Data:  2704 : 6167
Data:  2704 : 6167
Data:  2704 : 6168
Data:  2704 : 6168
Data:  2704 : 6168
Data:  2704 : 6169
Data:  2704 : 6169
Data:  2704 : 6169
Data:  2704 : 6170
Data:  2704 : 6170
Data:  2704 : 6170
Data:  2704 : 6171
Data:  2704 : 6171
Data:  2704 : 6171
Data:  2704 : 6172
Data:  2704 : 6172
Data:  2704 : 6172
Data:  2704 : 6173
Data:  2704 : 6173
Data:  2704 : 6173
Data:  2704 : 6174
Data:  2704 : 6174
Data:  2704 : 6174
Data:  2704 : 6175
Data:  2704 : 6175
Data:  2704 : 6175
Data:  2704 : 6176
Data:  2704 : 6176
Data:  2704 : 6176
Data:  2704 : 6177
Data:  2704 : 6177
Data:  2704 : 6177
Data:  2704 : 6178
Data:  2704 : 6178
Data:  2704 : 6178
Data:  2704 : 6179
Data:  2704 : 6179
Data:  2704 : 6179
Data:  2704 : 6180
Data:  2704 : 6180
Data:  2704 : 6180
Data:  2704 : 6181
Data:  2704 : 6181
Data:  2704 : 6181
Data:  2704 : 6182
Data:  2704 : 6182
Data:  2704 : 6182
Data:  2704 : 6183
Data:  2704 : 6183
Data:  2704 : 6183
Data:  2704 : 6184
Data:  2704 : 6184
Data:  2704 : 6184
Data:  2704 : 6185
Data:  2704 : 6185
Data:  2704 : 6185
Data:  2704 : 6186
Data:  2704 : 6186
Data:  2704 : 6186
Data:  2704 : 6187
Data:  2704 : 6187
Data:  2704 : 6187
Data:  2704 : 6188
Data:  2704 : 6188
Data:  2704 : 6188
Data:  2704 : 6189
Data:  2704 : 6189
Data:  2704 : 6189
Data:  2704 : 6190
Data:  2704 : 6190
Data:  2704 : 6190
Data:  2704 : 6191
Data:  2704 : 6191
Data:  2704 : 6191
Data:  2704 : 6192
Data:  2704 : 6192
Data:  2704 : 6192
Data:  2704 : 6193
Data:  2704 : 6193
Data:  2704 : 6193
Data:  2704 : 6194
Data:  2704 : 6194
Data:  2704 : 6194
Data:  2704 : 6195
Data:  2704 : 6195
Data:  2704 : 6195
Data:  2704 : 6196
Data:  2704 : 6196
Data:  2704 : 6196
Data:  2704 : 6197
Data:  2704 : 6197
Data:  2704 : 6197
Data:  2704 : 6198
Data:  2704 : 6198
Data:  2704 : 6198
Data:  2704 : 6199
Data:  2704 : 6199
Data:  2704 : 6199
Data:  2704 : 6200
Data:  2704 : 6200
Data:  2704 : 6200
Data:  2704 : 6201
Data:  2704 : 6201
Data:  2704 : 6201
Data:  2704 : 6202
Data:  2704 : 6202
Data:  2704 : 6202
Data:  2704 : 6203
Data:  2704 : 6203
Data:  2704 : 6203
Data:  2704 : 6204
Data:  2704 : 6204
Data:  2704 : 6204
Data:  2704 : 6205
Data:  2704 : 6205
Data:  2704 : 6205
Data:  2704 : 6206
Data:  2704 : 6206
Data:  2704 : 6206
Data:  2704 : 6207
Data:  2704 : 6207
Data:  2704 : 6207
Data:  2704 : 6208
Data:  2704 : 6208
Data:  2704 : 6208
Data:  2704 : 6209
Data:  2704 : 6209
Data:  2704 : 6209
Data:  2801 : 366
Data:  2801 : 366
Data:  2801 : 6445
Data:  2801 : 6445
Data:  2801 : 6446
Data:  2801 : 6446
Data:  2801 : 6447
Data:  2801 : 6447
Data:  2801 : 6448
Data:  2801 : 6448
Data:  2801 : 6449
Data:  2801 : 6449
Data:  2801 : 6450
Data:  2801 : 6450
Data:  2801 : 6451
Data:  2801 : 6451
Data:  2801 : 6452
Data:  2801 : 6452
Data:  2801 : 6453
Data:  2801 : 6453
Data:  2801 : 6454
Data:  2801 : 6454
Data:  2801 : 6455
Data:  2801 : 6455
Data:  2801 : 6456
Data:  2801 : 6456
Data:  2801 : 6457
Data:  2801 : 6457
Data:  2801 : 6458
Data:  2801 : 6458
Data:  2801 : 6459
Data:  2801 : 6459
Data:  2801 : 6460
Data:  2801 : 6460
Data:  2801 : 6461
Data:  2801 : 6461
Data:  2801 : 6462
Data:  2801 : 6462
Data:  2801 : 6463
Data:  2801 : 6463
Data:  2801 : 6464
Data:  2801 : 6464
Data:  2801 : 6465
Data:  2801 : 6465
Data:  2801 : 6466
Data:  2801 : 6466
Data:  2801 : 6467
Data:  2801 : 6467
Data:  2801 : 6468
Data:  2801 : 6468
Data:  2801 : 6469
Data:  2801 : 6469
Data:  2801 : 6470
Data:  2801 : 6470
Data:  2801 : 6471
Data:  2801 : 6471
Data:  2801 : 6472
Data:  2801 : 6472
Data:  2801 : 6473
Data:  2801 : 6473
Data:  2801 : 6474
Data:  2801 : 6474
Data:  2801 : 6475
Data:  2801 : 6475
Data:  2801 : 6476
Data:  2801 : 6476
Data:  2801 : 6477
Data:  2801 : 6477
Data:  2801 : 6478
Data:  2801 : 6478
Data:  2801 : 6479
Data:  2801 : 6479
Data:  2801 : 6480
Data:  2801 : 6480
Data:  2801 : 6481
Data:  2801 : 6481
Data:  2801 : 6482
Data:  2801 : 6482
Data:  2801 : 6483
Data:  2801 : 6483
Data:  2801 : 6484
Data:  2801 : 6484
Data:  2801 : 6485
Data:  2801 : 6485
Data:  2801 : 6486
Data:  2801 : 6486
Data:  2801 : 6487
Data:  2801 : 6487
Data:  2801 : 6488
Data:  2801 : 6488
Data:  2801 : 6489
Data:  2801 : 6489
Data:  2801 : 6490
Data:  2801 : 6490
Data:  2801 : 6491
Data:  2801 : 6491
Data:  2801 : 6492
Data:  2801 : 6492
Data:  2801 : 6493
Data:  2801 : 6493
Data:  2801 : 6494
Data:  2801 : 6494
Data:  2801 : 6495
Data:  2801 : 6495
Data:  2801 : 6496
Data:  2801 : 6496
Data:  2801 : 6497
Data:  2801 : 6497
Data:  2801 : 6498
Data:  2801 : 6498
Data:  2801 : 6499
Data:  2801 : 6499
Data:  2801 : 6500
Data:  2801 : 6500
Data:  2801 : 6501
Data:  2801 : 6501
Data:  2801 : 6502
Data:  2801 : 6502
Data:  2801 : 6503
Data:  2801 : 6503
Data:  2801 : 6504
Data:  2801 : 6504
Data:  2801 : 6505
Data:  2801 : 6505
Data:  2801 : 6506
Data:  2801 : 6506
Data:  2801 : 6507
Data:  2801 : 6507
Data:  2801 : 6508
Data:  2801 : 6508
Data:  2801 : 6509
Data:  2801 : 6509
Data:  2801 : 6510
Data:  2801 : 6510
Data:  2801 : 6511
Data:  2801 : 6511
Data:  2801 : 6512
Data:  2801 : 6512
Data:  2801 : 6513
Data:  2801 : 6513
Data:  2801 : 6514
Data:  2801 : 6514
Data:  2801 : 6515
Data:  2801 : 6515
Data:  2801 : 6516
Data:  2801 : 6516
Data:  2801 : 6517
Data:  2801 : 6517
Data:  2801 : 6518
Data:  2801 : 6518
Data:  2801 : 6519
Data:  2801 : 6519
Data:  2801 : 6520
Data:  2801 : 6520
Data:  2801 : 6521
Data:  2801 : 6521
Data:  2801 : 6522
Data:  2801 : 6522
Data:  2801 : 6523
Data:  2801 : 6523
Data:  2801 : 6524
Data:  2801 : 6524
Data:  2801 : 6525
Data:  2801 : 6525
Data:  2801 : 6526
Data:  2801 : 6526
Data:  2801 : 6527
Data:  2801 : 6527
Data:  2801 : 6528
Data:  2801 : 6528
Data:  2801 : 6529
Data:  2801 : 6529
Data:  2801 : 6530
Data:  2801 : 6530
Data:  2801 : 6531
Data:  2801 : 6531
Data:  2801 : 6532
Data:  2801 : 6532
Data:  2801 : 6533
Data:  2801 : 6533
Data:  2801 : 6534
Data:  2801 : 6534
Data:  2801 : 6535
Data:  2801 : 6535
Data:  2801 : 6536
Data:  2801 : 6536
Data:  2801 : 6537
Data:  2801 : 6537
Data:  2801 : 6538
Data:  2801 : 6538
Data:  2801 : 6539
Data:  2801 : 6539
Data:  2801 : 6540
Data:  2801 : 6540
Data:  2801 : 6541
Data:  2801 : 6541
Data:  2801 : 6542
Data:  2801 : 6542
Data:  2801 : 6543
Data:  2801 : 6543
Data:  2801 : 6544
Data:  2801 : 6544
Data:  2801 : 6545
Data:  2801 : 6545
Data:  2801 : 6546
Data:  2801 : 6546
Data:  2801 : 6547
Data:  2801 : 6547
Data:  2801 : 6548
Data:  2801 : 6548
Data:  2801 : 6549
Data:  2801 : 6549
Data:  2801 : 6550
Data:  2801 : 6550
Data:  2801 : 6551
Data:  2801 : 6551
Data:  2801 : 6552
Data:  2801 : 6552
Data:  2801 : 6553
Data:  2801 : 6553
Data:  2801 : 6554
Data:  2801 : 6554
Data:  2801 : 6555
Data:  2801 : 6555
Data:  2801 : 6556
Data:  2801 : 6556
Data:  2801 : 6557
Data:  2801 : 6557
Data:  2801 : 6558
Data:  2801 : 6558
Data:  2801 : 6559
Data:  2801 : 6559
Data:  2801 : 6560
Data:  2801 : 6560
Data:  2801 : 6561
Data:  2801 : 6561
Data:  2801 : 6562
Data:  2801 : 6562
Data:  2801 : 6563
Data:  2801 : 6563
Data:  2801 : 6564
Data:  2801 : 6564
Data:  2801 : 6565
Data:  2801 : 6565
Data:  2801 : 6566
Data:  2801 : 6566
Data:  2801 : 6567
Data:  2801 : 6567
Data:  2801 : 6568
Data:  2801 : 6568
Data:  2801 : 6569
Data:  2801 : 6569
Data:  2801 : 6570
Data:  2801 : 6570
Data:  2801 : 6571
Data:  2801 : 6571
Data:  2801 : 6572
Data:  2801 : 6572
Data:  2801 : 6573
Data:  2801 : 6573
Data:  2801 : 6574
Data:  2801 : 6574
Data:  2801 : 6575
Data:  2801 : 6575
Data:  2801 : 6576
Data:  2801 : 6576
Data:  2801 : 6600
Data:  2801 : 6600
Data:  2801 : 6601
Data:  2801 : 6601
Data:  2801 : 6602
Data:  2801 : 6602
Data:  2801 : 6603
Data:  2801 : 6603
Data:  2801 : 6604
Data:  2801 : 6604
Data:  2801 : 6605
Data:  2801 : 6605
Data:  2801 : 6606
Data:  2801 : 6606
Data:  2801 : 6607
Data:  2801 : 6607
Data:  2801 : 6608
Data:  2801 : 6608
Data:  2801 : 6609
Data:  2801 : 6609
Data:  2801 : 6610
Data:  2801 : 6610
Data:  2801 : 6611
Data:  2801 : 6611
Data:  2801 : 6612
Data:  2801 : 6612
Data:  2801 : 6613
Data:  2801 : 6613
Data:  2801 : 6614
Data:  2801 : 6614
Data:  2801 : 6615
Data:  2801 : 6615
Data:  2801 : 6616
Data:  2801 : 6616
Data:  2801 : 6617
Data:  2801 : 6617
Data:  2801 : 6618
Data:  2801 : 6618
Data:  2801 : 6619
Data:  2801 : 6619
Data:  2801 : 6620
Data:  2801 : 6620
Data:  2801 : 6621
Data:  2801 : 6621
Data:  2801 : 6622
Data:  2801 : 6622
Data:  2801 : 6623
Data:  2801 : 6623
Data:  2801 : 6624
Data:  2801 : 6624
Data:  2801 : 6625
Data:  2801 : 6625
Data:  2801 : 6626
Data:  2801 : 6626
Data:  2801 : 6627
Data:  2801 : 6627
Data:  2801 : 6628
Data:  2801 : 6628
Data:  2801 : 6629
Data:  2801 : 6629
Data:  2801 : 6630
Data:  2801 : 6630
Data:  2801 : 6631
Data:  2801 : 6631
Data:  2801 : 6632
Data:  2801 : 6632
Data:  2801 : 6633
Data:  2801 : 6633
Data:  2801 : 6634
Data:  2801 : 6634
Data:  2801 : 6635
Data:  2801 : 6635
Data:  2801 : 6636
Data:  2801 : 6636
Data:  2801 : 6637
Data:  2801 : 6637
Data:  2801 : 6638
Data:  2801 : 6638
Data:  2801 : 6639
Data:  2801 : 6639
Data:  2801 : 6640
Data:  2801 : 6640
Data:  2801 : 6641
Data:  2801 : 6641
Data:  2801 : 6642
Data:  2801 : 6642
Data:  2801 : 6643
Data:  2801 : 6643
Data:  2801 : 6644
Data:  2801 : 6644
Data:  2801 : 6645
Data:  2801 : 6645
Data:  2801 : 6646
Data:  2801 : 6646
Data:  2801 : 6647
Data:  2801 : 6647
Data:  2801 : 6648
Data:  2801 : 6648
Data:  2801 : 6649
Data:  2801 : 6649
Data:  2801 : 6650
Data:  2801 : 6650
Data:  2801 : 6651
Data:  2801 : 6651
Data:  2801 : 6652
Data:  2801 : 6652
Data:  2801 : 6653
Data:  2801 : 6653
Data:  2801 : 6654
Data:  2801 : 6654
Data:  2801 : 6655
Data:  2801 : 6655
Data:  2801 : 6656
Data:  2801 : 6656
Data:  2801 : 6657
Data:  2801 : 6657
Data:  2801 : 6658
Data:  2801 : 6658
Data:  2801 : 6659
Data:  2801 : 6659
Data:  2801 : 6660
Data:  2801 : 6660
Data:  2801 : 6661
Data:  2801 : 6661
Data:  2801 : 6662
Data:  2801 : 6662
Data:  2801 : 6663
Data:  2801 : 6663
Data:  2801 : 6664
Data:  2801 : 6664
Data:  2802 : 368
Data:  2802 : 368
Data:  2802 : 368
Data:  2802 : 368
Data:  2802 : 5971
Data:  2802 : 5971
Data:  2802 : 5971
Data:  2802 : 5971
Data:  2802 : 5972
Data:  2802 : 5972
Data:  2802 : 5972
Data:  2802 : 5972
Data:  2802 : 5973
Data:  2802 : 5973
Data:  2802 : 5973
Data:  2802 : 5973
Data:  2802 : 5974
Data:  2802 : 5974
Data:  2802 : 5974
Data:  2802 : 5974
Data:  2802 : 5975
Data:  2802 : 5975
Data:  2802 : 5975
Data:  2802 : 5975
Data:  2802 : 5976
Data:  2802 : 5976
Data:  2802 : 5976
Data:  2802 : 5976
Data:  2802 : 5977
Data:  2802 : 5977
Data:  2802 : 5977
Data:  2802 : 5977
Data:  2802 : 5978
Data:  2802 : 5978
Data:  2802 : 5978
Data:  2802 : 5978
Data:  2802 : 5979
Data:  2802 : 5979
Data:  2802 : 5979
Data:  2802 : 5979
Data:  2802 : 5980
Data:  2802 : 5980
Data:  2802 : 5980
Data:  2802 : 5980
Data:  2802 : 5981
Data:  2802 : 5981
Data:  2802 : 5981
Data:  2802 : 5981
Data:  2802 : 5982
Data:  2802 : 5982
Data:  2802 : 5982
Data:  2802 : 5982
Data:  2802 : 5983
Data:  2802 : 5983
Data:  2802 : 5983
Data:  2802 : 5983
Data:  2802 : 5984
Data:  2802 : 5984
Data:  2802 : 5984
Data:  2802 : 5984
Data:  2802 : 5985
Data:  2802 : 5985
Data:  2802 : 5985
Data:  2802 : 5985
Data:  2802 : 5986
Data:  2802 : 5986
Data:  2802 : 5986
Data:  2802 : 5986
Data:  2802 : 5987
Data:  2802 : 5987
Data:  2802 : 5987
Data:  2802 : 5987
Data:  2802 : 5988
Data:  2802 : 5988
Data:  2802 : 5988
Data:  2802 : 5988
Data:  2802 : 5989
Data:  2802 : 5989
Data:  2802 : 5989
Data:  2802 : 5989
Data:  2802 : 5990
Data:  2802 : 5990
Data:  2802 : 5990
Data:  2802 : 5990
Data:  2802 : 5991
Data:  2802 : 5991
Data:  2802 : 5991
Data:  2802 : 5991
Data:  2802 : 5992
Data:  2802 : 5992
Data:  2802 : 5992
Data:  2802 : 5992
Data:  2802 : 5993
Data:  2802 : 5993
Data:  2802 : 5993
Data:  2802 : 5993
Data:  2802 : 5994
Data:  2802 : 5994
Data:  2802 : 5994
Data:  2802 : 5994
Data:  2802 : 5995
Data:  2802 : 5995
Data:  2802 : 5995
Data:  2802 : 5995
Data:  2802 : 5996
Data:  2802 : 5996
Data:  2802 : 5996
Data:  2802 : 5996
Data:  2802 : 5997
Data:  2802 : 5997
Data:  2802 : 5997
Data:  2802 : 5997
Data:  2802 : 5998
Data:  2802 : 5998
Data:  2802 : 5998
Data:  2802 : 5998
Data:  2803 : 17
Data:  2803 : 17
Data:  2803 : 6090
Data:  2803 : 6090
Data:  2803 : 6091
Data:  2803 : 6091
Data:  2803 : 6092
Data:  2803 : 6092
Data:  2803 : 6093
Data:  2803 : 6093
Data:  2803 : 6094
Data:  2803 : 6094
Data:  2803 : 6095
Data:  2803 : 6095
Data:  2803 : 6096
Data:  2803 : 6096
Data:  2803 : 6097
Data:  2803 : 6097
Data:  2803 : 6098
Data:  2803 : 6098
Data:  2803 : 6099
Data:  2803 : 6099
Data:  2803 : 6100
Data:  2803 : 6100
Data:  2803 : 6101
Data:  2803 : 6101
Data:  2804 : 18
Data:  2804 : 18
Data:  2804 : 6073
Data:  2804 : 6073
Data:  2804 : 6074
Data:  2804 : 6074
Data:  2804 : 6075
Data:  2804 : 6075
Data:  2804 : 6076
Data:  2804 : 6076
Data:  2804 : 6077
Data:  2804 : 6077
Data:  2804 : 6078
Data:  2804 : 6078
Data:  2804 : 6079
Data:  2804 : 6079
Data:  2804 : 6080
Data:  2804 : 6080
Data:  2804 : 6081
Data:  2804 : 6081
Data:  2805 : 9
Data:  2805 : 9
Data:  2805 : 9
Data:  2805 : 6046
Data:  2805 : 6046
Data:  2805 : 6046
Data:  2805 : 6047
Data:  2805 : 6047
Data:  2805 : 6047
Data:  2805 : 6048
Data:  2805 : 6048
Data:  2805 : 6048
Data:  2805 : 6049
Data:  2805 : 6049
Data:  2805 : 6049
Data:  2805 : 6050
Data:  2805 : 6050
Data:  2805 : 6050
Data:  2805 : 6051
Data:  2805 : 6051
Data:  2805 : 6051
Data:  2805 : 6052
Data:  2805 : 6052
Data:  2805 : 6052
Data:  2805 : 6053
Data:  2805 : 6053
Data:  2805 : 6053
Data:  2805 : 6054
Data:  2805 : 6054
Data:  2805 : 6054
Data:  2805 : 6055
Data:  2805 : 6055
Data:  2805 : 6055
Data:  2805 : 6056
Data:  2805 : 6056
Data:  2805 : 6056
Data:  2805 : 6057
Data:  2805 : 6057
Data:  2805 : 6057
Data:  2805 : 6058
Data:  2805 : 6058
Data:  2805 : 6058
Data:  2805 : 6059
Data:  2805 : 6059
Data:  2805 : 6059
Data:  2805 : 6060
Data:  2805 : 6060
Data:  2805 : 6060
Data:  2805 : 6061
Data:  2805 : 6061
Data:  2805 : 6061
Data:  2805 : 6062
Data:  2805 : 6062
Data:  2805 : 6062
Data:  2805 : 6063
Data:  2805 : 6063
Data:  2805 : 6063
Data:  2805 : 6082
Data:  2805 : 6082
Data:  2805 : 6082
Data:  2805 : 6083
Data:  2805 : 6083
Data:  2805 : 6083
Data:  2805 : 6084
Data:  2805 : 6084
Data:  2805 : 6084
Data:  2805 : 6085
Data:  2805 : 6085
Data:  2805 : 6085
Data:  2806 : 27
Data:  2806 : 6064
Data:  2806 : 6065
Data:  2806 : 6066
Data:  2806 : 6067
Data:  2806 : 6068
Data:  2806 : 6069
Data:  2806 : 6070
Data:  2806 : 6071
Data:  2806 : 6072
Data:  2807 : 28
Data:  2807 : 28
Data:  2807 : 6037
Data:  2807 : 6037
Data:  2807 : 6038
Data:  2807 : 6038
Data:  2807 : 6039
Data:  2807 : 6039
Data:  2807 : 6040
Data:  2807 : 6040
Data:  2807 : 6041
Data:  2807 : 6041
Data:  2807 : 6042
Data:  2807 : 6042
Data:  2807 : 6043
Data:  2807 : 6043
Data:  2807 : 6044
Data:  2807 : 6044
Data:  2807 : 6045
Data:  2807 : 6045
Data:  2808 : 26
Data:  2808 : 26
Data:  2808 : 26
Data:  2808 : 6019
Data:  2808 : 6019
Data:  2808 : 6019
Data:  2808 : 6020
Data:  2808 : 6020
Data:  2808 : 6020
Data:  2808 : 6021
Data:  2808 : 6021
Data:  2808 : 6021
Data:  2808 : 6022
Data:  2808 : 6022
Data:  2808 : 6022
Data:  2808 : 6023
Data:  2808 : 6023
Data:  2808 : 6023
Data:  2808 : 6024
Data:  2808 : 6024
Data:  2808 : 6024
Data:  2808 : 6025
Data:  2808 : 6025
Data:  2808 : 6025
Data:  2808 : 6026
Data:  2808 : 6026
Data:  2808 : 6026
Data:  2808 : 6027
Data:  2808 : 6027
Data:  2808 : 6027
Data:  2808 : 6028
Data:  2808 : 6028
Data:  2808 : 6028
Data:  2808 : 6029
Data:  2808 : 6029
Data:  2808 : 6029
Data:  2808 : 6030
Data:  2808 : 6030
Data:  2808 : 6030
Data:  2808 : 6031
Data:  2808 : 6031
Data:  2808 : 6031
Data:  2808 : 6032
Data:  2808 : 6032
Data:  2808 : 6032
Data:  2808 : 6033
Data:  2808 : 6033
Data:  2808 : 6033
Data:  2808 : 6034
Data:  2808 : 6034
Data:  2808 : 6034
Data:  2808 : 6035
Data:  2808 : 6035
Data:  2808 : 6035
Data:  2808 : 6036
Data:  2808 : 6036
Data:  2808 : 6036
Data:  2809 : 29
Data:  2809 : 29
Data:  2809 : 6007
Data:  2809 : 6007
Data:  2809 : 6008
Data:  2809 : 6008
Data:  2809 : 6009
Data:  2809 : 6009
Data:  2809 : 6010
Data:  2809 : 6010
Data:  2809 : 6011
Data:  2809 : 6011
Data:  2809 : 6012
Data:  2809 : 6012
Data:  2809 : 6013
Data:  2809 : 6013
Data:  2809 : 6014
Data:  2809 : 6014
Data:  2809 : 6015
Data:  2809 : 6015
Data:  2809 : 6016
Data:  2809 : 6016
Data:  2809 : 6017
Data:  2809 : 6017
Data:  2809 : 6018
Data:  2809 : 6018
Data:  2810 : 30
Data:  2810 : 30
Data:  2810 : 5999
Data:  2810 : 5999
Data:  2810 : 6000
Data:  2810 : 6000
Data:  2810 : 6001
Data:  2810 : 6001
Data:  2810 : 6002
Data:  2810 : 6002
Data:  2810 : 6003
Data:  2810 : 6003
Data:  2810 : 6004
Data:  2810 : 6004
Data:  2810 : 6005
Data:  2810 : 6005
Data:  2810 : 6006
Data:  2810 : 6006
Data:  2811 : 371
Data:  2811 : 371
Data:  2811 : 371
Data:  2811 : 371
Data:  2811 : 6151
Data:  2811 : 6151
Data:  2811 : 6151
Data:  2811 : 6151
Data:  2811 : 6152
Data:  2811 : 6152
Data:  2811 : 6152
Data:  2811 : 6152
Data:  2811 : 6153
Data:  2811 : 6153
Data:  2811 : 6153
Data:  2811 : 6153
Data:  2811 : 6154
Data:  2811 : 6154
Data:  2811 : 6154
Data:  2811 : 6154
Data:  2811 : 6155
Data:  2811 : 6155
Data:  2811 : 6155
Data:  2811 : 6155
Data:  2811 : 6156
Data:  2811 : 6156
Data:  2811 : 6156
Data:  2811 : 6156
Data:  2811 : 6157
Data:  2811 : 6157
Data:  2811 : 6157
Data:  2811 : 6157
Data:  2811 : 6158
Data:  2811 : 6158
Data:  2811 : 6158
Data:  2811 : 6158
Data:  2811 : 6159
Data:  2811 : 6159
Data:  2811 : 6159
Data:  2811 : 6159
Data:  2811 : 6160
Data:  2811 : 6160
Data:  2811 : 6160
Data:  2811 : 6160
Data:  2811 : 6161
Data:  2811 : 6161
Data:  2811 : 6161
Data:  2811 : 6161
Data:  2811 : 6162
Data:  2811 : 6162
Data:  2811 : 6162
Data:  2811 : 6162
Data:  2811 : 6163
Data:  2811 : 6163
Data:  2811 : 6163
Data:  2811 : 6163
Data:  2811 : 6164
Data:  2811 : 6164
Data:  2811 : 6164
Data:  2811 : 6164
Data:  2811 : 6165
Data:  2811 : 6165
Data:  2811 : 6165
Data:  2811 : 6165
Data:  2811 : 6166
Data:  2811 : 6166
Data:  2811 : 6166
Data:  2811 : 6166
Data:  2812 : 370
Data:  2812 : 370
Data:  2812 : 370
Data:  2812 : 370
Data:  2812 : 6136
Data:  2812 : 6136
Data:  2812 : 6136
Data:  2812 : 6136
Data:  2812 : 6137
Data:  2812 : 6137
Data:  2812 : 6137
Data:  2812 : 6137
Data:  2812 : 6138
Data:  2812 : 6138
Data:  2812 : 6138
Data:  2812 : 6138
Data:  2812 : 6139
Data:  2812 : 6139
Data:  2812 : 6139
Data:  2812 : 6139
Data:  2812 : 6140
Data:  2812 : 6140
Data:  2812 : 6140
Data:  2812 : 6140
Data:  2812 : 6141
Data:  2812 : 6141
Data:  2812 : 6141
Data:  2812 : 6141
Data:  2812 : 6142
Data:  2812 : 6142
Data:  2812 : 6142
Data:  2812 : 6142
Data:  2812 : 6143
Data:  2812 : 6143
Data:  2812 : 6143
Data:  2812 : 6143
Data:  2812 : 6144
Data:  2812 : 6144
Data:  2812 : 6144
Data:  2812 : 6144
Data:  2812 : 6145
Data:  2812 : 6145
Data:  2812 : 6145
Data:  2812 : 6145
Data:  2813 : 369
Data:  2813 : 369
Data:  2813 : 369
Data:  2813 : 6146
Data:  2813 : 6146
Data:  2813 : 6146
Data:  2813 : 6147
Data:  2813 : 6147
Data:  2813 : 6147
Data:  2813 : 6148
Data:  2813 : 6148
Data:  2813 : 6148
Data:  2813 : 6149
Data:  2813 : 6149
Data:  2813 : 6149
Data:  2813 : 6150
Data:  2813 : 6150
Data:  2813 : 6150
Data:  2814 : 364
Data:  2814 : 364
Data:  2814 : 364
Data:  2814 : 364
Data:  2814 : 6118
Data:  2814 : 6118
Data:  2814 : 6118
Data:  2814 : 6118
Data:  2814 : 6119
Data:  2814 : 6119
Data:  2814 : 6119
Data:  2814 : 6119
Data:  2814 : 6120
Data:  2814 : 6120
Data:  2814 : 6120
Data:  2814 : 6120
Data:  2814 : 6121
Data:  2814 : 6121
Data:  2814 : 6121
Data:  2814 : 6121
Data:  2814 : 6122
Data:  2814 : 6122
Data:  2814 : 6122
Data:  2814 : 6122
Data:  2814 : 6123
Data:  2814 : 6123
Data:  2814 : 6123
Data:  2814 : 6123
Data:  2814 : 6124
Data:  2814 : 6124
Data:  2814 : 6124
Data:  2814 : 6124
Data:  2814 : 6125
Data:  2814 : 6125
Data:  2814 : 6125
Data:  2814 : 6125
Data:  2814 : 6126
Data:  2814 : 6126
Data:  2814 : 6126
Data:  2814 : 6126
Data:  2814 : 6127
Data:  2814 : 6127
Data:  2814 : 6127
Data:  2814 : 6127
Data:  2814 : 6128
Data:  2814 : 6128
Data:  2814 : 6128
Data:  2814 : 6128
Data:  2814 : 6129
Data:  2814 : 6129
Data:  2814 : 6129
Data:  2814 : 6129
Data:  2814 : 6130
Data:  2814 : 6130
Data:  2814 : 6130
Data:  2814 : 6130
Data:  2814 : 6131
Data:  2814 : 6131
Data:  2814 : 6131
Data:  2814 : 6131
Data:  2814 : 6132
Data:  2814 : 6132
Data:  2814 : 6132
Data:  2814 : 6132
Data:  2814 : 6133
Data:  2814 : 6133
Data:  2814 : 6133
Data:  2814 : 6133
Data:  2814 : 6134
Data:  2814 : 6134
Data:  2814 : 6134
Data:  2814 : 6134
Data:  2814 : 6135
Data:  2814 : 6135
Data:  2814 : 6135
Data:  2814 : 6135
Data:  2815 : 365
Data:  2815 : 365
Data:  2815 : 365
Data:  2815 : 365
Data:  2815 : 6109
Data:  2815 : 6109
Data:  2815 : 6109
Data:  2815 : 6109
Data:  2815 : 6110
Data:  2815 : 6110
Data:  2815 : 6110
Data:  2815 : 6110
Data:  2815 : 6111
Data:  2815 : 6111
Data:  2815 : 6111
Data:  2815 : 6111
Data:  2815 : 6112
Data:  2815 : 6112
Data:  2815 : 6112
Data:  2815 : 6112
Data:  2815 : 6113
Data:  2815 : 6113
Data:  2815 : 6113
Data:  2815 : 6113
Data:  2815 : 6114
Data:  2815 : 6114
Data:  2815 : 6114
Data:  2815 : 6114
Data:  2815 : 6115
Data:  2815 : 6115
Data:  2815 : 6115
Data:  2815 : 6115
Data:  2815 : 6116
Data:  2815 : 6116
Data:  2815 : 6116
Data:  2815 : 6116
Data:  2815 : 6117
Data:  2815 : 6117
Data:  2815 : 6117
Data:  2815 : 6117
Data:  2816 : 31
Data:  2816 : 31
Data:  2816 : 6102
Data:  2816 : 6102
Data:  2816 : 6103
Data:  2816 : 6103
Data:  2816 : 6104
Data:  2816 : 6104
Data:  2816 : 6105
Data:  2816 : 6105
Data:  2816 : 6106
Data:  2816 : 6106
Data:  2816 : 6107
Data:  2816 : 6107
Data:  2816 : 6108
Data:  2816 : 6108
Data:  2817 : 367
Data:  2817 : 367
Data:  2817 : 367
Data:  2817 : 6086
Data:  2817 : 6086
Data:  2817 : 6086
Data:  2817 : 6087
Data:  2817 : 6087
Data:  2817 : 6087
Data:  2817 : 6088
Data:  2817 : 6088
Data:  2817 : 6088
Data:  2817 : 6089
Data:  2817 : 6089
Data:  2817 : 6089
Data:  2818 : 25
Data:  2818 : 25
Data:  2818 : 25
Data:  2818 : 5962
Data:  2818 : 5962
Data:  2818 : 5962
Data:  2818 : 5963
Data:  2818 : 5963
Data:  2818 : 5963
Data:  2818 : 5964
Data:  2818 : 5964
Data:  2818 : 5964
Data:  2818 : 5965
Data:  2818 : 5965
Data:  2818 : 5965
Data:  2818 : 5966
Data:  2818 : 5966
Data:  2818 : 5966
Data:  2818 : 5967
Data:  2818 : 5967
Data:  2818 : 5967
Data:  2818 : 5968
Data:  2818 : 5968
Data:  2818 : 5968
Data:  2818 : 5969
Data:  2818 : 5969
Data:  2818 : 5969
Data:  2818 : 5970
Data:  2818 : 5970
Data:  2818 : 5970
Data:  2819 : 22
Data:  2819 : 22
Data:  2819 : 5960
Data:  2819 : 5960
Data:  2819 : 5961
Data:  2819 : 5961
Data:  2901 : 8
Data:  2901 : 8
Data:  2901 : 5889
Data:  2901 : 5889
Data:  2901 : 5890
Data:  2901 : 5890
Data:  2901 : 5891
Data:  2901 : 5891
Data:  2901 : 5892
Data:  2901 : 5892
Data:  2901 : 5893
Data:  2901 : 5893
Data:  2901 : 5894
Data:  2901 : 5894
Data:  2901 : 5895
Data:  2901 : 5895
Data:  2901 : 5896
Data:  2901 : 5896
Data:  2901 : 5897
Data:  2901 : 5897
Data:  2901 : 5898
Data:  2901 : 5898
Data:  2901 : 5899
Data:  2901 : 5899
Data:  2901 : 5900
Data:  2901 : 5900
Data:  2901 : 5901
Data:  2901 : 5901
Data:  2901 : 5902
Data:  2901 : 5902
Data:  2901 : 5903
Data:  2901 : 5903
Data:  2901 : 5904
Data:  2901 : 5904
Data:  2901 : 5905
Data:  2901 : 5905
Data:  2901 : 5906
Data:  2901 : 5906
Data:  2901 : 5907
Data:  2901 : 5907
Data:  2901 : 5908
Data:  2901 : 5908
Data:  2901 : 5909
Data:  2901 : 5909
Data:  2901 : 5910
Data:  2901 : 5910
Data:  2901 : 5911
Data:  2901 : 5911
Data:  2901 : 5912
Data:  2901 : 5912
Data:  2901 : 5913
Data:  2901 : 5913
Data:  2901 : 5914
Data:  2901 : 5914
Data:  2901 : 5915
Data:  2901 : 5915
Data:  2901 : 5916
Data:  2901 : 5916
Data:  2901 : 5917
Data:  2901 : 5917
Data:  2901 : 5918
Data:  2901 : 5918
Data:  2901 : 5919
Data:  2901 : 5919
Data:  2901 : 5920
Data:  2901 : 5920
Data:  2901 : 5921
Data:  2901 : 5921
Data:  2901 : 5922
Data:  2901 : 5922
Data:  2902 : 19
Data:  2902 : 19
Data:  2902 : 5923
Data:  2902 : 5923
Data:  2902 : 5924
Data:  2902 : 5924
Data:  2902 : 5925
Data:  2902 : 5925
Data:  2902 : 5926
Data:  2902 : 5926
Data:  2902 : 5927
Data:  2902 : 5927
Data:  2902 : 5928
Data:  2902 : 5928
Data:  2902 : 5929
Data:  2902 : 5929
Data:  2902 : 5930
Data:  2902 : 5930
Data:  2902 : 5931
Data:  2902 : 5931
Data:  2902 : 5932
Data:  2902 : 5932
Data:  2902 : 5936
Data:  2902 : 5936
Data:  2902 : 5937
Data:  2902 : 5937
Data:  2902 : 5938
Data:  2902 : 5938
Data:  2902 : 5939
Data:  2902 : 5939
Data:  2902 : 5940
Data:  2902 : 5940
Data:  2902 : 5941
Data:  2902 : 5941
Data:  2902 : 5942
Data:  2902 : 5942
Data:  2902 : 5943
Data:  2902 : 5943
Data:  2903 : 21
Data:  2903 : 5933
Data:  2904 : 20
Data:  2904 : 5934
Data:  2904 : 5935
Data:  2905 : 24
Data:  2905 : 24
Data:  2905 : 24
Data:  2905 : 5944
Data:  2905 : 5944
Data:  2905 : 5944
Data:  2905 : 5945
Data:  2905 : 5945
Data:  2905 : 5945
Data:  2905 : 5946
Data:  2905 : 5946
Data:  2905 : 5946
Data:  2905 : 5947
Data:  2905 : 5947
Data:  2905 : 5947
Data:  2905 : 5948
Data:  2905 : 5948
Data:  2905 : 5948
Data:  2905 : 5949
Data:  2905 : 5949
Data:  2905 : 5949
Data:  2905 : 5950
Data:  2905 : 5950
Data:  2905 : 5950
Data:  2905 : 5951
Data:  2905 : 5951
Data:  2905 : 5951
Data:  2905 : 5952
Data:  2905 : 5952
Data:  2905 : 5952
Data:  2905 : 5955
Data:  2905 : 5955
Data:  2905 : 5955
Data:  2905 : 5956
Data:  2905 : 5956
Data:  2905 : 5956
Data:  2905 : 5957
Data:  2905 : 5957
Data:  2905 : 5957
Data:  2905 : 5958
Data:  2905 : 5958
Data:  2905 : 5958
Data:  2905 : 5959
Data:  2905 : 5959
Data:  2905 : 5959
Data:  2906 : 23
Data:  2906 : 23
Data:  2906 : 5953
Data:  2906 : 5953
Data:  2906 : 5954
Data:  2906 : 5954
Data:  3201 : 640
Data:  3201 : 640
Data:  3201 : 640
Data:  3201 : 2057
Data:  3201 : 2057
Data:  3201 : 2057
Data:  3201 : 2058
Data:  3201 : 2058
Data:  3201 : 2058
Data:  3201 : 2059
Data:  3201 : 2059
Data:  3201 : 2059
Data:  3204 : 584
Data:  3204 : 584
Data:  3204 : 584
Data:  3204 : 2061
Data:  3204 : 2061
Data:  3204 : 2061
Data:  3204 : 2062
Data:  3204 : 2062
Data:  3204 : 2062
Data:  3204 : 2063
Data:  3204 : 2063
Data:  3204 : 2063
Data:  3204 : 2064
Data:  3204 : 2064
Data:  3204 : 2064
Data:  3301 : 147
Data:  3301 : 147
Data:  3301 : 147
Data:  3301 : 2205
Data:  3301 : 2205
Data:  3301 : 2205
Data:  3301 : 2206
Data:  3301 : 2206
Data:  3301 : 2206
Data:  3301 : 2207
Data:  3301 : 2207
Data:  3301 : 2207
Data:  3301 : 2208
Data:  3301 : 2208
Data:  3301 : 2208
Data:  3301 : 2209
Data:  3301 : 2209
Data:  3301 : 2209
Data:  3302 : 148
Data:  3302 : 148
Data:  3302 : 148
Data:  3302 : 2277
Data:  3302 : 2277
Data:  3302 : 2277
Data:  3302 : 2278
Data:  3302 : 2278
Data:  3302 : 2278
Data:  3302 : 2279
Data:  3302 : 2279
Data:  3302 : 2279
Data:  3302 : 2280
Data:  3302 : 2280
Data:  3302 : 2280
Data:  3302 : 2281
Data:  3302 : 2281
Data:  3302 : 2281
Data:  3302 : 2282
Data:  3302 : 2282
Data:  3302 : 2282
Data:  3302 : 2283
Data:  3302 : 2283
Data:  3302 : 2283
Data:  3302 : 2284
Data:  3302 : 2284
Data:  3302 : 2284
Data:  3302 : 2285
Data:  3302 : 2285
Data:  3302 : 2285
Data:  3302 : 2286
Data:  3302 : 2286
Data:  3302 : 2286
Data:  3303 : 332
Data:  3303 : 332
Data:  3304 : 138
Data:  3304 : 138
Data:  3304 : 138
Data:  3304 : 2273
Data:  3304 : 2273
Data:  3304 : 2273
Data:  3304 : 2274
Data:  3304 : 2274
Data:  3304 : 2274
Data:  3304 : 2275
Data:  3304 : 2275
Data:  3304 : 2275
Data:  3304 : 2276
Data:  3304 : 2276
Data:  3304 : 2276
Data:  3305 : 128
Data:  3305 : 128
Data:  3305 : 2164
Data:  3305 : 2164
Data:  3305 : 2165
Data:  3305 : 2165
Data:  3305 : 2166
Data:  3305 : 2166
Data:  3305 : 2167
Data:  3305 : 2167
Data:  3306 : 141
Data:  3306 : 141
Data:  3306 : 2197
Data:  3306 : 2197
Data:  3306 : 2198
Data:  3306 : 2198
Data:  3306 : 2199
Data:  3306 : 2199
Data:  3306 : 2200
Data:  3306 : 2200
Data:  3306 : 2201
Data:  3306 : 2201
Data:  3306 : 2202
Data:  3306 : 2202
Data:  3306 : 2203
Data:  3306 : 2203
Data:  3306 : 2204
Data:  3306 : 2204
Data:  3307 : 331
Data:  3308 : 140
Data:  3308 : 140
Data:  3308 : 2239
Data:  3308 : 2239
Data:  3308 : 2240
Data:  3308 : 2240
Data:  3308 : 2241
Data:  3308 : 2241
Data:  3308 : 2242
Data:  3308 : 2242
Data:  3308 : 2243
Data:  3308 : 2243
Data:  3308 : 2244
Data:  3308 : 2244
Data:  3309 : 129
Data:  3309 : 129
Data:  3309 : 129
Data:  3309 : 2159
Data:  3309 : 2159
Data:  3309 : 2159
Data:  3309 : 2160
Data:  3309 : 2160
Data:  3309 : 2160
Data:  3309 : 2161
Data:  3309 : 2161
Data:  3309 : 2161
Data:  3309 : 2162
Data:  3309 : 2162
Data:  3309 : 2162
Data:  3309 : 2163
Data:  3309 : 2163
Data:  3309 : 2163
Data:  3310 : 136
Data:  3310 : 136
Data:  3310 : 2170
Data:  3310 : 2170
Data:  3310 : 2171
Data:  3310 : 2171
Data:  3310 : 2172
Data:  3310 : 2172
Data:  3310 : 2173
Data:  3310 : 2173
Data:  3310 : 2174
Data:  3310 : 2174
Data:  3310 : 2175
Data:  3310 : 2175
Data:  3310 : 2176
Data:  3310 : 2176
Data:  3310 : 2177
Data:  3310 : 2177
Data:  3310 : 2178
Data:  3310 : 2178
Data:  3310 : 2179
Data:  3310 : 2179
Data:  3313 : 444
Data:  3313 : 444
Data:  3313 : 444
Data:  3313 : 2134
Data:  3313 : 2134
Data:  3313 : 2134
Data:  3313 : 2135
Data:  3313 : 2135
Data:  3313 : 2135
Data:  3313 : 2136
Data:  3313 : 2136
Data:  3313 : 2136
Data:  3313 : 2137
Data:  3313 : 2137
Data:  3313 : 2137
Data:  3313 : 2138
Data:  3313 : 2138
Data:  3313 : 2138
Data:  3313 : 2139
Data:  3313 : 2139
Data:  3313 : 2139
Data:  3313 : 2140
Data:  3313 : 2140
Data:  3313 : 2140
Data:  3315 : 131
Data:  3315 : 131
Data:  3315 : 131
Data:  3315 : 2224
Data:  3315 : 2224
Data:  3315 : 2224
Data:  3315 : 2225
Data:  3315 : 2225
Data:  3315 : 2225
Data:  3315 : 2226
Data:  3315 : 2226
Data:  3315 : 2226
Data:  3315 : 2227
Data:  3315 : 2227
Data:  3315 : 2227
Data:  3315 : 2228
Data:  3315 : 2228
Data:  3315 : 2228
Data:  3315 : 2229
Data:  3315 : 2229
Data:  3315 : 2229
Data:  3315 : 2230
Data:  3315 : 2230
Data:  3315 : 2230
Data:  3315 : 2231
Data:  3315 : 2231
Data:  3315 : 2231
Data:  3315 : 2232
Data:  3315 : 2232
Data:  3315 : 2232
Data:  3315 : 2233
Data:  3315 : 2233
Data:  3315 : 2233
Data:  3315 : 2234
Data:  3315 : 2234
Data:  3315 : 2234
Data:  3315 : 2235
Data:  3315 : 2235
Data:  3315 : 2235
Data:  3315 : 2236
Data:  3315 : 2236
Data:  3315 : 2236
Data:  3315 : 2237
Data:  3315 : 2237
Data:  3315 : 2237
Data:  3315 : 2238
Data:  3315 : 2238
Data:  3315 : 2238
Data:  3316 : 441
Data:  3316 : 441
Data:  3316 : 441
Data:  3316 : 2288
Data:  3316 : 2288
Data:  3316 : 2288
Data:  3316 : 2289
Data:  3316 : 2289
Data:  3316 : 2289
Data:  3316 : 2290
Data:  3316 : 2290
Data:  3316 : 2290
Data:  3317 : 440
Data:  3317 : 440
Data:  3317 : 440
Data:  3317 : 2249
Data:  3317 : 2249
Data:  3317 : 2249
Data:  3317 : 2250
Data:  3317 : 2250
Data:  3317 : 2250
Data:  3318 : 439
Data:  3318 : 439
Data:  3318 : 439
Data:  3318 : 2190
Data:  3318 : 2190
Data:  3318 : 2190
Data:  3318 : 2191
Data:  3318 : 2191
Data:  3318 : 2191
Data:  3318 : 2192
Data:  3318 : 2192
Data:  3318 : 2192
Data:  3319 : 335
Data:  3319 : 335
Data:  3319 : 335
Data:  3319 : 2168
Data:  3319 : 2168
Data:  3319 : 2168
Data:  3319 : 2169
Data:  3319 : 2169
Data:  3319 : 2169
Data:  3320 : 123
Data:  3320 : 2141
Data:  3320 : 2142
Data:  3321 : 329
Data:  3321 : 329
Data:  3321 : 2083
Data:  3321 : 2083
Data:  3321 : 2084
Data:  3321 : 2084
Data:  3321 : 2085
Data:  3321 : 2085
Data:  3321 : 2086
Data:  3321 : 2086
Data:  3321 : 2087
Data:  3321 : 2087
Data:  3321 : 2088
Data:  3321 : 2088
Data:  3321 : 2089
Data:  3321 : 2089
Data:  3321 : 2090
Data:  3321 : 2090
Data:  3321 : 2091
Data:  3321 : 2091
Data:  3322 : 334
Data:  3322 : 334
Data:  3322 : 2287
Data:  3322 : 2287
Data:  3323 : 448
Data:  3323 : 448
Data:  3323 : 448
Data:  3323 : 2246
Data:  3323 : 2246
Data:  3323 : 2246
Data:  3323 : 2247
Data:  3323 : 2247
Data:  3323 : 2247
Data:  3323 : 2248
Data:  3323 : 2248
Data:  3323 : 2248
Data:  3324 : 139
Data:  3324 : 139
Data:  3324 : 139
Data:  3324 : 2193
Data:  3324 : 2193
Data:  3324 : 2193
Data:  3324 : 2194
Data:  3324 : 2194
Data:  3324 : 2194
Data:  3324 : 2195
Data:  3324 : 2195
Data:  3324 : 2195
Data:  3329 : 583
Data:  3329 : 583
Data:  3329 : 583
Data:  3329 : 2076
Data:  3329 : 2076
Data:  3329 : 2076
Data:  3329 : 2077
Data:  3329 : 2077
Data:  3329 : 2077
Data:  3329 : 2078
Data:  3329 : 2078
Data:  3329 : 2078
Data:  3329 : 2079
Data:  3329 : 2079
Data:  3329 : 2079
Data:  3329 : 2080
Data:  3329 : 2080
Data:  3329 : 2080
Data:  3329 : 2081
Data:  3329 : 2081
Data:  3329 : 2081
Data:  3329 : 2082
Data:  3329 : 2082
Data:  3329 : 2082
Data:  3330 : 641
Data:  3330 : 641
Data:  3330 : 641
Data:  3330 : 2186
Data:  3330 : 2186
Data:  3330 : 2186
Data:  3330 : 2187
Data:  3330 : 2187
Data:  3330 : 2187
Data:  3330 : 2188
Data:  3330 : 2188
Data:  3330 : 2188
Data:  3330 : 2189
Data:  3330 : 2189
Data:  3330 : 2189
Data:  3331 : 650
Data:  3331 : 650
Data:  3331 : 2150
Data:  3331 : 2150
Data:  3331 : 2151
Data:  3331 : 2151
Data:  3331 : 2152
Data:  3331 : 2152
Data:  3331 : 2153
Data:  3331 : 2153
Data:  3331 : 2154
Data:  3331 : 2154
Data:  3331 : 2155
Data:  3331 : 2155
Data:  3331 : 2156
Data:  3331 : 2156
Data:  3331 : 2157
Data:  3331 : 2157
Data:  3331 : 2158
Data:  3331 : 2158
Data:  3401 : 326
Data:  3401 : 326
Data:  3401 : 326
Data:  3401 : 2516
Data:  3401 : 2516
Data:  3401 : 2516
Data:  3401 : 2517
Data:  3401 : 2517
Data:  3401 : 2517
Data:  3401 : 2518
Data:  3401 : 2518
Data:  3401 : 2518
Data:  3401 : 2519
Data:  3401 : 2519
Data:  3401 : 2519
Data:  3401 : 2520
Data:  3401 : 2520
Data:  3401 : 2520
Data:  3401 : 2521
Data:  3401 : 2521
Data:  3401 : 2521
Data:  3401 : 2522
Data:  3401 : 2522
Data:  3401 : 2522
Data:  3401 : 2523
Data:  3401 : 2523
Data:  3401 : 2523
Data:  3401 : 2524
Data:  3401 : 2524
Data:  3401 : 2524
Data:  3401 : 2525
Data:  3401 : 2525
Data:  3401 : 2525
Data:  3401 : 2526
Data:  3401 : 2526
Data:  3401 : 2526
Data:  3401 : 2527
Data:  3401 : 2527
Data:  3401 : 2527
Data:  3401 : 2528
Data:  3401 : 2528
Data:  3401 : 2528
Data:  3401 : 2529
Data:  3401 : 2529
Data:  3401 : 2529
Data:  3401 : 2530
Data:  3401 : 2530
Data:  3401 : 2530
Data:  3401 : 2531
Data:  3401 : 2531
Data:  3401 : 2531
Data:  3401 : 2532
Data:  3401 : 2532
Data:  3401 : 2532
Data:  3401 : 2533
Data:  3401 : 2533
Data:  3401 : 2533
Data:  3401 : 2534
Data:  3401 : 2534
Data:  3401 : 2534
Data:  3401 : 2535
Data:  3401 : 2535
Data:  3401 : 2535
Data:  3401 : 2536
Data:  3401 : 2536
Data:  3401 : 2536
Data:  3401 : 2537
Data:  3401 : 2537
Data:  3401 : 2537
Data:  3401 : 2538
Data:  3401 : 2538
Data:  3401 : 2538
Data:  3401 : 2539
Data:  3401 : 2539
Data:  3401 : 2539
Data:  3401 : 2540
Data:  3401 : 2540
Data:  3401 : 2540
Data:  3401 : 2541
Data:  3401 : 2541
Data:  3401 : 2541
Data:  3401 : 2542
Data:  3401 : 2542
Data:  3401 : 2542
Data:  3401 : 2543
Data:  3401 : 2543
Data:  3401 : 2543
Data:  3401 : 2544
Data:  3401 : 2544
Data:  3401 : 2544
Data:  3401 : 2545
Data:  3401 : 2545
Data:  3401 : 2545
Data:  3401 : 2546
Data:  3401 : 2546
Data:  3401 : 2546
Data:  3401 : 2547
Data:  3401 : 2547
Data:  3401 : 2547
Data:  3401 : 2548
Data:  3401 : 2548
Data:  3401 : 2548
Data:  3401 : 2549
Data:  3401 : 2549
Data:  3401 : 2549
Data:  3401 : 2550
Data:  3401 : 2550
Data:  3401 : 2550
Data:  3401 : 2551
Data:  3401 : 2551
Data:  3401 : 2551
Data:  3401 : 2552
Data:  3401 : 2552
Data:  3401 : 2552
Data:  3401 : 2553
Data:  3401 : 2553
Data:  3401 : 2553
Data:  3401 : 2554
Data:  3401 : 2554
Data:  3401 : 2554
Data:  3401 : 2555
Data:  3401 : 2555
Data:  3401 : 2555
Data:  3401 : 2556
Data:  3401 : 2556
Data:  3401 : 2556
Data:  3401 : 2557
Data:  3401 : 2557
Data:  3401 : 2557
Data:  3401 : 2558
Data:  3401 : 2558
Data:  3401 : 2558
Data:  3401 : 2559
Data:  3401 : 2559
Data:  3401 : 2559
Data:  3401 : 2560
Data:  3401 : 2560
Data:  3401 : 2560
Data:  3401 : 2561
Data:  3401 : 2561
Data:  3401 : 2561
Data:  3401 : 2562
Data:  3401 : 2562
Data:  3401 : 2562
Data:  3401 : 2563
Data:  3401 : 2563
Data:  3401 : 2563
Data:  3401 : 2564
Data:  3401 : 2564
Data:  3401 : 2564
Data:  3401 : 2565
Data:  3401 : 2565
Data:  3401 : 2565
Data:  3401 : 2566
Data:  3401 : 2566
Data:  3401 : 2566
Data:  3401 : 2567
Data:  3401 : 2567
Data:  3401 : 2567
Data:  3401 : 2568
Data:  3401 : 2568
Data:  3401 : 2568
Data:  3401 : 2569
Data:  3401 : 2569
Data:  3401 : 2569
Data:  3401 : 2570
Data:  3401 : 2570
Data:  3401 : 2570
Data:  3401 : 2571
Data:  3401 : 2571
Data:  3401 : 2571
Data:  3401 : 2572
Data:  3401 : 2572
Data:  3401 : 2572
Data:  3401 : 2573
Data:  3401 : 2573
Data:  3401 : 2573
Data:  3401 : 2574
Data:  3401 : 2574
Data:  3401 : 2574
Data:  3402 : 311
Data:  3402 : 311
Data:  3402 : 2661
Data:  3402 : 2661
Data:  3402 : 2662
Data:  3402 : 2662
Data:  3402 : 2663
Data:  3402 : 2663
Data:  3402 : 2664
Data:  3402 : 2664
Data:  3402 : 2665
Data:  3402 : 2665
Data:  3402 : 2666
Data:  3402 : 2666
Data:  3402 : 2667
Data:  3402 : 2667
Data:  3402 : 2668
Data:  3402 : 2668
Data:  3402 : 2669
Data:  3402 : 2669
Data:  3402 : 2670
Data:  3402 : 2670
Data:  3402 : 2671
Data:  3402 : 2671
Data:  3402 : 2672
Data:  3402 : 2672
Data:  3402 : 2673
Data:  3402 : 2673
Data:  3402 : 2674
Data:  3402 : 2674
Data:  3402 : 2675
Data:  3402 : 2675
Data:  3402 : 2676
Data:  3402 : 2676
Data:  3402 : 2677
Data:  3402 : 2677
Data:  3402 : 2678
Data:  3402 : 2678
Data:  3402 : 2679
Data:  3402 : 2679
Data:  3402 : 2680
Data:  3402 : 2680
Data:  3402 : 2681
Data:  3402 : 2681
Data:  3402 : 2682
Data:  3402 : 2682
Data:  3402 : 2683
Data:  3402 : 2683
Data:  3402 : 2684
Data:  3402 : 2684
Data:  3402 : 2685
Data:  3402 : 2685
Data:  3402 : 2686
Data:  3402 : 2686
Data:  3402 : 2687
Data:  3402 : 2687
Data:  3402 : 2688
Data:  3402 : 2688
Data:  3402 : 2689
Data:  3402 : 2689
Data:  3402 : 2690
Data:  3402 : 2690
Data:  3402 : 2691
Data:  3402 : 2691
Data:  3402 : 2692
Data:  3402 : 2692
Data:  3402 : 2693
Data:  3402 : 2693
Data:  3402 : 2694
Data:  3402 : 2694
Data:  3402 : 2695
Data:  3402 : 2695
Data:  3402 : 2696
Data:  3402 : 2696
Data:  3402 : 2697
Data:  3402 : 2697
Data:  3402 : 2698
Data:  3402 : 2698
Data:  3402 : 2699
Data:  3402 : 2699
Data:  3402 : 2700
Data:  3402 : 2700
Data:  3402 : 2701
Data:  3402 : 2701
Data:  3402 : 2702
Data:  3402 : 2702
Data:  3402 : 2703
Data:  3402 : 2703
Data:  3402 : 2704
Data:  3402 : 2704
Data:  3402 : 2705
Data:  3402 : 2705
Data:  3402 : 2706
Data:  3402 : 2706
Data:  3402 : 2707
Data:  3402 : 2707
Data:  3402 : 2708
Data:  3402 : 2708
Data:  3402 : 2709
Data:  3402 : 2709
Data:  3403 : 680
Data:  3403 : 680
Data:  3403 : 680
Data:  3403 : 2713
Data:  3403 : 2713
Data:  3403 : 2713
Data:  3403 : 2714
Data:  3403 : 2714
Data:  3403 : 2714
Data:  3403 : 2715
Data:  3403 : 2715
Data:  3403 : 2715
Data:  3403 : 2716
Data:  3403 : 2716
Data:  3403 : 2716
Data:  3403 : 2717
Data:  3403 : 2717
Data:  3403 : 2717
Data:  3403 : 2718
Data:  3403 : 2718
Data:  3403 : 2718
Data:  3403 : 2719
Data:  3403 : 2719
Data:  3403 : 2719
Data:  3403 : 2720
Data:  3403 : 2720
Data:  3403 : 2720
Data:  3403 : 2721
Data:  3403 : 2721
Data:  3403 : 2721
Data:  3404 : 681
Data:  3404 : 2639
Data:  3404 : 2640
Data:  3404 : 2641
Data:  3404 : 2642
Data:  3404 : 2643
Data:  3404 : 2644
Data:  3404 : 2645
Data:  3404 : 2646
Data:  3404 : 2647
Data:  3404 : 2648
Data:  3404 : 2649
Data:  3404 : 2650
Data:  3404 : 2651
Data:  3404 : 2652
Data:  3405 : 307
Data:  3405 : 307
Data:  3405 : 307
Data:  3405 : 2347
Data:  3405 : 2347
Data:  3405 : 2347
Data:  3405 : 2348
Data:  3405 : 2348
Data:  3405 : 2348
Data:  3405 : 2349
Data:  3405 : 2349
Data:  3405 : 2349
Data:  3405 : 2350
Data:  3405 : 2350
Data:  3405 : 2350
Data:  3405 : 2351
Data:  3405 : 2351
Data:  3405 : 2351
Data:  3405 : 2352
Data:  3405 : 2352
Data:  3405 : 2352
Data:  3405 : 2353
Data:  3405 : 2353
Data:  3405 : 2353
Data:  3405 : 2354
Data:  3405 : 2354
Data:  3405 : 2354
Data:  3405 : 2355
Data:  3405 : 2355
Data:  3405 : 2355
Data:  3405 : 2356
Data:  3405 : 2356
Data:  3405 : 2356
Data:  3405 : 2357
Data:  3405 : 2357
Data:  3405 : 2357
Data:  3405 : 2358
Data:  3405 : 2358
Data:  3405 : 2358
Data:  3405 : 2359
Data:  3405 : 2359
Data:  3405 : 2359
Data:  3405 : 2360
Data:  3405 : 2360
Data:  3405 : 2360
Data:  3405 : 2361
Data:  3405 : 2361
Data:  3405 : 2361
Data:  3405 : 2362
Data:  3405 : 2362
Data:  3405 : 2362
Data:  3405 : 2363
Data:  3405 : 2363
Data:  3405 : 2363
Data:  3405 : 2364
Data:  3405 : 2364
Data:  3405 : 2364
Data:  3405 : 2365
Data:  3405 : 2365
Data:  3405 : 2365
Data:  3405 : 2366
Data:  3405 : 2366
Data:  3405 : 2366
Data:  3405 : 2367
Data:  3405 : 2367
Data:  3405 : 2367
Data:  3405 : 2368
Data:  3405 : 2368
Data:  3405 : 2368
Data:  3405 : 2369
Data:  3405 : 2369
Data:  3405 : 2369
Data:  3405 : 2370
Data:  3405 : 2370
Data:  3405 : 2370
Data:  3405 : 2371
Data:  3405 : 2371
Data:  3405 : 2371
Data:  3405 : 2372
Data:  3405 : 2372
Data:  3405 : 2372
Data:  3405 : 2373
Data:  3405 : 2373
Data:  3405 : 2373
Data:  3405 : 2374
Data:  3405 : 2374
Data:  3405 : 2374
Data:  3405 : 2375
Data:  3405 : 2375
Data:  3405 : 2375
Data:  3405 : 2376
Data:  3405 : 2376
Data:  3405 : 2376
Data:  3405 : 2377
Data:  3405 : 2377
Data:  3405 : 2377
Data:  3405 : 2378
Data:  3405 : 2378
Data:  3405 : 2378
Data:  3406 : 435
Data:  3406 : 435
Data:  3406 : 2330
Data:  3406 : 2330
Data:  3406 : 2331
Data:  3406 : 2331
Data:  3406 : 2332
Data:  3406 : 2332
Data:  3406 : 2333
Data:  3406 : 2333
Data:  3406 : 2334
Data:  3406 : 2334
Data:  3406 : 2335
Data:  3406 : 2335
Data:  3406 : 2336
Data:  3406 : 2336
Data:  3407 : 434
Data:  3407 : 2386
Data:  3407 : 2387
Data:  3408 : 153
Data:  3408 : 153
Data:  3408 : 2401
Data:  3408 : 2401
Data:  3408 : 2402
Data:  3408 : 2402
Data:  3409 : 155
Data:  3409 : 155
Data:  3409 : 155
Data:  3409 : 2403
Data:  3409 : 2403
Data:  3409 : 2403
Data:  3409 : 2404
Data:  3409 : 2404
Data:  3409 : 2404
Data:  3409 : 2405
Data:  3409 : 2405
Data:  3409 : 2405
Data:  3409 : 2406
Data:  3409 : 2406
Data:  3409 : 2406
Data:  3410 : 449
Data:  3410 : 449
Data:  3410 : 449
Data:  3410 : 2407
Data:  3410 : 2407
Data:  3410 : 2407
Data:  3411 : 436
Data:  3411 : 436
Data:  3411 : 2215
Data:  3411 : 2215
Data:  3411 : 2216
Data:  3411 : 2216
Data:  3411 : 2217
Data:  3411 : 2217
Data:  3411 : 2218
Data:  3411 : 2218
Data:  3411 : 2219
Data:  3411 : 2219
Data:  3411 : 2220
Data:  3411 : 2220
Data:  3411 : 2221
Data:  3411 : 2221
Data:  3411 : 2222
Data:  3411 : 2222
Data:  3411 : 2223
Data:  3411 : 2223
Data:  3412 : 135
Data:  3412 : 135
Data:  3412 : 2312
Data:  3412 : 2312
Data:  3412 : 2313
Data:  3412 : 2313
Data:  3412 : 2314
Data:  3412 : 2314
Data:  3412 : 2315
Data:  3412 : 2315
Data:  3412 : 2316
Data:  3412 : 2316
Data:  3412 : 2317
Data:  3412 : 2317
Data:  3412 : 2318
Data:  3412 : 2318
Data:  3412 : 2319
Data:  3412 : 2319
Data:  3412 : 2320
Data:  3412 : 2320
Data:  3412 : 2321
Data:  3412 : 2321
Data:  3412 : 2322
Data:  3412 : 2322
Data:  3412 : 2323
Data:  3412 : 2323
Data:  3413 : 330
Data:  3413 : 330
Data:  3414 : 134
Data:  3414 : 134
Data:  3414 : 2324
Data:  3414 : 2324
Data:  3414 : 2325
Data:  3414 : 2325
Data:  3414 : 2326
Data:  3414 : 2326
Data:  3415 : 144
Data:  3415 : 144
Data:  3415 : 2210
Data:  3415 : 2210
Data:  3415 : 2211
Data:  3415 : 2211
Data:  3415 : 2212
Data:  3415 : 2212
Data:  3415 : 2213
Data:  3415 : 2213
Data:  3415 : 2214
Data:  3415 : 2214
Data:  3416 : 149
Data:  3416 : 149
Data:  3416 : 149
Data:  3416 : 2291
Data:  3416 : 2291
Data:  3416 : 2291
Data:  3416 : 2292
Data:  3416 : 2292
Data:  3416 : 2292
Data:  3416 : 2293
Data:  3416 : 2293
Data:  3416 : 2293
Data:  3416 : 2294
Data:  3416 : 2294
Data:  3416 : 2294
Data:  3416 : 2295
Data:  3416 : 2295
Data:  3416 : 2295
Data:  3416 : 2296
Data:  3416 : 2296
Data:  3416 : 2296
Data:  3416 : 2297
Data:  3416 : 2297
Data:  3416 : 2297
Data:  3416 : 2298
Data:  3416 : 2298
Data:  3416 : 2298
Data:  3416 : 2299
Data:  3416 : 2299
Data:  3416 : 2299
Data:  3416 : 2300
Data:  3416 : 2300
Data:  3416 : 2300
Data:  3417 : 333
Data:  3417 : 333
Data:  3418 : 132
Data:  3418 : 132
Data:  3418 : 2301
Data:  3418 : 2301
Data:  3418 : 2302
Data:  3418 : 2302
Data:  3418 : 2303
Data:  3418 : 2303
Data:  3418 : 2304
Data:  3418 : 2304
Data:  3419 : 109
Data:  3419 : 109
Data:  3419 : 2728
Data:  3419 : 2728
Data:  3419 : 2729
Data:  3419 : 2729
Data:  3419 : 2730
Data:  3419 : 2730
Data:  3419 : 2731
Data:  3419 : 2731
Data:  3420 : 108
Data:  3420 : 108
Data:  3420 : 108
Data:  3420 : 2653
Data:  3420 : 2653
Data:  3420 : 2653
Data:  3420 : 2654
Data:  3420 : 2654
Data:  3420 : 2654
Data:  3420 : 2655
Data:  3420 : 2655
Data:  3420 : 2655
Data:  3420 : 2656
Data:  3420 : 2656
Data:  3420 : 2656
Data:  3420 : 2657
Data:  3420 : 2657
Data:  3420 : 2657
Data:  3420 : 2658
Data:  3420 : 2658
Data:  3420 : 2658
Data:  3420 : 2659
Data:  3420 : 2659
Data:  3420 : 2659
Data:  3420 : 2660
Data:  3420 : 2660
Data:  3420 : 2660
Data:  3421 : 106
Data:  3421 : 106
Data:  3421 : 2636
Data:  3421 : 2636
Data:  3421 : 2637
Data:  3421 : 2637
Data:  3421 : 2638
Data:  3421 : 2638
Data:  3422 : 107
Data:  3422 : 107
Data:  3422 : 2633
Data:  3422 : 2633
Data:  3422 : 2634
Data:  3422 : 2634
Data:  3422 : 2635
Data:  3422 : 2635
Data:  3423 : 151
Data:  3423 : 151
Data:  3423 : 151
Data:  3423 : 2337
Data:  3423 : 2337
Data:  3423 : 2337
Data:  3423 : 2338
Data:  3423 : 2338
Data:  3423 : 2338
Data:  3424 : 152
Data:  3424 : 152
Data:  3424 : 152
Data:  3424 : 2327
Data:  3424 : 2327
Data:  3424 : 2327
Data:  3424 : 2328
Data:  3424 : 2328
Data:  3424 : 2328
Data:  3424 : 2329
Data:  3424 : 2329
Data:  3424 : 2329
Data:  3425 : 142
Data:  3425 : 142
Data:  3425 : 2339
Data:  3425 : 2339
Data:  3425 : 2340
Data:  3425 : 2340
Data:  3425 : 2341
Data:  3425 : 2341
Data:  3425 : 2342
Data:  3425 : 2342
Data:  3425 : 2343
Data:  3425 : 2343
Data:  3425 : 2344
Data:  3425 : 2344
Data:  3425 : 2345
Data:  3425 : 2345
Data:  3425 : 2346
Data:  3425 : 2346
Data:  3426 : 104
Data:  3426 : 104
Data:  3426 : 2710
Data:  3426 : 2710
Data:  3426 : 2711
Data:  3426 : 2711
Data:  3426 : 2712
Data:  3426 : 2712
Data:  3427 : 110
Data:  3427 : 110
Data:  3427 : 2732
Data:  3427 : 2732
Data:  3427 : 2733
Data:  3427 : 2733
Data:  3427 : 2734
Data:  3427 : 2734
Data:  3428 : 105
Data:  3428 : 105
Data:  3428 : 105
Data:  3428 : 2735
Data:  3428 : 2735
Data:  3428 : 2735
Data:  3428 : 2736
Data:  3428 : 2736
Data:  3428 : 2736
Data:  3428 : 2737
Data:  3428 : 2737
Data:  3428 : 2737
Data:  3429 : 103
Data:  3429 : 103
Data:  3429 : 103
Data:  3429 : 2725
Data:  3429 : 2725
Data:  3429 : 2725
Data:  3429 : 2726
Data:  3429 : 2726
Data:  3429 : 2726
Data:  3429 : 2727
Data:  3429 : 2727
Data:  3429 : 2727
Data:  3430 : 118
Data:  3430 : 118
Data:  3430 : 118
Data:  3430 : 2722
Data:  3430 : 2722
Data:  3430 : 2722
Data:  3430 : 2723
Data:  3430 : 2723
Data:  3430 : 2723
Data:  3430 : 2724
Data:  3430 : 2724
Data:  3430 : 2724
Data:  3431 : 143
Data:  3431 : 143
Data:  3431 : 143
Data:  3431 : 2379
Data:  3431 : 2379
Data:  3431 : 2379
Data:  3431 : 2380
Data:  3431 : 2380
Data:  3431 : 2380
Data:  3431 : 2381
Data:  3431 : 2381
Data:  3431 : 2381
Data:  3431 : 2382
Data:  3431 : 2382
Data:  3431 : 2382
Data:  3431 : 2383
Data:  3431 : 2383
Data:  3431 : 2383
Data:  3431 : 2384
Data:  3431 : 2384
Data:  3431 : 2384
Data:  3431 : 2385
Data:  3431 : 2385
Data:  3431 : 2385
Data:  3432 : 442
Data:  3432 : 442
Data:  3432 : 442
Data:  3432 : 2305
Data:  3432 : 2305
Data:  3432 : 2305
Data:  3432 : 2306
Data:  3432 : 2306
Data:  3432 : 2306
Data:  3433 : 111
Data:  3433 : 111
Data:  3433 : 2805
Data:  3433 : 2805
Data:  3433 : 2806
Data:  3433 : 2806
Data:  3433 : 2807
Data:  3433 : 2807
Data:  3433 : 2808
Data:  3433 : 2808
Data:  3434 : 101
Data:  3434 : 2809
Data:  3434 : 2810
Data:  3434 : 2811
Data:  3434 : 2812
Data:  3435 : 102
Data:  3435 : 2785
Data:  3435 : 2786
Data:  3435 : 2787
Data:  3435 : 2788
Data:  3436 : 117
Data:  3436 : 2738
Data:  3436 : 2739
Data:  3436 : 2740
Data:  3436 : 2741
Data:  3437 : 16
Data:  3437 : 16
Data:  3437 : 16
Data:  3437 : 2388
Data:  3437 : 2388
Data:  3437 : 2388
Data:  3437 : 2389
Data:  3437 : 2389
Data:  3437 : 2389
Data:  3437 : 2390
Data:  3437 : 2390
Data:  3437 : 2390
Data:  3437 : 2391
Data:  3437 : 2391
Data:  3437 : 2391
Data:  3438 : 150
Data:  3438 : 150
Data:  3438 : 2307
Data:  3438 : 2307
Data:  3438 : 2308
Data:  3438 : 2308
Data:  3439 : 112
Data:  3439 : 112
Data:  3439 : 2817
Data:  3439 : 2817
Data:  3439 : 2818
Data:  3439 : 2818
Data:  3439 : 2819
Data:  3439 : 2819
Data:  3439 : 2820
Data:  3439 : 2820
Data:  3440 : 100
Data:  3440 : 2813
Data:  3440 : 2814
Data:  3440 : 2815
Data:  3440 : 2816
Data:  3441 : 99
Data:  3441 : 2797
Data:  3441 : 2798
Data:  3441 : 2799
Data:  3441 : 2800
Data:  3442 : 114
Data:  3442 : 2789
Data:  3442 : 2790
Data:  3442 : 2791
Data:  3442 : 2792
Data:  3443 : 154
Data:  3443 : 154
Data:  3443 : 154
Data:  3443 : 2395
Data:  3443 : 2395
Data:  3443 : 2395
Data:  3443 : 2396
Data:  3443 : 2396
Data:  3443 : 2396
Data:  3443 : 2397
Data:  3443 : 2397
Data:  3443 : 2397
Data:  3443 : 2398
Data:  3443 : 2398
Data:  3443 : 2398
Data:  3443 : 2399
Data:  3443 : 2399
Data:  3443 : 2399
Data:  3443 : 2400
Data:  3443 : 2400
Data:  3443 : 2400
Data:  3446 : 113
Data:  3446 : 113
Data:  3446 : 2825
Data:  3446 : 2825
Data:  3446 : 2826
Data:  3446 : 2826
Data:  3446 : 2827
Data:  3446 : 2827
Data:  3446 : 2828
Data:  3446 : 2828
Data:  3447 : 97
Data:  3447 : 97
Data:  3447 : 2821
Data:  3447 : 2821
Data:  3447 : 2822
Data:  3447 : 2822
Data:  3447 : 2823
Data:  3447 : 2823
Data:  3447 : 2824
Data:  3447 : 2824
Data:  3448 : 98
Data:  3448 : 98
Data:  3448 : 2801
Data:  3448 : 2801
Data:  3448 : 2802
Data:  3448 : 2802
Data:  3448 : 2803
Data:  3448 : 2803
Data:  3448 : 2804
Data:  3448 : 2804
Data:  3449 : 115
Data:  3449 : 115
Data:  3449 : 2793
Data:  3449 : 2793
Data:  3449 : 2794
Data:  3449 : 2794
Data:  3449 : 2795
Data:  3449 : 2795
Data:  3449 : 2796
Data:  3449 : 2796
Data:  3450 : 15
Data:  3450 : 15
Data:  3450 : 2408
Data:  3450 : 2408
Data:  3450 : 2409
Data:  3450 : 2409
Data:  3450 : 2410
Data:  3450 : 2410
Data:  3450 : 2411
Data:  3450 : 2411
Data:  3450 : 2412
Data:  3450 : 2412
Data:  3450 : 2413
Data:  3450 : 2413
Data:  3450 : 2414
Data:  3450 : 2414
Data:  3450 : 2415
Data:  3450 : 2415
Data:  3450 : 2416
Data:  3450 : 2416
Data:  3450 : 2417
Data:  3450 : 2417
Data:  3450 : 2418
Data:  3450 : 2418
Data:  3450 : 2419
Data:  3450 : 2419
Data:  3450 : 2420
Data:  3450 : 2420
Data:  3450 : 2421
Data:  3450 : 2421
Data:  3451 : 95
Data:  3451 : 95
Data:  3451 : 2930
Data:  3451 : 2930
Data:  3451 : 2931
Data:  3451 : 2931
Data:  3451 : 2932
Data:  3451 : 2932
Data:  3452 : 96
Data:  3452 : 96
Data:  3452 : 96
Data:  3452 : 2892
Data:  3452 : 2892
Data:  3452 : 2892
Data:  3452 : 2893
Data:  3452 : 2893
Data:  3452 : 2893
Data:  3452 : 2894
Data:  3452 : 2894
Data:  3452 : 2894
Data:  3455 : 639
Data:  3455 : 639
Data:  3455 : 639
Data:  3455 : 2392
Data:  3455 : 2392
Data:  3455 : 2392
Data:  3455 : 2393
Data:  3455 : 2393
Data:  3455 : 2393
Data:  3455 : 2394
Data:  3455 : 2394
Data:  3455 : 2394
Data:  3456 : 679
Data:  3456 : 679
Data:  3456 : 679
Data:  3457 : 309
Data:  3457 : 309
Data:  3457 : 309
Data:  3457 : 2761
Data:  3457 : 2761
Data:  3457 : 2761
Data:  3457 : 2762
Data:  3457 : 2762
Data:  3457 : 2762
Data:  3457 : 2763
Data:  3457 : 2763
Data:  3457 : 2763
Data:  3457 : 2764
Data:  3457 : 2764
Data:  3457 : 2764
Data:  3457 : 2765
Data:  3457 : 2765
Data:  3457 : 2765
Data:  3457 : 2766
Data:  3457 : 2766
Data:  3457 : 2766
Data:  3457 : 2767
Data:  3457 : 2767
Data:  3457 : 2767
Data:  3457 : 2768
Data:  3457 : 2768
Data:  3457 : 2768
Data:  3457 : 2769
Data:  3457 : 2769
Data:  3457 : 2769
Data:  3457 : 2770
Data:  3457 : 2770
Data:  3457 : 2770
Data:  3457 : 2771
Data:  3457 : 2771
Data:  3457 : 2771
Data:  3457 : 2772
Data:  3457 : 2772
Data:  3457 : 2772
Data:  3457 : 2773
Data:  3457 : 2773
Data:  3457 : 2773
Data:  3457 : 2774
Data:  3457 : 2774
Data:  3457 : 2774
Data:  3457 : 2775
Data:  3457 : 2775
Data:  3457 : 2775
Data:  3457 : 2776
Data:  3457 : 2776
Data:  3457 : 2776
Data:  3457 : 2777
Data:  3457 : 2777
Data:  3457 : 2777
Data:  3457 : 2778
Data:  3457 : 2778
Data:  3457 : 2778
Data:  3457 : 2779
Data:  3457 : 2779
Data:  3457 : 2779
Data:  3457 : 2780
Data:  3457 : 2780
Data:  3457 : 2780
Data:  3457 : 2781
Data:  3457 : 2781
Data:  3457 : 2781
Data:  3457 : 2782
Data:  3457 : 2782
Data:  3457 : 2782
Data:  3457 : 2783
Data:  3457 : 2783
Data:  3457 : 2783
Data:  3457 : 2784
Data:  3457 : 2784
Data:  3457 : 2784
Data:  3458 : 682
Data:  3459 : 323
Data:  3459 : 2742
Data:  3459 : 2743
Data:  3459 : 2744
Data:  3459 : 2745
Data:  3459 : 2746
Data:  3459 : 2747
Data:  3459 : 2748
Data:  3459 : 2749
Data:  3459 : 2750
Data:  3459 : 2751
Data:  3459 : 2752
Data:  3459 : 2753
Data:  3459 : 2754
Data:  3459 : 2755
Data:  3459 : 2756
Data:  3459 : 2757
Data:  3459 : 2758
Data:  3459 : 2759
Data:  3459 : 2760
Data:  3501 : 664
Data:  3501 : 664
Data:  3501 : 3171
Data:  3501 : 3171
Data:  3501 : 3172
Data:  3501 : 3172
Data:  3501 : 3173
Data:  3501 : 3173
Data:  3501 : 3174
Data:  3501 : 3174
Data:  3501 : 3175
Data:  3501 : 3175
Data:  3501 : 3176
Data:  3501 : 3176
Data:  3501 : 3177
Data:  3501 : 3177
Data:  3501 : 3178
Data:  3501 : 3178
Data:  3501 : 3179
Data:  3501 : 3179
Data:  3501 : 3180
Data:  3501 : 3180
Data:  3501 : 3181
Data:  3501 : 3181
Data:  3501 : 3182
Data:  3501 : 3182
Data:  3501 : 3183
Data:  3501 : 3183
Data:  3501 : 3184
Data:  3501 : 3184
Data:  3501 : 3185
Data:  3501 : 3185
Data:  3501 : 3186
Data:  3501 : 3186
Data:  3501 : 3187
Data:  3501 : 3187
Data:  3501 : 3188
Data:  3501 : 3188
Data:  3501 : 3189
Data:  3501 : 3189
Data:  3501 : 3190
Data:  3501 : 3190
Data:  3501 : 3191
Data:  3501 : 3191
Data:  3501 : 3192
Data:  3501 : 3192
Data:  3501 : 3193
Data:  3501 : 3193
Data:  3501 : 3194
Data:  3501 : 3194
Data:  3503 : 438
Data:  3503 : 438
Data:  3503 : 3205
Data:  3503 : 3205
Data:  3503 : 3206
Data:  3503 : 3206
Data:  3503 : 3207
Data:  3503 : 3207
Data:  3503 : 3208
Data:  3503 : 3208
Data:  3503 : 3209
Data:  3503 : 3209
Data:  3503 : 3210
Data:  3503 : 3210
Data:  3503 : 3211
Data:  3503 : 3211
Data:  3503 : 3212
Data:  3503 : 3212
Data:  3503 : 3213
Data:  3503 : 3213
Data:  3503 : 3214
Data:  3503 : 3214
Data:  3503 : 3215
Data:  3503 : 3215
Data:  3503 : 3216
Data:  3503 : 3216
Data:  3503 : 3217
Data:  3503 : 3217
Data:  3503 : 3218
Data:  3503 : 3218
Data:  3503 : 3219
Data:  3503 : 3219
Data:  3503 : 3220
Data:  3503 : 3220
Data:  3503 : 3221
Data:  3503 : 3221
Data:  3503 : 3222
Data:  3503 : 3222
Data:  3503 : 3223
Data:  3503 : 3223
Data:  3503 : 3224
Data:  3503 : 3224
Data:  3503 : 3225
Data:  3503 : 3225
Data:  3503 : 3226
Data:  3503 : 3226
Data:  3503 : 3227
Data:  3503 : 3227
Data:  3503 : 3228
Data:  3503 : 3228
Data:  3504 : 314
Data:  3504 : 314
Data:  3504 : 314
Data:  3504 : 3242
Data:  3504 : 3242
Data:  3504 : 3242
Data:  3504 : 3243
Data:  3504 : 3243
Data:  3504 : 3243
Data:  3504 : 3244
Data:  3504 : 3244
Data:  3504 : 3244
Data:  3504 : 3245
Data:  3504 : 3245
Data:  3504 : 3245
Data:  3504 : 3246
Data:  3504 : 3246
Data:  3504 : 3246
Data:  3504 : 3247
Data:  3504 : 3247
Data:  3504 : 3247
Data:  3504 : 3248
Data:  3504 : 3248
Data:  3504 : 3248
Data:  3504 : 3249
Data:  3504 : 3249
Data:  3504 : 3249
Data:  3504 : 3250
Data:  3504 : 3250
Data:  3504 : 3250
Data:  3504 : 3251
Data:  3504 : 3251
Data:  3504 : 3251
Data:  3504 : 3252
Data:  3504 : 3252
Data:  3504 : 3252
Data:  3504 : 3253
Data:  3504 : 3253
Data:  3504 : 3253
Data:  3504 : 3254
Data:  3504 : 3254
Data:  3504 : 3254
Data:  3504 : 3255
Data:  3504 : 3255
Data:  3504 : 3255
Data:  3504 : 3256
Data:  3504 : 3256
Data:  3504 : 3256
Data:  3504 : 3257
Data:  3504 : 3257
Data:  3504 : 3257
Data:  3504 : 3258
Data:  3504 : 3258
Data:  3504 : 3258
Data:  3504 : 3259
Data:  3504 : 3259
Data:  3504 : 3259
Data:  3504 : 3260
Data:  3504 : 3260
Data:  3504 : 3260
Data:  3504 : 3261
Data:  3504 : 3261
Data:  3504 : 3261
Data:  3504 : 3262
Data:  3504 : 3262
Data:  3504 : 3262
Data:  3504 : 3263
Data:  3504 : 3263
Data:  3504 : 3263
Data:  3504 : 3264
Data:  3504 : 3264
Data:  3504 : 3264
Data:  3504 : 3265
Data:  3504 : 3265
Data:  3504 : 3265
Data:  3505 : 413
Data:  3505 : 413
Data:  3505 : 3487
Data:  3505 : 3487
Data:  3505 : 3488
Data:  3505 : 3488
Data:  3505 : 3489
Data:  3505 : 3489
Data:  3505 : 3490
Data:  3505 : 3490
Data:  3505 : 3491
Data:  3505 : 3491
Data:  3505 : 3492
Data:  3505 : 3492
Data:  3505 : 3493
Data:  3505 : 3493
Data:  3505 : 3494
Data:  3505 : 3494
Data:  3505 : 3495
Data:  3505 : 3495
Data:  3505 : 3496
Data:  3505 : 3496
Data:  3505 : 3497
Data:  3505 : 3497
Data:  3505 : 3498
Data:  3505 : 3498
Data:  3505 : 3499
Data:  3505 : 3499
Data:  3505 : 3500
Data:  3505 : 3500
Data:  3505 : 3501
Data:  3505 : 3501
Data:  3505 : 3502
Data:  3505 : 3502
Data:  3505 : 3503
Data:  3505 : 3503
Data:  3505 : 3504
Data:  3505 : 3504
Data:  3505 : 3505
Data:  3505 : 3505
Data:  3505 : 3506
Data:  3505 : 3506
Data:  3506 : 411
Data:  3506 : 411
Data:  3506 : 3463
Data:  3506 : 3463
Data:  3506 : 3464
Data:  3506 : 3464
Data:  3506 : 3465
Data:  3506 : 3465
Data:  3506 : 3466
Data:  3506 : 3466
Data:  3506 : 3467
Data:  3506 : 3467
Data:  3506 : 3468
Data:  3506 : 3468
Data:  3506 : 3469
Data:  3506 : 3469
Data:  3506 : 3470
Data:  3506 : 3470
Data:  3506 : 3471
Data:  3506 : 3471
Data:  3506 : 3472
Data:  3506 : 3472
Data:  3506 : 3473
Data:  3506 : 3473
Data:  3506 : 3474
Data:  3506 : 3474
Data:  3506 : 3475
Data:  3506 : 3475
Data:  3506 : 3476
Data:  3506 : 3476
Data:  3506 : 3477
Data:  3506 : 3477
Data:  3506 : 3478
Data:  3506 : 3478
Data:  3506 : 3479
Data:  3506 : 3479
Data:  3506 : 3480
Data:  3506 : 3480
Data:  3506 : 3481
Data:  3506 : 3481
Data:  3506 : 3482
Data:  3506 : 3482
Data:  3506 : 3483
Data:  3506 : 3483
Data:  3506 : 3484
Data:  3506 : 3484
Data:  3506 : 3485
Data:  3506 : 3485
Data:  3506 : 3486
Data:  3506 : 3486
Data:  3507 : 202
Data:  3507 : 202
Data:  3507 : 202
Data:  3507 : 723
Data:  3507 : 723
Data:  3507 : 723
Data:  3507 : 724
Data:  3507 : 724
Data:  3507 : 724
Data:  3508 : 199
Data:  3508 : 199
Data:  3508 : 725
Data:  3508 : 725
Data:  3508 : 726
Data:  3508 : 726
Data:  3509 : 200
Data:  3509 : 200
Data:  3509 : 747
Data:  3509 : 747
Data:  3509 : 748
Data:  3509 : 748
Data:  3509 : 749
Data:  3509 : 749
Data:  3510 : 185
Data:  3510 : 185
Data:  3510 : 185
Data:  3510 : 699
Data:  3510 : 699
Data:  3510 : 699
Data:  3510 : 700
Data:  3510 : 700
Data:  3510 : 700
Data:  3510 : 701
Data:  3510 : 701
Data:  3510 : 701
Data:  3510 : 702
Data:  3510 : 702
Data:  3510 : 702
Data:  3510 : 703
Data:  3510 : 703
Data:  3510 : 703
Data:  3510 : 704
Data:  3510 : 704
Data:  3510 : 704
Data:  3510 : 705
Data:  3510 : 705
Data:  3510 : 705
Data:  3510 : 706
Data:  3510 : 706
Data:  3510 : 706
Data:  3510 : 707
Data:  3510 : 707
Data:  3510 : 707
Data:  3510 : 708
Data:  3510 : 708
Data:  3510 : 708
Data:  3511 : 466
Data:  3511 : 466
Data:  3511 : 466
Data:  3511 : 709
Data:  3511 : 709
Data:  3511 : 709
Data:  3511 : 710
Data:  3511 : 710
Data:  3511 : 710
Data:  3511 : 711
Data:  3511 : 711
Data:  3511 : 711
Data:  3511 : 712
Data:  3511 : 712
Data:  3511 : 712
Data:  3511 : 713
Data:  3511 : 713
Data:  3511 : 713
Data:  3511 : 714
Data:  3511 : 714
Data:  3511 : 714
Data:  3514 : 360
Data:  3514 : 360
Data:  3514 : 742
Data:  3514 : 742
Data:  3514 : 743
Data:  3514 : 743
Data:  3515 : 353
Data:  3515 : 353
Data:  3515 : 353
Data:  3515 : 754
Data:  3515 : 754
Data:  3515 : 754
Data:  3515 : 755
Data:  3515 : 755
Data:  3515 : 755
Data:  3516 : 181
Data:  3516 : 181
Data:  3516 : 3139
Data:  3516 : 3139
Data:  3516 : 3140
Data:  3516 : 3140
Data:  3516 : 3141
Data:  3516 : 3141
Data:  3517 : 85
Data:  3517 : 85
Data:  3517 : 3105
Data:  3517 : 3105
Data:  3517 : 3106
Data:  3517 : 3106
Data:  3517 : 3107
Data:  3517 : 3107
Data:  3518 : 86
Data:  3518 : 86
Data:  3518 : 3066
Data:  3518 : 3066
Data:  3518 : 3067
Data:  3518 : 3067
Data:  3518 : 3068
Data:  3518 : 3068
Data:  3519 : 180
Data:  3519 : 180
Data:  3519 : 180
Data:  3519 : 3142
Data:  3519 : 3142
Data:  3519 : 3142
Data:  3519 : 3143
Data:  3519 : 3143
Data:  3519 : 3143
Data:  3519 : 3144
Data:  3519 : 3144
Data:  3519 : 3144
Data:  3519 : 3145
Data:  3519 : 3145
Data:  3519 : 3145
Data:  3520 : 84
Data:  3520 : 84
Data:  3520 : 3108
Data:  3520 : 3108
Data:  3520 : 3109
Data:  3520 : 3109
Data:  3520 : 3110
Data:  3520 : 3110
Data:  3520 : 3111
Data:  3520 : 3111
Data:  3521 : 91
Data:  3521 : 91
Data:  3521 : 3069
Data:  3521 : 3069
Data:  3521 : 3070
Data:  3521 : 3070
Data:  3521 : 3071
Data:  3521 : 3071
Data:  3521 : 3072
Data:  3521 : 3072
Data:  3522 : 182
Data:  3522 : 182
Data:  3522 : 182
Data:  3522 : 3146
Data:  3522 : 3146
Data:  3522 : 3146
Data:  3522 : 3147
Data:  3522 : 3147
Data:  3522 : 3147
Data:  3522 : 3148
Data:  3522 : 3148
Data:  3522 : 3148
Data:  3522 : 3149
Data:  3522 : 3149
Data:  3522 : 3149
Data:  3523 : 83
Data:  3523 : 83
Data:  3523 : 3112
Data:  3523 : 3112
Data:  3523 : 3113
Data:  3523 : 3113
Data:  3523 : 3114
Data:  3523 : 3114
Data:  3524 : 90
Data:  3524 : 90
Data:  3524 : 90
Data:  3524 : 3073
Data:  3524 : 3073
Data:  3524 : 3073
Data:  3524 : 3074
Data:  3524 : 3074
Data:  3524 : 3074
Data:  3524 : 3075
Data:  3524 : 3075
Data:  3524 : 3075
Data:  3524 : 3076
Data:  3524 : 3076
Data:  3524 : 3076
Data:  3525 : 472
Data:  3525 : 472
Data:  3525 : 472
Data:  3525 : 789
Data:  3525 : 789
Data:  3525 : 789
Data:  3525 : 790
Data:  3525 : 790
Data:  3525 : 790
Data:  3525 : 791
Data:  3525 : 791
Data:  3525 : 791
Data:  3526 : 201
Data:  3526 : 201
Data:  3526 : 727
Data:  3526 : 727
Data:  3526 : 728
Data:  3526 : 728
Data:  3526 : 729
Data:  3526 : 729
Data:  3526 : 730
Data:  3526 : 730
Data:  3526 : 731
Data:  3526 : 731
Data:  3526 : 732
Data:  3526 : 732
Data:  3526 : 733
Data:  3526 : 733
Data:  3526 : 734
Data:  3526 : 734
Data:  3526 : 735
Data:  3526 : 735
Data:  3526 : 736
Data:  3526 : 736
Data:  3526 : 737
Data:  3526 : 737
Data:  3526 : 738
Data:  3526 : 738
Data:  3526 : 739
Data:  3526 : 739
Data:  3526 : 740
Data:  3526 : 740
Data:  3526 : 741
Data:  3526 : 741
Data:  3527 : 82
Data:  3527 : 82
Data:  3527 : 3150
Data:  3527 : 3150
Data:  3527 : 3151
Data:  3527 : 3151
Data:  3527 : 3152
Data:  3527 : 3152
Data:  3527 : 3153
Data:  3527 : 3153
Data:  3527 : 3154
Data:  3527 : 3154
Data:  3527 : 3155
Data:  3527 : 3155
Data:  3527 : 3156
Data:  3527 : 3156
Data:  3527 : 3157
Data:  3527 : 3157
Data:  3527 : 3158
Data:  3527 : 3158
Data:  3527 : 3159
Data:  3527 : 3159
Data:  3527 : 3160
Data:  3527 : 3160
Data:  3528 : 89
Data:  3528 : 89
Data:  3528 : 89
Data:  3528 : 3077
Data:  3528 : 3077
Data:  3528 : 3077
Data:  3528 : 3078
Data:  3528 : 3078
Data:  3528 : 3078
Data:  3528 : 3079
Data:  3528 : 3079
Data:  3528 : 3079
Data:  3528 : 3080
Data:  3528 : 3080
Data:  3528 : 3080
Data:  3529 : 471
Data:  3529 : 471
Data:  3529 : 471
Data:  3529 : 4065
Data:  3529 : 4065
Data:  3529 : 4065
Data:  3529 : 4066
Data:  3529 : 4066
Data:  3529 : 4066
Data:  3530 : 467
Data:  3530 : 467
Data:  3530 : 467
Data:  3530 : 720
Data:  3530 : 720
Data:  3530 : 720
Data:  3530 : 721
Data:  3530 : 721
Data:  3530 : 721
Data:  3530 : 722
Data:  3530 : 722
Data:  3530 : 722
Data:  3531 : 415
Data:  3531 : 415
Data:  3531 : 3452
Data:  3531 : 3452
Data:  3531 : 3453
Data:  3531 : 3453
Data:  3531 : 3454
Data:  3531 : 3454
Data:  3531 : 3455
Data:  3531 : 3455
Data:  3531 : 3456
Data:  3531 : 3456
Data:  3531 : 3457
Data:  3531 : 3457
Data:  3531 : 3458
Data:  3531 : 3458
Data:  3532 : 81
Data:  3532 : 81
Data:  3532 : 81
Data:  3532 : 3229
Data:  3532 : 3229
Data:  3532 : 3229
Data:  3532 : 3230
Data:  3532 : 3230
Data:  3532 : 3230
Data:  3532 : 3231
Data:  3532 : 3231
Data:  3532 : 3231
Data:  3532 : 3232
Data:  3532 : 3232
Data:  3532 : 3232
Data:  3533 : 80
Data:  3533 : 80
Data:  3533 : 3195
Data:  3533 : 3195
Data:  3533 : 3196
Data:  3533 : 3196
Data:  3533 : 3197
Data:  3533 : 3197
Data:  3533 : 3198
Data:  3533 : 3198
Data:  3534 : 88
Data:  3534 : 88
Data:  3534 : 3161
Data:  3534 : 3161
Data:  3534 : 3162
Data:  3534 : 3162
Data:  3534 : 3163
Data:  3534 : 3163
Data:  3534 : 3164
Data:  3534 : 3164
Data:  3535 : 473
Data:  3535 : 473
Data:  3535 : 473
Data:  3535 : 4057
Data:  3535 : 4057
Data:  3535 : 4057
Data:  3535 : 4058
Data:  3535 : 4058
Data:  3535 : 4058
Data:  3535 : 4059
Data:  3535 : 4059
Data:  3535 : 4059
Data:  3536 : 184
Data:  3536 : 184
Data:  3536 : 184
Data:  3536 : 715
Data:  3536 : 715
Data:  3536 : 715
Data:  3536 : 716
Data:  3536 : 716
Data:  3536 : 716
Data:  3536 : 717
Data:  3536 : 717
Data:  3536 : 717
Data:  3536 : 718
Data:  3536 : 718
Data:  3536 : 718
Data:  3536 : 719
Data:  3536 : 719
Data:  3536 : 719
Data:  3537 : 183
Data:  3537 : 183
Data:  3537 : 183
Data:  3537 : 3459
Data:  3537 : 3459
Data:  3537 : 3459
Data:  3537 : 3460
Data:  3537 : 3460
Data:  3537 : 3460
Data:  3538 : 414
Data:  3538 : 3461
Data:  3538 : 3462
Data:  3539 : 78
Data:  3539 : 78
Data:  3539 : 78
Data:  3539 : 3233
Data:  3539 : 3233
Data:  3539 : 3233
Data:  3539 : 3234
Data:  3539 : 3234
Data:  3539 : 3234
Data:  3539 : 3235
Data:  3539 : 3235
Data:  3539 : 3235
Data:  3540 : 79
Data:  3540 : 79
Data:  3540 : 3199
Data:  3540 : 3199
Data:  3540 : 3200
Data:  3540 : 3200
Data:  3540 : 3201
Data:  3540 : 3201
Data:  3541 : 87
Data:  3541 : 87
Data:  3541 : 3165
Data:  3541 : 3165
Data:  3541 : 3166
Data:  3541 : 3166
Data:  3541 : 3167
Data:  3541 : 3167
Data:  3542 : 240
Data:  3542 : 4054
Data:  3542 : 4055
Data:  3542 : 4056
Data:  3543 : 486
Data:  3543 : 486
Data:  3543 : 486
Data:  3543 : 4051
Data:  3543 : 4051
Data:  3543 : 4051
Data:  3543 : 4052
Data:  3543 : 4052
Data:  3543 : 4052
Data:  3543 : 4053
Data:  3543 : 4053
Data:  3543 : 4053
Data:  3544 : 191
Data:  3544 : 191
Data:  3544 : 3507
Data:  3544 : 3507
Data:  3544 : 3508
Data:  3544 : 3508
Data:  3545 : 190
Data:  3545 : 190
Data:  3545 : 3509
Data:  3545 : 3509
Data:  3545 : 3510
Data:  3545 : 3510
Data:  3546 : 77
Data:  3546 : 77
Data:  3546 : 77
Data:  3546 : 3236
Data:  3546 : 3236
Data:  3546 : 3236
Data:  3546 : 3237
Data:  3546 : 3237
Data:  3546 : 3237
Data:  3546 : 3238
Data:  3546 : 3238
Data:  3546 : 3238
Data:  3551 : 355
Data:  3551 : 355
Data:  3551 : 355
Data:  3551 : 3526
Data:  3551 : 3526
Data:  3551 : 3526
Data:  3552 : 194
Data:  3552 : 194
Data:  3552 : 194
Data:  3552 : 3524
Data:  3552 : 3524
Data:  3552 : 3524
Data:  3552 : 3525
Data:  3552 : 3525
Data:  3552 : 3525
Data:  3553 : 192
Data:  3553 : 192
Data:  3553 : 3519
Data:  3553 : 3519
Data:  3553 : 3520
Data:  3553 : 3520
Data:  3554 : 193
Data:  3554 : 3517
Data:  3554 : 3518
Data:  3555 : 76
Data:  3555 : 76
Data:  3555 : 76
Data:  3555 : 3239
Data:  3555 : 3239
Data:  3555 : 3239
Data:  3555 : 3240
Data:  3555 : 3240
Data:  3555 : 3240
Data:  3555 : 3241
Data:  3555 : 3241
Data:  3555 : 3241
Data:  3556 : 92
Data:  3556 : 92
Data:  3556 : 3202
Data:  3556 : 3202
Data:  3556 : 3203
Data:  3556 : 3203
Data:  3556 : 3204
Data:  3556 : 3204
Data:  3557 : 93
Data:  3557 : 93
Data:  3557 : 93
Data:  3557 : 3168
Data:  3557 : 3168
Data:  3557 : 3168
Data:  3557 : 3169
Data:  3557 : 3169
Data:  3557 : 3169
Data:  3557 : 3170
Data:  3557 : 3170
Data:  3557 : 3170
Data:  3558 : 637
Data:  3558 : 637
Data:  3558 : 637
Data:  3558 : 872
Data:  3558 : 872
Data:  3558 : 872
Data:  3558 : 873
Data:  3558 : 873
Data:  3558 : 873
Data:  3558 : 874
Data:  3558 : 874
Data:  3558 : 874
Data:  3558 : 875
Data:  3558 : 875
Data:  3558 : 875
Data:  3558 : 876
Data:  3558 : 876
Data:  3558 : 876
Data:  3558 : 877
Data:  3558 : 877
Data:  3558 : 877
Data:  3558 : 878
Data:  3558 : 878
Data:  3558 : 878
Data:  3558 : 879
Data:  3558 : 879
Data:  3558 : 879
Data:  3558 : 880
Data:  3558 : 880
Data:  3558 : 880
Data:  3558 : 881
Data:  3558 : 881
Data:  3558 : 881
Data:  3558 : 882
Data:  3558 : 882
Data:  3558 : 882
Data:  3559 : 638
Data:  3559 : 638
Data:  3559 : 638
Data:  3559 : 750
Data:  3559 : 750
Data:  3559 : 750
Data:  3559 : 751
Data:  3559 : 751
Data:  3559 : 751
Data:  3559 : 752
Data:  3559 : 752
Data:  3559 : 752
Data:  3559 : 753
Data:  3559 : 753
Data:  3559 : 753
Data:  3560 : 312
Data:  3560 : 312
Data:  3560 : 3081
Data:  3560 : 3081
Data:  3560 : 3082
Data:  3560 : 3082
Data:  3560 : 3083
Data:  3560 : 3083
Data:  3560 : 3084
Data:  3560 : 3084
Data:  3560 : 3085
Data:  3560 : 3085
Data:  3560 : 3086
Data:  3560 : 3086
Data:  3560 : 3087
Data:  3560 : 3087
Data:  3560 : 3088
Data:  3560 : 3088
Data:  3560 : 3089
Data:  3560 : 3089
Data:  3560 : 3090
Data:  3560 : 3090
Data:  3560 : 3091
Data:  3560 : 3091
Data:  3560 : 3092
Data:  3560 : 3092
Data:  3560 : 3093
Data:  3560 : 3093
Data:  3560 : 3094
Data:  3560 : 3094
Data:  3560 : 3095
Data:  3560 : 3095
Data:  3560 : 3096
Data:  3560 : 3096
Data:  3560 : 3097
Data:  3560 : 3097
Data:  3560 : 3098
Data:  3560 : 3098
Data:  3560 : 3099
Data:  3560 : 3099
Data:  3560 : 3100
Data:  3560 : 3100
Data:  3560 : 3101
Data:  3560 : 3101
Data:  3560 : 3102
Data:  3560 : 3102
Data:  3560 : 3103
Data:  3560 : 3103
Data:  3560 : 3104
Data:  3560 : 3104
Data:  3561 : 665
Data:  3561 : 665
Data:  3601 : 316
Data:  3601 : 316
Data:  3601 : 3993
Data:  3601 : 3993
Data:  3601 : 3994
Data:  3601 : 3994
Data:  3601 : 3995
Data:  3601 : 3995
Data:  3601 : 3996
Data:  3601 : 3996
Data:  3601 : 3997
Data:  3601 : 3997
Data:  3601 : 3998
Data:  3601 : 3998
Data:  3601 : 3999
Data:  3601 : 3999
Data:  3601 : 4000
Data:  3601 : 4000
Data:  3601 : 4001
Data:  3601 : 4001
Data:  3601 : 4002
Data:  3601 : 4002
Data:  3601 : 4003
Data:  3601 : 4003
Data:  3601 : 4004
Data:  3601 : 4004
Data:  3601 : 4005
Data:  3601 : 4005
Data:  3601 : 4006
Data:  3601 : 4006
Data:  3601 : 4007
Data:  3601 : 4007
Data:  3601 : 4008
Data:  3601 : 4008
Data:  3601 : 4009
Data:  3601 : 4009
Data:  3601 : 4010
Data:  3601 : 4010
Data:  3601 : 4011
Data:  3601 : 4011
Data:  3601 : 4012
Data:  3601 : 4012
Data:  3601 : 4013
Data:  3601 : 4013
Data:  3601 : 4014
Data:  3601 : 4014
Data:  3601 : 4015
Data:  3601 : 4015
Data:  3601 : 4016
Data:  3601 : 4016
Data:  3601 : 4017
Data:  3601 : 4017
Data:  3601 : 4018
Data:  3601 : 4018
Data:  3601 : 4019
Data:  3601 : 4019
Data:  3601 : 4020
Data:  3601 : 4020
Data:  3601 : 4021
Data:  3601 : 4021
Data:  3601 : 4022
Data:  3601 : 4022
Data:  3601 : 4023
Data:  3601 : 4023
Data:  3601 : 4024
Data:  3601 : 4024
Data:  3601 : 4025
Data:  3601 : 4025
Data:  3601 : 4026
Data:  3601 : 4026
Data:  3601 : 4027
Data:  3601 : 4027
Data:  3601 : 4028
Data:  3601 : 4028
Data:  3601 : 4029
Data:  3601 : 4029
Data:  3604 : 222
Data:  3604 : 222
Data:  3604 : 222
Data:  3604 : 4113
Data:  3604 : 4113
Data:  3604 : 4113
Data:  3604 : 4114
Data:  3604 : 4114
Data:  3604 : 4114
Data:  3604 : 4115
Data:  3604 : 4115
Data:  3604 : 4115
Data:  3605 : 241
Data:  3605 : 4130
Data:  3605 : 4131
Data:  3605 : 4132
Data:  3606 : 320
Data:  3606 : 320
Data:  3606 : 320
Data:  3606 : 3962
Data:  3606 : 3962
Data:  3606 : 3962
Data:  3606 : 3963
Data:  3606 : 3963
Data:  3606 : 3963
Data:  3606 : 3964
Data:  3606 : 3964
Data:  3606 : 3964
Data:  3606 : 3965
Data:  3606 : 3965
Data:  3606 : 3965
Data:  3606 : 3966
Data:  3606 : 3966
Data:  3606 : 3966
Data:  3606 : 3967
Data:  3606 : 3967
Data:  3606 : 3967
Data:  3606 : 3968
Data:  3606 : 3968
Data:  3606 : 3968
Data:  3606 : 3969
Data:  3606 : 3969
Data:  3606 : 3969
Data:  3606 : 3970
Data:  3606 : 3970
Data:  3606 : 3970
Data:  3606 : 3971
Data:  3606 : 3971
Data:  3606 : 3971
Data:  3606 : 3972
Data:  3606 : 3972
Data:  3606 : 3972
Data:  3607 : 587
Data:  3607 : 587
Data:  3607 : 587
Data:  3607 : 4093
Data:  3607 : 4093
Data:  3607 : 4093
Data:  3607 : 4094
Data:  3607 : 4094
Data:  3607 : 4094
Data:  3607 : 4095
Data:  3607 : 4095
Data:  3607 : 4095
Data:  3607 : 4096
Data:  3607 : 4096
Data:  3607 : 4096
Data:  3607 : 4097
Data:  3607 : 4097
Data:  3607 : 4097
Data:  3607 : 4098
Data:  3607 : 4098
Data:  3607 : 4098
Data:  3607 : 4099
Data:  3607 : 4099
Data:  3607 : 4099
Data:  3607 : 4100
Data:  3607 : 4100
Data:  3607 : 4100
Data:  3607 : 4101
Data:  3607 : 4101
Data:  3607 : 4101
Data:  3607 : 4102
Data:  3607 : 4102
Data:  3607 : 4102
Data:  3607 : 4103
Data:  3607 : 4103
Data:  3607 : 4103
Data:  3608 : 588
Data:  3608 : 588
Data:  3608 : 588
Data:  3608 : 4090
Data:  3608 : 4090
Data:  3608 : 4090
Data:  3608 : 4091
Data:  3608 : 4091
Data:  3608 : 4091
Data:  3608 : 4092
Data:  3608 : 4092
Data:  3608 : 4092
Data:  3609 : 361
Data:  3609 : 361
Data:  3609 : 361
Data:  3609 : 3973
Data:  3609 : 3973
Data:  3609 : 3973
Data:  3609 : 3974
Data:  3609 : 3974
Data:  3609 : 3974
Data:  3609 : 3975
Data:  3609 : 3975
Data:  3609 : 3975
Data:  3609 : 3976
Data:  3609 : 3976
Data:  3609 : 3976
Data:  3610 : 474
Data:  3610 : 474
Data:  3610 : 474
Data:  3610 : 4067
Data:  3610 : 4067
Data:  3610 : 4067
Data:  3610 : 4068
Data:  3610 : 4068
Data:  3610 : 4068
Data:  3610 : 4069
Data:  3610 : 4069
Data:  3610 : 4069
Data:  3610 : 4070
Data:  3610 : 4070
Data:  3610 : 4070
Data:  3610 : 4071
Data:  3610 : 4071
Data:  3610 : 4071
Data:  3610 : 4072
Data:  3610 : 4072
Data:  3610 : 4072
Data:  3610 : 4073
Data:  3610 : 4073
Data:  3610 : 4073
Data:  3610 : 4074
Data:  3610 : 4074
Data:  3610 : 4074
Data:  3610 : 4075
Data:  3610 : 4075
Data:  3610 : 4075
Data:  3610 : 4076
Data:  3610 : 4076
Data:  3610 : 4076
Data:  3610 : 4077
Data:  3610 : 4077
Data:  3610 : 4077
Data:  3610 : 4078
Data:  3610 : 4078
Data:  3610 : 4078
Data:  3611 : 239
Data:  3611 : 239
Data:  3611 : 239
Data:  3611 : 4079
Data:  3611 : 4079
Data:  3611 : 4079
Data:  3611 : 4080
Data:  3611 : 4080
Data:  3611 : 4080
Data:  3612 : 300
Data:  3612 : 4165
Data:  3612 : 4166
Data:  3612 : 4167
Data:  3612 : 4168
Data:  3612 : 4169
Data:  3612 : 4170
Data:  3612 : 4171
Data:  3612 : 4172
Data:  3612 : 4173
Data:  3612 : 4174
Data:  3612 : 4175
Data:  3612 : 4176
Data:  3612 : 4177
Data:  3612 : 4178
Data:  3612 : 4179
Data:  3612 : 4180
Data:  3612 : 4181
Data:  3612 : 4182
Data:  3612 : 4183
Data:  3612 : 4184
Data:  3613 : 297
Data:  3613 : 297
Data:  3613 : 297
Data:  3613 : 4133
Data:  3613 : 4133
Data:  3613 : 4133
Data:  3613 : 4134
Data:  3613 : 4134
Data:  3613 : 4134
Data:  3613 : 4135
Data:  3613 : 4135
Data:  3613 : 4135
Data:  3613 : 4136
Data:  3613 : 4136
Data:  3613 : 4136
Data:  3613 : 4137
Data:  3613 : 4137
Data:  3613 : 4137
Data:  3613 : 4138
Data:  3613 : 4138
Data:  3613 : 4138
Data:  3613 : 4139
Data:  3613 : 4139
Data:  3613 : 4139
Data:  3613 : 4140
Data:  3613 : 4140
Data:  3613 : 4140
Data:  3613 : 4141
Data:  3613 : 4141
Data:  3613 : 4141
Data:  3613 : 4142
Data:  3613 : 4142
Data:  3613 : 4142
Data:  3613 : 4143
Data:  3613 : 4143
Data:  3613 : 4143
Data:  3613 : 4144
Data:  3613 : 4144
Data:  3613 : 4144
Data:  3613 : 4145
Data:  3613 : 4145
Data:  3613 : 4145
Data:  3613 : 4146
Data:  3613 : 4146
Data:  3613 : 4146
Data:  3613 : 4147
Data:  3613 : 4147
Data:  3613 : 4147
Data:  3613 : 4148
Data:  3613 : 4148
Data:  3613 : 4148
Data:  3613 : 4149
Data:  3613 : 4149
Data:  3613 : 4149
Data:  3613 : 4150
Data:  3613 : 4150
Data:  3613 : 4150
Data:  3613 : 4151
Data:  3613 : 4151
Data:  3613 : 4151
Data:  3613 : 4152
Data:  3613 : 4152
Data:  3613 : 4152
Data:  3613 : 4153
Data:  3613 : 4153
Data:  3613 : 4153
Data:  3613 : 4154
Data:  3613 : 4154
Data:  3613 : 4154
Data:  3613 : 4155
Data:  3613 : 4155
Data:  3613 : 4155
Data:  3613 : 4156
Data:  3613 : 4156
Data:  3613 : 4156
Data:  3615 : 479
Data:  3615 : 479
Data:  3615 : 479
Data:  3615 : 4047
Data:  3615 : 4047
Data:  3615 : 4047
Data:  3615 : 4048
Data:  3615 : 4048
Data:  3615 : 4048
Data:  3615 : 4049
Data:  3615 : 4049
Data:  3615 : 4049
Data:  3615 : 4050
Data:  3615 : 4050
Data:  3615 : 4050
Data:  3616 : 475
Data:  3616 : 475
Data:  3616 : 475
Data:  3616 : 4123
Data:  3616 : 4123
Data:  3616 : 4123
Data:  3616 : 4124
Data:  3616 : 4124
Data:  3616 : 4124
Data:  3616 : 4125
Data:  3616 : 4125
Data:  3616 : 4125
Data:  3616 : 4126
Data:  3616 : 4126
Data:  3616 : 4126
Data:  3616 : 4127
Data:  3616 : 4127
Data:  3616 : 4127
Data:  3616 : 4128
Data:  3616 : 4128
Data:  3616 : 4128
Data:  3616 : 4129
Data:  3616 : 4129
Data:  3616 : 4129
Data:  3617 : 477
Data:  3617 : 477
Data:  3617 : 477
Data:  3617 : 4087
Data:  3617 : 4087
Data:  3617 : 4087
Data:  3617 : 4088
Data:  3617 : 4088
Data:  3617 : 4088
Data:  3617 : 4089
Data:  3617 : 4089
Data:  3617 : 4089
Data:  3618 : 661
Data:  3618 : 661
Data:  3618 : 661
Data:  3618 : 4116
Data:  3618 : 4116
Data:  3618 : 4116
Data:  3618 : 4117
Data:  3618 : 4117
Data:  3618 : 4117
Data:  3618 : 4118
Data:  3618 : 4118
Data:  3618 : 4118
Data:  3618 : 4119
Data:  3618 : 4119
Data:  3618 : 4119
Data:  3618 : 4120
Data:  3618 : 4120
Data:  3618 : 4120
Data:  3618 : 4121
Data:  3618 : 4121
Data:  3618 : 4121
Data:  3618 : 4122
Data:  3618 : 4122
Data:  3618 : 4122
Data:  3619 : 476
Data:  3619 : 476
Data:  3619 : 476
Data:  3619 : 4084
Data:  3619 : 4084
Data:  3619 : 4084
Data:  3619 : 4085
Data:  3619 : 4085
Data:  3619 : 4085
Data:  3619 : 4086
Data:  3619 : 4086
Data:  3619 : 4086
Data:  3620 : 478
Data:  3620 : 478
Data:  3620 : 478
Data:  3620 : 4081
Data:  3620 : 4081
Data:  3620 : 4081
Data:  3620 : 4082
Data:  3620 : 4082
Data:  3620 : 4082
Data:  3620 : 4083
Data:  3620 : 4083
Data:  3620 : 4083
Data:  3621 : 221
Data:  3621 : 221
Data:  3621 : 221
Data:  3621 : 4104
Data:  3621 : 4104
Data:  3621 : 4104
Data:  3621 : 4105
Data:  3621 : 4105
Data:  3621 : 4105
Data:  3621 : 4106
Data:  3621 : 4106
Data:  3621 : 4106
Data:  3621 : 4107
Data:  3621 : 4107
Data:  3621 : 4107
Data:  3621 : 4108
Data:  3621 : 4108
Data:  3621 : 4108
Data:  3621 : 4109
Data:  3621 : 4109
Data:  3621 : 4109
Data:  3621 : 4110
Data:  3621 : 4110
Data:  3621 : 4110
Data:  3622 : 359
Data:  3622 : 359
Data:  3622 : 359
Data:  3622 : 359
Data:  3623 : 220
Data:  3623 : 220
Data:  3623 : 220
Data:  3623 : 3987
Data:  3623 : 3987
Data:  3623 : 3987
Data:  3623 : 3988
Data:  3623 : 3988
Data:  3623 : 3988
Data:  3623 : 3989
Data:  3623 : 3989
Data:  3623 : 3989
Data:  3623 : 3990
Data:  3623 : 3990
Data:  3623 : 3990
Data:  3624 : 358
Data:  3624 : 358
Data:  3624 : 358
Data:  3624 : 358
Data:  3624 : 3991
Data:  3624 : 3991
Data:  3624 : 3991
Data:  3624 : 3991
Data:  3624 : 3992
Data:  3624 : 3992
Data:  3624 : 3992
Data:  3624 : 3992
Data:  3625 : 218
Data:  3625 : 218
Data:  3625 : 3977
Data:  3625 : 3977
Data:  3625 : 3978
Data:  3625 : 3978
Data:  3625 : 3979
Data:  3625 : 3979
Data:  3625 : 3980
Data:  3625 : 3980
Data:  3626 : 74
Data:  3626 : 74
Data:  3626 : 3959
Data:  3626 : 3959
Data:  3626 : 3960
Data:  3626 : 3960
Data:  3626 : 3961
Data:  3626 : 3961
Data:  3630 : 636
Data:  3630 : 636
Data:  3630 : 3981
Data:  3630 : 3981
Data:  3630 : 3982
Data:  3630 : 3982
Data:  3630 : 3983
Data:  3630 : 3983
Data:  3631 : 656
Data:  3631 : 656
Data:  3631 : 656
Data:  3631 : 4111
Data:  3631 : 4111
Data:  3631 : 4111
Data:  3631 : 4112
Data:  3631 : 4112
Data:  3631 : 4112
Data:  3632 : 662
Data:  3632 : 662
Data:  3632 : 662
Data:  3633 : 663
Data:  3633 : 663
Data:  3633 : 663
Data:  3701 : 363
Data:  3701 : 363
Data:  3701 : 4157
Data:  3701 : 4157
Data:  3701 : 4158
Data:  3701 : 4158
Data:  3701 : 4159
Data:  3701 : 4159
Data:  3701 : 4160
Data:  3701 : 4160
Data:  3701 : 4161
Data:  3701 : 4161
Data:  3701 : 4162
Data:  3701 : 4162
Data:  3701 : 4163
Data:  3701 : 4163
Data:  3701 : 4164
Data:  3701 : 4164
Data:  4101 : 398
Data:  4101 : 398
Data:  4101 : 398
Data:  4101 : 2002
Data:  4101 : 2002
Data:  4101 : 2002
Data:  4101 : 2003
Data:  4101 : 2003
Data:  4101 : 2003
Data:  4101 : 2004
Data:  4101 : 2004
Data:  4101 : 2004
Data:  4101 : 2005
Data:  4101 : 2005
Data:  4101 : 2005
Data:  4101 : 2006
Data:  4101 : 2006
Data:  4101 : 2006
Data:  4101 : 2007
Data:  4101 : 2007
Data:  4101 : 2007
Data:  4101 : 2008
Data:  4101 : 2008
Data:  4101 : 2008
Data:  4101 : 2009
Data:  4101 : 2009
Data:  4101 : 2009
Data:  4101 : 2010
Data:  4101 : 2010
Data:  4101 : 2010
Data:  4101 : 2011
Data:  4101 : 2011
Data:  4101 : 2011
Data:  4101 : 2012
Data:  4101 : 2012
Data:  4101 : 2012
Data:  4101 : 2013
Data:  4101 : 2013
Data:  4101 : 2013
Data:  4101 : 2014
Data:  4101 : 2014
Data:  4101 : 2014
Data:  4101 : 2015
Data:  4101 : 2015
Data:  4101 : 2015
Data:  4101 : 2016
Data:  4101 : 2016
Data:  4101 : 2016
Data:  4101 : 2017
Data:  4101 : 2017
Data:  4101 : 2017
Data:  4101 : 2018
Data:  4101 : 2018
Data:  4101 : 2018
Data:  4101 : 2019
Data:  4101 : 2019
Data:  4101 : 2019
Data:  4101 : 2020
Data:  4101 : 2020
Data:  4101 : 2020
Data:  4101 : 2021
Data:  4101 : 2021
Data:  4101 : 2021
Data:  4102 : 651
Data:  4102 : 651
Data:  4102 : 2022
Data:  4102 : 2022
Data:  4102 : 2023
Data:  4102 : 2023
Data:  4102 : 2024
Data:  4102 : 2024
Data:  4102 : 2025
Data:  4102 : 2025
Data:  4102 : 2026
Data:  4102 : 2026
Data:  4102 : 2027
Data:  4102 : 2027
Data:  4102 : 2028
Data:  4102 : 2028
Data:  4102 : 2029
Data:  4102 : 2029
Data:  4102 : 2030
Data:  4102 : 2030
Data:  4102 : 2031
Data:  4102 : 2031
Data:  4102 : 2032
Data:  4102 : 2032
Data:  4102 : 2033
Data:  4102 : 2033
Data:  4202 : 389
Data:  4202 : 389
Data:  4202 : 389
Data:  4202 : 389
Data:  4202 : 1976
Data:  4202 : 1976
Data:  4202 : 1976
Data:  4202 : 1976
Data:  4202 : 1977
Data:  4202 : 1977
Data:  4202 : 1977
Data:  4202 : 1977
Data:  4202 : 1978
Data:  4202 : 1978
Data:  4202 : 1978
Data:  4202 : 1978
Data:  4202 : 1979
Data:  4202 : 1979
Data:  4202 : 1979
Data:  4202 : 1979
Data:  4202 : 1980
Data:  4202 : 1980
Data:  4202 : 1980
Data:  4202 : 1980
Data:  4202 : 1981
Data:  4202 : 1981
Data:  4202 : 1981
Data:  4202 : 1981
Data:  4202 : 1982
Data:  4202 : 1982
Data:  4202 : 1982
Data:  4202 : 1982
Data:  4202 : 1983
Data:  4202 : 1983
Data:  4202 : 1983
Data:  4202 : 1983
Data:  4202 : 1984
Data:  4202 : 1984
Data:  4202 : 1984
Data:  4202 : 1984
Data:  4202 : 1985
Data:  4202 : 1985
Data:  4202 : 1985
Data:  4202 : 1985
Data:  4202 : 1986
Data:  4202 : 1986
Data:  4202 : 1986
Data:  4202 : 1986
Data:  4202 : 1987
Data:  4202 : 1987
Data:  4202 : 1987
Data:  4202 : 1987
Data:  4202 : 1988
Data:  4202 : 1988
Data:  4202 : 1988
Data:  4202 : 1988
Data:  4202 : 1989
Data:  4202 : 1989
Data:  4202 : 1989
Data:  4202 : 1989
Data:  4202 : 1990
Data:  4202 : 1990
Data:  4202 : 1990
Data:  4202 : 1990
Data:  4202 : 1991
Data:  4202 : 1991
Data:  4202 : 1991
Data:  4202 : 1991
Data:  4203 : 388
Data:  4203 : 388
Data:  4203 : 388
Data:  4203 : 388
Data:  4203 : 1992
Data:  4203 : 1992
Data:  4203 : 1992
Data:  4203 : 1992
Data:  4203 : 1993
Data:  4203 : 1993
Data:  4203 : 1993
Data:  4203 : 1993
Data:  4203 : 1994
Data:  4203 : 1994
Data:  4203 : 1994
Data:  4203 : 1994
Data:  4203 : 1995
Data:  4203 : 1995
Data:  4203 : 1995
Data:  4203 : 1995
Data:  4203 : 1996
Data:  4203 : 1996
Data:  4203 : 1996
Data:  4203 : 1996
Data:  4203 : 1997
Data:  4203 : 1997
Data:  4203 : 1997
Data:  4203 : 1997
Data:  4203 : 1998
Data:  4203 : 1998
Data:  4203 : 1998
Data:  4203 : 1998
Data:  4203 : 1999
Data:  4203 : 1999
Data:  4203 : 1999
Data:  4203 : 1999
Data:  4203 : 2000
Data:  4203 : 2000
Data:  4203 : 2000
Data:  4203 : 2000
Data:  4203 : 2001
Data:  4203 : 2001
Data:  4203 : 2001
Data:  4203 : 2001
Data:  4210 : 336
Data:  4210 : 336
Data:  4210 : 336
Data:  4210 : 336
Data:  4210 : 1943
Data:  4210 : 1943
Data:  4210 : 1943
Data:  4210 : 1943
Data:  4210 : 1944
Data:  4210 : 1944
Data:  4210 : 1944
Data:  4210 : 1944
Data:  4210 : 1945
Data:  4210 : 1945
Data:  4210 : 1945
Data:  4210 : 1945
Data:  4210 : 1946
Data:  4210 : 1946
Data:  4210 : 1946
Data:  4210 : 1946
Data:  4210 : 1947
Data:  4210 : 1947
Data:  4210 : 1947
Data:  4210 : 1947
Data:  4210 : 1948
Data:  4210 : 1948
Data:  4210 : 1948
Data:  4210 : 1948
Data:  4210 : 1949
Data:  4210 : 1949
Data:  4210 : 1949
Data:  4210 : 1949
Data:  4210 : 1950
Data:  4210 : 1950
Data:  4210 : 1950
Data:  4210 : 1950
Data:  4210 : 1951
Data:  4210 : 1951
Data:  4210 : 1951
Data:  4210 : 1951
Data:  4210 : 1952
Data:  4210 : 1952
Data:  4210 : 1952
Data:  4210 : 1952
Data:  4210 : 1953
Data:  4210 : 1953
Data:  4210 : 1953
Data:  4210 : 1953
Data:  4210 : 1954
Data:  4210 : 1954
Data:  4210 : 1954
Data:  4210 : 1954
Data:  4210 : 1955
Data:  4210 : 1955
Data:  4210 : 1955
Data:  4210 : 1955
Data:  4210 : 1956
Data:  4210 : 1956
Data:  4210 : 1956
Data:  4210 : 1956
Data:  4210 : 1957
Data:  4210 : 1957
Data:  4210 : 1957
Data:  4210 : 1957
Data:  4210 : 1958
Data:  4210 : 1958
Data:  4210 : 1958
Data:  4210 : 1958
Data:  4210 : 1959
Data:  4210 : 1959
Data:  4210 : 1959
Data:  4210 : 1959
Data:  4210 : 1960
Data:  4210 : 1960
Data:  4210 : 1960
Data:  4210 : 1960
Data:  4210 : 1961
Data:  4210 : 1961
Data:  4210 : 1961
Data:  4210 : 1961
Data:  4210 : 1962
Data:  4210 : 1962
Data:  4210 : 1962
Data:  4210 : 1962
Data:  4210 : 1963
Data:  4210 : 1963
Data:  4210 : 1963
Data:  4210 : 1963
Data:  4301 : 168
Data:  4301 : 168
Data:  4301 : 1602
Data:  4301 : 1602
Data:  4301 : 1603
Data:  4301 : 1603
Data:  4301 : 1604
Data:  4301 : 1604
Data:  4301 : 1605
Data:  4301 : 1605
Data:  4301 : 1606
Data:  4301 : 1606
Data:  4301 : 1607
Data:  4301 : 1607
Data:  4301 : 1608
Data:  4301 : 1608
Data:  4301 : 1609
Data:  4301 : 1609
Data:  4301 : 1610
Data:  4301 : 1610
Data:  4301 : 1611
Data:  4301 : 1611
Data:  4301 : 1612
Data:  4301 : 1612
Data:  4301 : 1613
Data:  4301 : 1613
Data:  4301 : 1614
Data:  4301 : 1614
Data:  4302 : 443
Data:  4302 : 443
Data:  4302 : 443
Data:  4302 : 1620
Data:  4302 : 1620
Data:  4302 : 1620
Data:  4302 : 1621
Data:  4302 : 1621
Data:  4302 : 1621
Data:  4302 : 1622
Data:  4302 : 1622
Data:  4302 : 1622
Data:  4302 : 1623
Data:  4302 : 1623
Data:  4302 : 1623
Data:  4302 : 1624
Data:  4302 : 1624
Data:  4302 : 1624
Data:  4302 : 1625
Data:  4302 : 1625
Data:  4302 : 1625
Data:  4302 : 1626
Data:  4302 : 1626
Data:  4302 : 1626
Data:  4303 : 157
Data:  4303 : 157
Data:  4303 : 1640
Data:  4303 : 1640
Data:  4303 : 1641
Data:  4303 : 1641
Data:  4303 : 1642
Data:  4303 : 1642
Data:  4303 : 1643
Data:  4303 : 1643
Data:  4303 : 1644
Data:  4303 : 1644
Data:  4303 : 1645
Data:  4303 : 1645
Data:  4303 : 1646
Data:  4303 : 1646
Data:  4303 : 1647
Data:  4303 : 1647
Data:  4303 : 1648
Data:  4303 : 1648
Data:  4303 : 1649
Data:  4303 : 1649
Data:  4303 : 1650
Data:  4303 : 1650
Data:  4303 : 1651
Data:  4303 : 1651
Data:  4304 : 585
Data:  4304 : 585
Data:  4304 : 1798
Data:  4304 : 1798
Data:  4304 : 1799
Data:  4304 : 1799
Data:  4304 : 1800
Data:  4304 : 1800
Data:  4304 : 1801
Data:  4304 : 1801
Data:  4304 : 1802
Data:  4304 : 1802
Data:  4304 : 1803
Data:  4304 : 1803
Data:  4304 : 1804
Data:  4304 : 1804
Data:  4304 : 1805
Data:  4304 : 1805
Data:  4304 : 1806
Data:  4304 : 1806
Data:  4304 : 1807
Data:  4304 : 1807
Data:  4304 : 1808
Data:  4304 : 1808
Data:  4304 : 1809
Data:  4304 : 1809
Data:  4304 : 1810
Data:  4304 : 1810
Data:  4304 : 1811
Data:  4304 : 1811
Data:  4304 : 1812
Data:  4304 : 1812
Data:  4304 : 1813
Data:  4304 : 1813
Data:  4304 : 1814
Data:  4304 : 1814
Data:  4304 : 1815
Data:  4304 : 1815
Data:  4304 : 1816
Data:  4304 : 1816
Data:  4304 : 1817
Data:  4304 : 1817
Data:  4304 : 1818
Data:  4304 : 1818
Data:  4304 : 1819
Data:  4304 : 1819
Data:  4304 : 1820
Data:  4304 : 1820
Data:  4304 : 1821
Data:  4304 : 1821
Data:  4304 : 1822
Data:  4304 : 1822
Data:  4304 : 1823
Data:  4304 : 1823
Data:  4304 : 1824
Data:  4304 : 1824
Data:  4304 : 1825
Data:  4304 : 1825
Data:  4304 : 1826
Data:  4304 : 1826
Data:  4304 : 1827
Data:  4304 : 1827
Data:  4304 : 1828
Data:  4304 : 1828
Data:  4304 : 1829
Data:  4304 : 1829
Data:  4304 : 1830
Data:  4304 : 1830
Data:  4304 : 1831
Data:  4304 : 1831
Data:  4304 : 1832
Data:  4304 : 1832
Data:  4304 : 1833
Data:  4304 : 1833
Data:  4304 : 1834
Data:  4304 : 1834
Data:  4304 : 1835
Data:  4304 : 1835
Data:  4304 : 1836
Data:  4304 : 1836
Data:  4306 : 125
Data:  4306 : 125
Data:  4306 : 125
Data:  4306 : 2108
Data:  4306 : 2108
Data:  4306 : 2108
Data:  4306 : 2109
Data:  4306 : 2109
Data:  4306 : 2109
Data:  4306 : 2110
Data:  4306 : 2110
Data:  4306 : 2110
Data:  4306 : 2111
Data:  4306 : 2111
Data:  4306 : 2111
Data:  4306 : 2112
Data:  4306 : 2112
Data:  4306 : 2112
Data:  4306 : 2113
Data:  4306 : 2113
Data:  4306 : 2113
Data:  4306 : 2114
Data:  4306 : 2114
Data:  4306 : 2114
Data:  4306 : 2115
Data:  4306 : 2115
Data:  4306 : 2115
Data:  4306 : 2116
Data:  4306 : 2116
Data:  4306 : 2116
Data:  4306 : 2117
Data:  4306 : 2117
Data:  4306 : 2117
Data:  4306 : 2118
Data:  4306 : 2118
Data:  4306 : 2118
Data:  4306 : 2119
Data:  4306 : 2119
Data:  4306 : 2119
Data:  4306 : 2120
Data:  4306 : 2120
Data:  4306 : 2120
Data:  4306 : 2121
Data:  4306 : 2121
Data:  4306 : 2121
Data:  4306 : 2122
Data:  4306 : 2122
Data:  4306 : 2122
Data:  4306 : 2123
Data:  4306 : 2123
Data:  4306 : 2123
Data:  4306 : 2124
Data:  4306 : 2124
Data:  4306 : 2124
Data:  4306 : 2125
Data:  4306 : 2125
Data:  4306 : 2125
Data:  4306 : 2126
Data:  4306 : 2126
Data:  4306 : 2126
Data:  4306 : 2127
Data:  4306 : 2127
Data:  4306 : 2127
Data:  4306 : 2128
Data:  4306 : 2128
Data:  4306 : 2128
Data:  4306 : 2129
Data:  4306 : 2129
Data:  4306 : 2129
Data:  4306 : 2130
Data:  4306 : 2130
Data:  4306 : 2130
Data:  4306 : 2131
Data:  4306 : 2131
Data:  4306 : 2131
Data:  4306 : 2132
Data:  4306 : 2132
Data:  4306 : 2132
Data:  4306 : 2133
Data:  4306 : 2133
Data:  4306 : 2133
Data:  4307 : 146
Data:  4307 : 146
Data:  4307 : 146
Data:  4307 : 2261
Data:  4307 : 2261
Data:  4307 : 2261
Data:  4307 : 2262
Data:  4307 : 2262
Data:  4307 : 2262
Data:  4308 : 652
Data:  4308 : 652
Data:  4309 : 130
Data:  4309 : 130
Data:  4311 : 446
Data:  4311 : 446
Data:  4311 : 446
Data:  4311 : 1837
Data:  4311 : 1837
Data:  4311 : 1837
Data:  4311 : 1838
Data:  4311 : 1838
Data:  4311 : 1838
Data:  4311 : 1839
Data:  4311 : 1839
Data:  4311 : 1839
Data:  4311 : 1840
Data:  4311 : 1840
Data:  4311 : 1840
Data:  4311 : 1841
Data:  4311 : 1841
Data:  4311 : 1841
Data:  4311 : 1842
Data:  4311 : 1842
Data:  4311 : 1842
Data:  4311 : 1843
Data:  4311 : 1843
Data:  4311 : 1843
Data:  4311 : 1844
Data:  4311 : 1844
Data:  4311 : 1844
Data:  4311 : 1845
Data:  4311 : 1845
Data:  4311 : 1845
Data:  4311 : 1846
Data:  4311 : 1846
Data:  4311 : 1846
Data:  4311 : 1847
Data:  4311 : 1847
Data:  4311 : 1847
Data:  4311 : 1848
Data:  4311 : 1848
Data:  4311 : 1848
Data:  4312 : 124
Data:  4312 : 124
Data:  4312 : 124
Data:  4312 : 1862
Data:  4312 : 1862
Data:  4312 : 1862
Data:  4312 : 1863
Data:  4312 : 1863
Data:  4312 : 1863
Data:  4312 : 1864
Data:  4312 : 1864
Data:  4312 : 1864
Data:  4312 : 1865
Data:  4312 : 1865
Data:  4312 : 1865
Data:  4312 : 1866
Data:  4312 : 1866
Data:  4312 : 1866
Data:  4312 : 1867
Data:  4312 : 1867
Data:  4312 : 1867
Data:  4312 : 1868
Data:  4312 : 1868
Data:  4312 : 1868
Data:  4313 : 445
Data:  4313 : 445
Data:  4313 : 445
Data:  4313 : 1855
Data:  4313 : 1855
Data:  4313 : 1855
Data:  4313 : 1856
Data:  4313 : 1856
Data:  4313 : 1856
Data:  4313 : 1857
Data:  4313 : 1857
Data:  4313 : 1857
Data:  4313 : 1858
Data:  4313 : 1858
Data:  4313 : 1858
Data:  4313 : 1859
Data:  4313 : 1859
Data:  4313 : 1859
Data:  4313 : 1860
Data:  4313 : 1860
Data:  4313 : 1860
Data:  4313 : 1861
Data:  4313 : 1861
Data:  4313 : 1861
Data:  4316 : 10
Data:  4316 : 10
Data:  4316 : 10
Data:  4316 : 1869
Data:  4316 : 1869
Data:  4316 : 1869
Data:  4316 : 1870
Data:  4316 : 1870
Data:  4316 : 1870
Data:  4316 : 1871
Data:  4316 : 1871
Data:  4316 : 1871
Data:  4316 : 1872
Data:  4316 : 1872
Data:  4316 : 1872
Data:  4316 : 1873
Data:  4316 : 1873
Data:  4316 : 1873
Data:  4316 : 1874
Data:  4316 : 1874
Data:  4316 : 1874
Data:  4316 : 1875
Data:  4316 : 1875
Data:  4316 : 1875
Data:  4316 : 1876
Data:  4316 : 1876
Data:  4316 : 1876
Data:  4316 : 1877
Data:  4316 : 1877
Data:  4316 : 1877
Data:  4316 : 1878
Data:  4316 : 1878
Data:  4316 : 1878
Data:  4316 : 1879
Data:  4316 : 1879
Data:  4316 : 1879
Data:  4316 : 1880
Data:  4316 : 1880
Data:  4316 : 1880
Data:  4316 : 1881
Data:  4316 : 1881
Data:  4316 : 1881
Data:  4319 : 390
Data:  4319 : 390
Data:  4319 : 1891
Data:  4319 : 1891
Data:  4319 : 1892
Data:  4319 : 1892
Data:  4319 : 1893
Data:  4319 : 1893
Data:  4319 : 1894
Data:  4319 : 1894
Data:  4319 : 1895
Data:  4319 : 1895
Data:  4319 : 1896
Data:  4319 : 1896
Data:  4319 : 1897
Data:  4319 : 1897
Data:  4401 : 172
Data:  4401 : 172
Data:  4401 : 172
Data:  4401 : 1743
Data:  4401 : 1743
Data:  4401 : 1743
Data:  4401 : 1744
Data:  4401 : 1744
Data:  4401 : 1744
Data:  4401 : 1745
Data:  4401 : 1745
Data:  4401 : 1745
Data:  4401 : 1746
Data:  4401 : 1746
Data:  4401 : 1746
Data:  4401 : 1747
Data:  4401 : 1747
Data:  4401 : 1747
Data:  4401 : 1748
Data:  4401 : 1748
Data:  4401 : 1748
Data:  4401 : 1749
Data:  4401 : 1749
Data:  4401 : 1749
Data:  4401 : 1750
Data:  4401 : 1750
Data:  4401 : 1750
Data:  4401 : 1751
Data:  4401 : 1751
Data:  4401 : 1751
Data:  4401 : 1752
Data:  4401 : 1752
Data:  4401 : 1752
Data:  4401 : 1753
Data:  4401 : 1753
Data:  4401 : 1753
Data:  4401 : 1754
Data:  4401 : 1754
Data:  4401 : 1754
Data:  4401 : 1755
Data:  4401 : 1755
Data:  4401 : 1755
Data:  4401 : 1756
Data:  4401 : 1756
Data:  4401 : 1756
Data:  4401 : 1757
Data:  4401 : 1757
Data:  4401 : 1757
Data:  4401 : 1758
Data:  4401 : 1758
Data:  4401 : 1758
Data:  4401 : 1759
Data:  4401 : 1759
Data:  4401 : 1759
Data:  4401 : 1760
Data:  4401 : 1760
Data:  4401 : 1760
Data:  4402 : 169
Data:  4402 : 169
Data:  4402 : 1492
Data:  4402 : 1492
Data:  4402 : 1493
Data:  4402 : 1493
Data:  4402 : 1494
Data:  4402 : 1494
Data:  4402 : 1495
Data:  4402 : 1495
Data:  4402 : 1496
Data:  4402 : 1496
Data:  4402 : 1497
Data:  4402 : 1497
Data:  4402 : 1498
Data:  4402 : 1498
Data:  4402 : 1499
Data:  4402 : 1499
Data:  4402 : 1500
Data:  4402 : 1500
Data:  4402 : 1501
Data:  4402 : 1501
Data:  4402 : 1502
Data:  4402 : 1502
Data:  4402 : 1503
Data:  4402 : 1503
Data:  4402 : 1504
Data:  4402 : 1504
Data:  4402 : 1505
Data:  4402 : 1505
Data:  4402 : 1506
Data:  4402 : 1506
Data:  4402 : 1507
Data:  4402 : 1507
Data:  4402 : 1508
Data:  4402 : 1508
Data:  4402 : 1509
Data:  4402 : 1509
Data:  4402 : 1510
Data:  4402 : 1510
Data:  4402 : 1511
Data:  4402 : 1511
Data:  4402 : 1512
Data:  4402 : 1512
Data:  4402 : 1513
Data:  4402 : 1513
Data:  4402 : 1514
Data:  4402 : 1514
Data:  4402 : 1515
Data:  4402 : 1515
Data:  4402 : 1516
Data:  4402 : 1516
Data:  4402 : 1517
Data:  4402 : 1517
Data:  4402 : 1518
Data:  4402 : 1518
Data:  4402 : 1519
Data:  4402 : 1519
Data:  4402 : 1520
Data:  4402 : 1520
Data:  4402 : 1521
Data:  4402 : 1521
Data:  4402 : 1522
Data:  4402 : 1522
Data:  4402 : 1523
Data:  4402 : 1523
Data:  4402 : 1524
Data:  4402 : 1524
Data:  4402 : 1525
Data:  4402 : 1525
Data:  4402 : 1526
Data:  4402 : 1526
Data:  4402 : 1527
Data:  4402 : 1527
Data:  4402 : 1528
Data:  4402 : 1528
Data:  4402 : 1529
Data:  4402 : 1529
Data:  4402 : 1530
Data:  4402 : 1530
Data:  4402 : 1531
Data:  4402 : 1531
Data:  4402 : 1532
Data:  4402 : 1532
Data:  4402 : 1533
Data:  4402 : 1533
Data:  4402 : 1534
Data:  4402 : 1534
Data:  4402 : 1535
Data:  4402 : 1535
Data:  4403 : 94
Data:  4403 : 94
Data:  4403 : 1761
Data:  4403 : 1761
Data:  4403 : 1762
Data:  4403 : 1762
Data:  4403 : 1763
Data:  4403 : 1763
Data:  4403 : 1764
Data:  4403 : 1764
Data:  4403 : 1765
Data:  4403 : 1765
Data:  4403 : 1766
Data:  4403 : 1766
Data:  4403 : 1767
Data:  4403 : 1767
Data:  4403 : 1768
Data:  4403 : 1768
Data:  4403 : 1769
Data:  4403 : 1769
Data:  4403 : 1770
Data:  4403 : 1770
Data:  4403 : 1771
Data:  4403 : 1771
Data:  4403 : 1772
Data:  4403 : 1772
Data:  4403 : 1773
Data:  4403 : 1773
Data:  4403 : 1774
Data:  4403 : 1774
Data:  4403 : 1775
Data:  4403 : 1775
Data:  4403 : 1776
Data:  4403 : 1776
Data:  4403 : 1777
Data:  4403 : 1777
Data:  4403 : 1778
Data:  4403 : 1778
Data:  4403 : 1779
Data:  4403 : 1779
Data:  4403 : 1780
Data:  4403 : 1780
Data:  4404 : 126
Data:  4404 : 126
Data:  4404 : 1782
Data:  4404 : 1782
Data:  4404 : 1783
Data:  4404 : 1783
Data:  4404 : 1784
Data:  4404 : 1784
Data:  4404 : 1785
Data:  4404 : 1785
Data:  4404 : 1786
Data:  4404 : 1786
Data:  4404 : 1787
Data:  4404 : 1787
Data:  4404 : 1788
Data:  4404 : 1788
Data:  4404 : 1789
Data:  4404 : 1789
Data:  4404 : 1790
Data:  4404 : 1790
Data:  4404 : 1791
Data:  4404 : 1791
Data:  4404 : 1792
Data:  4404 : 1792
Data:  4404 : 1793
Data:  4404 : 1793
Data:  4404 : 1794
Data:  4404 : 1794
Data:  4404 : 1795
Data:  4404 : 1795
Data:  4404 : 1796
Data:  4404 : 1796
Data:  4404 : 1797
Data:  4404 : 1797
Data:  4405 : 165
Data:  4405 : 165
Data:  4405 : 1731
Data:  4405 : 1731
Data:  4405 : 1732
Data:  4405 : 1732
Data:  4405 : 1733
Data:  4405 : 1733
Data:  4405 : 1734
Data:  4405 : 1734
Data:  4405 : 1735
Data:  4405 : 1735
Data:  4405 : 1736
Data:  4405 : 1736
Data:  4405 : 1737
Data:  4405 : 1737
Data:  4405 : 1738
Data:  4405 : 1738
Data:  4405 : 1739
Data:  4405 : 1739
Data:  4405 : 1740
Data:  4405 : 1740
Data:  4405 : 1741
Data:  4405 : 1741
Data:  4405 : 1742
Data:  4405 : 1742
Data:  4406 : 586
Data:  4406 : 586
Data:  4406 : 586
Data:  4406 : 1571
Data:  4406 : 1571
Data:  4406 : 1571
Data:  4406 : 1572
Data:  4406 : 1572
Data:  4406 : 1572
Data:  4406 : 1573
Data:  4406 : 1573
Data:  4406 : 1573
Data:  4406 : 1574
Data:  4406 : 1574
Data:  4406 : 1574
Data:  4406 : 1575
Data:  4406 : 1575
Data:  4406 : 1575
Data:  4406 : 1576
Data:  4406 : 1576
Data:  4406 : 1576
Data:  4406 : 1577
Data:  4406 : 1577
Data:  4406 : 1577
Data:  4406 : 1578
Data:  4406 : 1578
Data:  4406 : 1578
Data:  4406 : 1579
Data:  4406 : 1579
Data:  4406 : 1579
Data:  4406 : 1580
Data:  4406 : 1580
Data:  4406 : 1580
Data:  4406 : 1581
Data:  4406 : 1581
Data:  4406 : 1581
Data:  4406 : 1582
Data:  4406 : 1582
Data:  4406 : 1582
Data:  4406 : 1583
Data:  4406 : 1583
Data:  4406 : 1583
Data:  4406 : 1584
Data:  4406 : 1584
Data:  4406 : 1584
Data:  4407 : 170
Data:  4407 : 170
Data:  4407 : 170
Data:  4407 : 1536
Data:  4407 : 1536
Data:  4407 : 1536
Data:  4407 : 1537
Data:  4407 : 1537
Data:  4407 : 1537
Data:  4407 : 1538
Data:  4407 : 1538
Data:  4407 : 1538
Data:  4407 : 1539
Data:  4407 : 1539
Data:  4407 : 1539
Data:  4407 : 1540
Data:  4407 : 1540
Data:  4407 : 1540
Data:  4407 : 1541
Data:  4407 : 1541
Data:  4407 : 1541
Data:  4407 : 1542
Data:  4407 : 1542
Data:  4407 : 1542
Data:  4407 : 1543
Data:  4407 : 1543
Data:  4407 : 1543
Data:  4407 : 1544
Data:  4407 : 1544
Data:  4407 : 1544
Data:  4407 : 1545
Data:  4407 : 1545
Data:  4407 : 1545
Data:  4408 : 600
Data:  4408 : 600
Data:  4408 : 1063
Data:  4408 : 1063
Data:  4408 : 1064
Data:  4408 : 1064
Data:  4409 : 156
Data:  4409 : 156
Data:  4409 : 156
Data:  4409 : 1691
Data:  4409 : 1691
Data:  4409 : 1691
Data:  4409 : 1692
Data:  4409 : 1692
Data:  4409 : 1692
Data:  4409 : 1693
Data:  4409 : 1693
Data:  4409 : 1693
Data:  4409 : 1694
Data:  4409 : 1694
Data:  4409 : 1694
Data:  4409 : 1695
Data:  4409 : 1695
Data:  4409 : 1695
Data:  4409 : 1696
Data:  4409 : 1696
Data:  4409 : 1696
Data:  4409 : 1697
Data:  4409 : 1697
Data:  4409 : 1697
Data:  4409 : 1698
Data:  4409 : 1698
Data:  4409 : 1698
Data:  4409 : 1699
Data:  4409 : 1699
Data:  4409 : 1699
Data:  4409 : 1700
Data:  4409 : 1700
Data:  4409 : 1700
Data:  4409 : 1701
Data:  4409 : 1701
Data:  4409 : 1701
Data:  4409 : 1702
Data:  4409 : 1702
Data:  4409 : 1702
Data:  4409 : 1703
Data:  4409 : 1703
Data:  4409 : 1703
Data:  4409 : 1704
Data:  4409 : 1704
Data:  4409 : 1704
Data:  4409 : 1705
Data:  4409 : 1705
Data:  4409 : 1705
Data:  4409 : 1706
Data:  4409 : 1706
Data:  4409 : 1706
Data:  4409 : 1707
Data:  4409 : 1707
Data:  4409 : 1707
Data:  4409 : 1708
Data:  4409 : 1708
Data:  4409 : 1708
Data:  4410 : 598
Data:  4410 : 598
Data:  4410 : 598
Data:  4410 : 1728
Data:  4410 : 1728
Data:  4410 : 1728
Data:  4410 : 1729
Data:  4410 : 1729
Data:  4410 : 1729
Data:  4410 : 1730
Data:  4410 : 1730
Data:  4410 : 1730
Data:  4411 : 171
Data:  4411 : 171
Data:  4411 : 171
Data:  4411 : 1709
Data:  4411 : 1709
Data:  4411 : 1709
Data:  4411 : 1710
Data:  4411 : 1710
Data:  4411 : 1710
Data:  4411 : 1711
Data:  4411 : 1711
Data:  4411 : 1711
Data:  4411 : 1712
Data:  4411 : 1712
Data:  4411 : 1712
Data:  4411 : 1713
Data:  4411 : 1713
Data:  4411 : 1713
Data:  4411 : 1714
Data:  4411 : 1714
Data:  4411 : 1714
Data:  4411 : 1715
Data:  4411 : 1715
Data:  4411 : 1715
Data:  4411 : 1716
Data:  4411 : 1716
Data:  4411 : 1716
Data:  4411 : 1717
Data:  4411 : 1717
Data:  4411 : 1717
Data:  4411 : 1718
Data:  4411 : 1718
Data:  4411 : 1718
Data:  4411 : 1719
Data:  4411 : 1719
Data:  4411 : 1719
Data:  4411 : 1720
Data:  4411 : 1720
Data:  4411 : 1720
Data:  4412 : 163
Data:  4412 : 163
Data:  4412 : 163
Data:  4412 : 1676
Data:  4412 : 1676
Data:  4412 : 1676
Data:  4412 : 1677
Data:  4412 : 1677
Data:  4412 : 1677
Data:  4412 : 1678
Data:  4412 : 1678
Data:  4412 : 1678
Data:  4412 : 1679
Data:  4412 : 1679
Data:  4412 : 1679
Data:  4412 : 1680
Data:  4412 : 1680
Data:  4412 : 1680
Data:  4412 : 1681
Data:  4412 : 1681
Data:  4412 : 1681
Data:  4412 : 1682
Data:  4412 : 1682
Data:  4412 : 1682
Data:  4412 : 1683
Data:  4412 : 1683
Data:  4412 : 1683
Data:  4412 : 1684
Data:  4412 : 1684
Data:  4412 : 1684
Data:  4412 : 1685
Data:  4412 : 1685
Data:  4412 : 1685
Data:  4412 : 1686
Data:  4412 : 1686
Data:  4412 : 1686
Data:  4413 : 164
Data:  4413 : 164
Data:  4413 : 164
Data:  4413 : 1687
Data:  4413 : 1687
Data:  4413 : 1687
Data:  4413 : 1688
Data:  4413 : 1688
Data:  4413 : 1688
Data:  4413 : 1689
Data:  4413 : 1689
Data:  4413 : 1689
Data:  4413 : 1690
Data:  4413 : 1690
Data:  4413 : 1690
Data:  4414 : 602
Data:  4414 : 602
Data:  4414 : 602
Data:  4414 : 1637
Data:  4414 : 1637
Data:  4414 : 1637
Data:  4414 : 1638
Data:  4414 : 1638
Data:  4414 : 1638
Data:  4414 : 1639
Data:  4414 : 1639
Data:  4414 : 1639
Data:  4415 : 162
Data:  4415 : 162
Data:  4415 : 162
Data:  4415 : 1632
Data:  4415 : 1632
Data:  4415 : 1632
Data:  4415 : 1633
Data:  4415 : 1633
Data:  4415 : 1633
Data:  4415 : 1634
Data:  4415 : 1634
Data:  4415 : 1634
Data:  4416 : 161
Data:  4416 : 1660
Data:  4416 : 1661
Data:  4416 : 1662
Data:  4416 : 1663
Data:  4416 : 1664
Data:  4416 : 1665
Data:  4416 : 1666
Data:  4416 : 1667
Data:  4416 : 1668
Data:  4416 : 1669
Data:  4416 : 1670
Data:  4417 : 166
Data:  4417 : 1674
Data:  4417 : 1675
Data:  4418 : 167
Data:  4418 : 167
Data:  4418 : 167
Data:  4418 : 1671
Data:  4418 : 1671
Data:  4418 : 1671
Data:  4418 : 1672
Data:  4418 : 1672
Data:  4418 : 1672
Data:  4418 : 1673
Data:  4418 : 1673
Data:  4418 : 1673
Data:  4419 : 159
Data:  4419 : 159
Data:  4419 : 1652
Data:  4419 : 1652
Data:  4419 : 1653
Data:  4419 : 1653
Data:  4419 : 1654
Data:  4419 : 1654
Data:  4419 : 1655
Data:  4419 : 1655
Data:  4420 : 160
Data:  4420 : 160
Data:  4420 : 1656
Data:  4420 : 1656
Data:  4420 : 1657
Data:  4420 : 1657
Data:  4420 : 1658
Data:  4420 : 1658
Data:  4420 : 1659
Data:  4420 : 1659
Data:  4421 : 158
Data:  4421 : 1628
Data:  4421 : 1629
Data:  4421 : 1630
Data:  4421 : 1631
Data:  4422 : 71
Data:  4422 : 71
Data:  4422 : 1615
Data:  4422 : 1615
Data:  4422 : 1616
Data:  4422 : 1616
Data:  4422 : 1617
Data:  4422 : 1617
Data:  4422 : 1618
Data:  4422 : 1618
Data:  4422 : 1619
Data:  4422 : 1619
Data:  4423 : 343
Data:  4423 : 343
Data:  4423 : 1585
Data:  4423 : 1585
Data:  4423 : 1586
Data:  4423 : 1586
Data:  4423 : 1587
Data:  4423 : 1587
Data:  4423 : 1588
Data:  4423 : 1588
Data:  4423 : 1589
Data:  4423 : 1589
Data:  4424 : 344
Data:  4424 : 344
Data:  4424 : 344
Data:  4424 : 1627
Data:  4424 : 1627
Data:  4424 : 1627
Data:  4425 : 342
Data:  4425 : 342
Data:  4425 : 342
Data:  4425 : 342
Data:  4425 : 1635
Data:  4425 : 1635
Data:  4425 : 1635
Data:  4425 : 1635
Data:  4425 : 1636
Data:  4425 : 1636
Data:  4425 : 1636
Data:  4425 : 1636
Data:  4427 : 145
Data:  4427 : 145
Data:  4427 : 2263
Data:  4427 : 2263
Data:  4427 : 2264
Data:  4427 : 2264
Data:  4430 : 599
Data:  4430 : 599
Data:  4430 : 599
Data:  4430 : 1721
Data:  4430 : 1721
Data:  4430 : 1721
Data:  4430 : 1722
Data:  4430 : 1722
Data:  4430 : 1722
Data:  4430 : 1723
Data:  4430 : 1723
Data:  4430 : 1723
Data:  4430 : 1724
Data:  4430 : 1724
Data:  4430 : 1724
Data:  4430 : 1725
Data:  4430 : 1725
Data:  4430 : 1725
Data:  4430 : 1726
Data:  4430 : 1726
Data:  4430 : 1726
Data:  4430 : 1727
Data:  4430 : 1727
Data:  4430 : 1727
Data:  4431 : 601
Data:  4431 : 601
Data:  4431 : 601
Data:  4431 : 1057
Data:  4431 : 1057
Data:  4431 : 1057
Data:  4431 : 1058
Data:  4431 : 1058
Data:  4431 : 1058
Data:  4431 : 1059
Data:  4431 : 1059
Data:  4431 : 1059
Data:  4431 : 1060
Data:  4431 : 1060
Data:  4431 : 1060
Data:  4431 : 1061
Data:  4431 : 1061
Data:  4431 : 1061
Data:  4431 : 1062
Data:  4431 : 1062
Data:  4431 : 1062
Data:  4432 : 683
Data:  4432 : 683
Data:  4432 : 1781
Data:  4432 : 1781
Data:  4433 : 684
Data:  4501 : 324
Data:  4501 : 324
Data:  4501 : 324
Data:  4501 : 792
Data:  4501 : 792
Data:  4501 : 792
Data:  4501 : 793
Data:  4501 : 793
Data:  4501 : 793
Data:  4501 : 794
Data:  4501 : 794
Data:  4501 : 794
Data:  4501 : 795
Data:  4501 : 795
Data:  4501 : 795
Data:  4501 : 796
Data:  4501 : 796
Data:  4501 : 796
Data:  4501 : 797
Data:  4501 : 797
Data:  4501 : 797
Data:  4501 : 798
Data:  4501 : 798
Data:  4501 : 798
Data:  4501 : 799
Data:  4501 : 799
Data:  4501 : 799
Data:  4501 : 800
Data:  4501 : 800
Data:  4501 : 800
Data:  4501 : 801
Data:  4501 : 801
Data:  4501 : 801
Data:  4501 : 802
Data:  4501 : 802
Data:  4501 : 802
Data:  4501 : 803
Data:  4501 : 803
Data:  4501 : 803
Data:  4501 : 804
Data:  4501 : 804
Data:  4501 : 804
Data:  4501 : 805
Data:  4501 : 805
Data:  4501 : 805
Data:  4501 : 806
Data:  4501 : 806
Data:  4501 : 806
Data:  4501 : 807
Data:  4501 : 807
Data:  4501 : 807
Data:  4501 : 808
Data:  4501 : 808
Data:  4501 : 808
Data:  4501 : 809
Data:  4501 : 809
Data:  4501 : 809
Data:  4501 : 810
Data:  4501 : 810
Data:  4501 : 810
Data:  4502 : 322
Data:  4502 : 322
Data:  4502 : 889
Data:  4502 : 889
Data:  4502 : 890
Data:  4502 : 890
Data:  4502 : 891
Data:  4502 : 891
Data:  4502 : 892
Data:  4502 : 892
Data:  4502 : 893
Data:  4502 : 893
Data:  4502 : 894
Data:  4502 : 894
Data:  4502 : 895
Data:  4502 : 895
Data:  4502 : 896
Data:  4502 : 896
Data:  4502 : 897
Data:  4502 : 897
Data:  4502 : 898
Data:  4502 : 898
Data:  4502 : 899
Data:  4502 : 899
Data:  4503 : 212
Data:  4503 : 212
Data:  4503 : 900
Data:  4503 : 900
Data:  4503 : 901
Data:  4503 : 901
Data:  4503 : 902
Data:  4503 : 902
Data:  4503 : 903
Data:  4503 : 903
Data:  4503 : 904
Data:  4503 : 904
Data:  4503 : 905
Data:  4503 : 905
Data:  4503 : 906
Data:  4503 : 906
Data:  4503 : 907
Data:  4503 : 907
Data:  4503 : 908
Data:  4503 : 908
Data:  4503 : 909
Data:  4503 : 909
Data:  4503 : 910
Data:  4503 : 910
Data:  4503 : 911
Data:  4503 : 911
Data:  4503 : 912
Data:  4503 : 912
Data:  4503 : 913
Data:  4503 : 913
Data:  4504 : 317
Data:  4504 : 317
Data:  4504 : 915
Data:  4504 : 915
Data:  4504 : 916
Data:  4504 : 916
Data:  4504 : 917
Data:  4504 : 917
Data:  4504 : 918
Data:  4504 : 918
Data:  4504 : 919
Data:  4504 : 919
Data:  4504 : 920
Data:  4504 : 920
Data:  4504 : 921
Data:  4504 : 921
Data:  4504 : 922
Data:  4504 : 922
Data:  4504 : 923
Data:  4504 : 923
Data:  4504 : 924
Data:  4504 : 924
Data:  4504 : 925
Data:  4504 : 925
Data:  4504 : 926
Data:  4504 : 926
Data:  4504 : 927
Data:  4504 : 927
Data:  4504 : 928
Data:  4504 : 928
Data:  4504 : 929
Data:  4504 : 929
Data:  4504 : 930
Data:  4504 : 930
Data:  4504 : 931
Data:  4504 : 931
Data:  4504 : 932
Data:  4504 : 932
Data:  4504 : 933
Data:  4504 : 933
Data:  4505 : 173
Data:  4505 : 173
Data:  4505 : 989
Data:  4505 : 989
Data:  4505 : 990
Data:  4505 : 990
Data:  4505 : 991
Data:  4505 : 991
Data:  4505 : 992
Data:  4505 : 992
Data:  4505 : 993
Data:  4505 : 993
Data:  4505 : 994
Data:  4505 : 994
Data:  4505 : 995
Data:  4505 : 995
Data:  4505 : 996
Data:  4505 : 996
Data:  4505 : 997
Data:  4505 : 997
Data:  4505 : 998
Data:  4505 : 998
Data:  4505 : 999
Data:  4505 : 999
Data:  4505 : 1000
Data:  4505 : 1000
Data:  4505 : 1001
Data:  4505 : 1001
Data:  4505 : 1002
Data:  4505 : 1002
Data:  4505 : 1003
Data:  4505 : 1003
Data:  4505 : 1004
Data:  4505 : 1004
Data:  4505 : 1005
Data:  4505 : 1005
Data:  4505 : 1006
Data:  4505 : 1006
Data:  4505 : 1007
Data:  4505 : 1007
Data:  4505 : 1008
Data:  4505 : 1008
Data:  4505 : 1009
Data:  4505 : 1009
Data:  4505 : 1010
Data:  4505 : 1010
Data:  4505 : 1011
Data:  4505 : 1011
Data:  4505 : 1012
Data:  4505 : 1012
Data:  4505 : 1013
Data:  4505 : 1013
Data:  4506 : 174
Data:  4506 : 174
Data:  4506 : 174
Data:  4506 : 1039
Data:  4506 : 1039
Data:  4506 : 1039
Data:  4506 : 1040
Data:  4506 : 1040
Data:  4506 : 1040
Data:  4506 : 1041
Data:  4506 : 1041
Data:  4506 : 1041
Data:  4506 : 1042
Data:  4506 : 1042
Data:  4506 : 1042
Data:  4506 : 1043
Data:  4506 : 1043
Data:  4506 : 1043
Data:  4506 : 1044
Data:  4506 : 1044
Data:  4506 : 1044
Data:  4506 : 1045
Data:  4506 : 1045
Data:  4506 : 1045
Data:  4507 : 175
Data:  4507 : 175
Data:  4507 : 1014
Data:  4507 : 1014
Data:  4507 : 1015
Data:  4507 : 1015
Data:  4507 : 1016
Data:  4507 : 1016
Data:  4507 : 1017
Data:  4507 : 1017
Data:  4507 : 1018
Data:  4507 : 1018
Data:  4507 : 1019
Data:  4507 : 1019
Data:  4507 : 1020
Data:  4507 : 1020
Data:  4507 : 1021
Data:  4507 : 1021
Data:  4507 : 1022
Data:  4507 : 1022
Data:  4507 : 1023
Data:  4507 : 1023
Data:  4508 : 211
Data:  4508 : 211
Data:  4508 : 211
Data:  4508 : 914
Data:  4508 : 914
Data:  4508 : 914
Data:  4509 : 203
Data:  4509 : 203
Data:  4509 : 203
Data:  4509 : 844
Data:  4509 : 844
Data:  4509 : 844
Data:  4509 : 845
Data:  4509 : 845
Data:  4509 : 845
Data:  4509 : 846
Data:  4509 : 846
Data:  4509 : 846
Data:  4509 : 847
Data:  4509 : 847
Data:  4509 : 847
Data:  4509 : 848
Data:  4509 : 848
Data:  4509 : 848
Data:  4509 : 849
Data:  4509 : 849
Data:  4509 : 849
Data:  4509 : 850
Data:  4509 : 850
Data:  4509 : 850
Data:  4509 : 851
Data:  4509 : 851
Data:  4509 : 851
Data:  4509 : 852
Data:  4509 : 852
Data:  4509 : 852
Data:  4509 : 853
Data:  4509 : 853
Data:  4509 : 853
Data:  4509 : 854
Data:  4509 : 854
Data:  4509 : 854
Data:  4509 : 855
Data:  4509 : 855
Data:  4509 : 855
Data:  4509 : 856
Data:  4509 : 856
Data:  4509 : 856
Data:  4510 : 468
Data:  4510 : 468
Data:  4510 : 468
Data:  4510 : 831
Data:  4510 : 831
Data:  4510 : 831
Data:  4510 : 832
Data:  4510 : 832
Data:  4510 : 832
Data:  4510 : 833
Data:  4510 : 833
Data:  4510 : 833
Data:  4510 : 834
Data:  4510 : 834
Data:  4510 : 834
Data:  4510 : 835
Data:  4510 : 835
Data:  4510 : 835
Data:  4510 : 836
Data:  4510 : 836
Data:  4510 : 836
Data:  4511 : 210
Data:  4511 : 210
Data:  4511 : 210
Data:  4511 : 837
Data:  4511 : 837
Data:  4511 : 837
Data:  4512 : 208
Data:  4512 : 208
Data:  4512 : 839
Data:  4512 : 839
Data:  4512 : 840
Data:  4512 : 840
Data:  4513 : 469
Data:  4513 : 469
Data:  4513 : 469
Data:  4513 : 838
Data:  4513 : 838
Data:  4513 : 838
Data:  4514 : 209
Data:  4514 : 209
Data:  4514 : 209
Data:  4514 : 841
Data:  4514 : 841
Data:  4514 : 841
Data:  4514 : 842
Data:  4514 : 842
Data:  4514 : 842
Data:  4514 : 843
Data:  4514 : 843
Data:  4514 : 843
Data:  4515 : 204
Data:  4515 : 204
Data:  4515 : 204
Data:  4515 : 857
Data:  4515 : 857
Data:  4515 : 857
Data:  4515 : 858
Data:  4515 : 858
Data:  4515 : 858
Data:  4515 : 859
Data:  4515 : 859
Data:  4515 : 859
Data:  4516 : 207
Data:  4516 : 207
Data:  4516 : 860
Data:  4516 : 860
Data:  4516 : 861
Data:  4516 : 861
Data:  4516 : 862
Data:  4516 : 862
Data:  4516 : 863
Data:  4516 : 863
Data:  4517 : 205
Data:  4517 : 205
Data:  4517 : 205
Data:  4517 : 864
Data:  4517 : 864
Data:  4517 : 864
Data:  4517 : 865
Data:  4517 : 865
Data:  4517 : 865
Data:  4517 : 866
Data:  4517 : 866
Data:  4517 : 866
Data:  4518 : 206
Data:  4518 : 206
Data:  4518 : 206
Data:  4518 : 867
Data:  4518 : 867
Data:  4518 : 867
Data:  4518 : 868
Data:  4518 : 868
Data:  4518 : 868
Data:  4518 : 869
Data:  4518 : 869
Data:  4518 : 869
Data:  4518 : 870
Data:  4518 : 870
Data:  4518 : 870
Data:  4519 : 198
Data:  4519 : 198
Data:  4519 : 198
Data:  4519 : 817
Data:  4519 : 817
Data:  4519 : 817
Data:  4519 : 818
Data:  4519 : 818
Data:  4519 : 818
Data:  4519 : 819
Data:  4519 : 819
Data:  4519 : 819
Data:  4519 : 820
Data:  4519 : 820
Data:  4519 : 820
Data:  4519 : 821
Data:  4519 : 821
Data:  4519 : 821
Data:  4519 : 822
Data:  4519 : 822
Data:  4519 : 822
Data:  4519 : 823
Data:  4519 : 823
Data:  4519 : 823
Data:  4519 : 824
Data:  4519 : 824
Data:  4519 : 824
Data:  4519 : 825
Data:  4519 : 825
Data:  4519 : 825
Data:  4519 : 826
Data:  4519 : 826
Data:  4519 : 826
Data:  4519 : 827
Data:  4519 : 827
Data:  4519 : 827
Data:  4519 : 828
Data:  4519 : 828
Data:  4519 : 828
Data:  4519 : 829
Data:  4519 : 829
Data:  4519 : 829
Data:  4519 : 830
Data:  4519 : 830
Data:  4519 : 830
Data:  4520 : 195
Data:  4520 : 195
Data:  4520 : 770
Data:  4520 : 770
Data:  4521 : 470
Data:  4521 : 470
Data:  4521 : 470
Data:  4521 : 756
Data:  4521 : 756
Data:  4521 : 756
Data:  4521 : 757
Data:  4521 : 757
Data:  4521 : 757
Data:  4521 : 758
Data:  4521 : 758
Data:  4521 : 758
Data:  4521 : 759
Data:  4521 : 759
Data:  4521 : 759
Data:  4521 : 760
Data:  4521 : 760
Data:  4521 : 760
Data:  4521 : 761
Data:  4521 : 761
Data:  4521 : 761
Data:  4521 : 762
Data:  4521 : 762
Data:  4521 : 762
Data:  4521 : 763
Data:  4521 : 763
Data:  4521 : 763
Data:  4521 : 764
Data:  4521 : 764
Data:  4521 : 764
Data:  4521 : 765
Data:  4521 : 765
Data:  4521 : 765
Data:  4521 : 766
Data:  4521 : 766
Data:  4521 : 766
Data:  4521 : 767
Data:  4521 : 767
Data:  4521 : 767
Data:  4521 : 768
Data:  4521 : 768
Data:  4521 : 768
Data:  4521 : 769
Data:  4521 : 769
Data:  4521 : 769
Data:  4522 : 196
Data:  4522 : 196
Data:  4522 : 196
Data:  4522 : 771
Data:  4522 : 771
Data:  4522 : 771
Data:  4522 : 772
Data:  4522 : 772
Data:  4522 : 772
Data:  4522 : 773
Data:  4522 : 773
Data:  4522 : 773
Data:  4522 : 774
Data:  4522 : 774
Data:  4522 : 774
Data:  4522 : 775
Data:  4522 : 775
Data:  4522 : 775
Data:  4522 : 776
Data:  4522 : 776
Data:  4522 : 776
Data:  4522 : 777
Data:  4522 : 777
Data:  4522 : 777
Data:  4522 : 778
Data:  4522 : 778
Data:  4522 : 778
Data:  4522 : 779
Data:  4522 : 779
Data:  4522 : 779
Data:  4523 : 197
Data:  4523 : 197
Data:  4523 : 197
Data:  4523 : 780
Data:  4523 : 780
Data:  4523 : 780
Data:  4523 : 781
Data:  4523 : 781
Data:  4523 : 781
Data:  4523 : 782
Data:  4523 : 782
Data:  4523 : 782
Data:  4523 : 783
Data:  4523 : 783
Data:  4523 : 783
Data:  4523 : 784
Data:  4523 : 784
Data:  4523 : 784
Data:  4523 : 785
Data:  4523 : 785
Data:  4523 : 785
Data:  4523 : 786
Data:  4523 : 786
Data:  4523 : 786
Data:  4523 : 787
Data:  4523 : 787
Data:  4523 : 787
Data:  4523 : 788
Data:  4523 : 788
Data:  4523 : 788
Data:  4524 : 463
Data:  4524 : 463
Data:  4524 : 463
Data:  4524 : 3020
Data:  4524 : 3020
Data:  4524 : 3020
Data:  4524 : 3021
Data:  4524 : 3021
Data:  4524 : 3021
Data:  4524 : 3022
Data:  4524 : 3022
Data:  4524 : 3022
Data:  4524 : 3023
Data:  4524 : 3023
Data:  4524 : 3023
Data:  4524 : 3024
Data:  4524 : 3024
Data:  4524 : 3024
Data:  4524 : 3025
Data:  4524 : 3025
Data:  4524 : 3025
Data:  4524 : 3026
Data:  4524 : 3026
Data:  4524 : 3026
Data:  4524 : 3027
Data:  4524 : 3027
Data:  4524 : 3027
Data:  4524 : 3028
Data:  4524 : 3028
Data:  4524 : 3028
Data:  4524 : 3029
Data:  4524 : 3029
Data:  4524 : 3029
Data:  4524 : 3030
Data:  4524 : 3030
Data:  4524 : 3030
Data:  4524 : 3031
Data:  4524 : 3031
Data:  4524 : 3031
Data:  4524 : 3032
Data:  4524 : 3032
Data:  4524 : 3032
Data:  4524 : 3033
Data:  4524 : 3033
Data:  4524 : 3033
Data:  4525 : 75
Data:  4525 : 75
Data:  4525 : 75
Data:  4525 : 3054
Data:  4525 : 3054
Data:  4525 : 3054
Data:  4525 : 3055
Data:  4525 : 3055
Data:  4525 : 3055
Data:  4525 : 3056
Data:  4525 : 3056
Data:  4525 : 3056
Data:  4525 : 3057
Data:  4525 : 3057
Data:  4525 : 3057
Data:  4525 : 3058
Data:  4525 : 3058
Data:  4525 : 3058
Data:  4525 : 3059
Data:  4525 : 3059
Data:  4525 : 3059
Data:  4525 : 3060
Data:  4525 : 3060
Data:  4525 : 3060
Data:  4525 : 3061
Data:  4525 : 3061
Data:  4525 : 3061
Data:  4525 : 3062
Data:  4525 : 3062
Data:  4525 : 3062
Data:  4525 : 3063
Data:  4525 : 3063
Data:  4525 : 3063
Data:  4525 : 3064
Data:  4525 : 3064
Data:  4525 : 3064
Data:  4525 : 3065
Data:  4525 : 3065
Data:  4525 : 3065
Data:  4526 : 465
Data:  4526 : 465
Data:  4526 : 465
Data:  4526 : 3034
Data:  4526 : 3034
Data:  4526 : 3034
Data:  4526 : 3035
Data:  4526 : 3035
Data:  4526 : 3035
Data:  4526 : 3036
Data:  4526 : 3036
Data:  4526 : 3036
Data:  4526 : 3037
Data:  4526 : 3037
Data:  4526 : 3037
Data:  4526 : 3038
Data:  4526 : 3038
Data:  4526 : 3038
Data:  4526 : 3039
Data:  4526 : 3039
Data:  4526 : 3039
Data:  4526 : 3040
Data:  4526 : 3040
Data:  4526 : 3040
Data:  4526 : 3041
Data:  4526 : 3041
Data:  4526 : 3041
Data:  4526 : 3042
Data:  4526 : 3042
Data:  4526 : 3042
Data:  4526 : 3043
Data:  4526 : 3043
Data:  4526 : 3043
Data:  4527 : 464
Data:  4527 : 464
Data:  4527 : 464
Data:  4527 : 3044
Data:  4527 : 3044
Data:  4527 : 3044
Data:  4527 : 3045
Data:  4527 : 3045
Data:  4527 : 3045
Data:  4527 : 3046
Data:  4527 : 3046
Data:  4527 : 3046
Data:  4527 : 3047
Data:  4527 : 3047
Data:  4527 : 3047
Data:  4527 : 3048
Data:  4527 : 3048
Data:  4527 : 3048
Data:  4527 : 3049
Data:  4527 : 3049
Data:  4527 : 3049
Data:  4527 : 3050
Data:  4527 : 3050
Data:  4527 : 3050
Data:  4527 : 3051
Data:  4527 : 3051
Data:  4527 : 3051
Data:  4527 : 3052
Data:  4527 : 3052
Data:  4527 : 3052
Data:  4527 : 3053
Data:  4527 : 3053
Data:  4527 : 3053
Data:  4528 : 642
Data:  4528 : 642
Data:  4528 : 642
Data:  4528 : 811
Data:  4528 : 811
Data:  4528 : 811
Data:  4528 : 812
Data:  4528 : 812
Data:  4528 : 812
Data:  4528 : 813
Data:  4528 : 813
Data:  4528 : 813
Data:  4528 : 814
Data:  4528 : 814
Data:  4528 : 814
Data:  4528 : 815
Data:  4528 : 815
Data:  4528 : 815
Data:  4528 : 816
Data:  4528 : 816
Data:  4528 : 816
Data:  4529 : 643
Data:  4529 : 643
Data:  4529 : 643
Data:  4529 : 883
Data:  4529 : 883
Data:  4529 : 883
Data:  4529 : 884
Data:  4529 : 884
Data:  4529 : 884
Data:  4529 : 885
Data:  4529 : 885
Data:  4529 : 885
Data:  4529 : 886
Data:  4529 : 886
Data:  4529 : 886
Data:  4529 : 887
Data:  4529 : 887
Data:  4529 : 887
Data:  4529 : 888
Data:  4529 : 888
Data:  4529 : 888
Data:  4602 : 494
Data:  4602 : 3786
Data:  4602 : 3787
Data:  4602 : 3788
Data:  4602 : 3789
Data:  4602 : 3790
Data:  4602 : 3791
Data:  4603 : 462
Data:  4603 : 462
Data:  4603 : 462
Data:  4603 : 3834
Data:  4603 : 3834
Data:  4603 : 3834
Data:  4603 : 3859
Data:  4603 : 3859
Data:  4603 : 3859
Data:  4603 : 3860
Data:  4603 : 3860
Data:  4603 : 3860
Data:  4603 : 3861
Data:  4603 : 3861
Data:  4603 : 3861
Data:  4603 : 3862
Data:  4603 : 3862
Data:  4603 : 3862
Data:  4603 : 3863
Data:  4603 : 3863
Data:  4603 : 3863
Data:  4603 : 3864
Data:  4603 : 3864
Data:  4603 : 3864
Data:  4603 : 3865
Data:  4603 : 3865
Data:  4603 : 3865
Data:  4603 : 3866
Data:  4603 : 3866
Data:  4603 : 3866
Data:  4603 : 3867
Data:  4603 : 3867
Data:  4603 : 3867
Data:  4603 : 3868
Data:  4603 : 3868
Data:  4603 : 3868
Data:  4603 : 3869
Data:  4603 : 3869
Data:  4603 : 3869
Data:  4603 : 3870
Data:  4603 : 3870
Data:  4603 : 3870
Data:  4603 : 3871
Data:  4603 : 3871
Data:  4603 : 3871
Data:  4603 : 3872
Data:  4603 : 3872
Data:  4603 : 3872
Data:  4603 : 3873
Data:  4603 : 3873
Data:  4603 : 3873
Data:  4603 : 3874
Data:  4603 : 3874
Data:  4603 : 3874
Data:  4603 : 3875
Data:  4603 : 3875
Data:  4603 : 3875
Data:  4603 : 3876
Data:  4603 : 3876
Data:  4603 : 3876
Data:  4603 : 3877
Data:  4603 : 3877
Data:  4603 : 3877
Data:  4603 : 3878
Data:  4603 : 3878
Data:  4603 : 3878
Data:  4603 : 3879
Data:  4603 : 3879
Data:  4603 : 3879
Data:  4603 : 3880
Data:  4603 : 3880
Data:  4603 : 3880
Data:  4603 : 3881
Data:  4603 : 3881
Data:  4603 : 3881
Data:  4603 : 3882
Data:  4603 : 3882
Data:  4603 : 3882
Data:  4603 : 3883
Data:  4603 : 3883
Data:  4603 : 3883
Data:  4603 : 3884
Data:  4603 : 3884
Data:  4603 : 3884
Data:  4604 : 461
Data:  4604 : 461
Data:  4604 : 461
Data:  4604 : 3856
Data:  4604 : 3856
Data:  4604 : 3856
Data:  4604 : 3857
Data:  4604 : 3857
Data:  4604 : 3857
Data:  4604 : 3858
Data:  4604 : 3858
Data:  4604 : 3858
Data:  4605 : 647
Data:  4605 : 647
Data:  4605 : 647
Data:  4605 : 3796
Data:  4605 : 3796
Data:  4605 : 3796
Data:  4605 : 3797
Data:  4605 : 3797
Data:  4605 : 3797
Data:  4605 : 3798
Data:  4605 : 3798
Data:  4605 : 3798
Data:  4605 : 3799
Data:  4605 : 3799
Data:  4605 : 3799
Data:  4605 : 3800
Data:  4605 : 3800
Data:  4605 : 3800
Data:  4605 : 3801
Data:  4605 : 3801
Data:  4605 : 3801
Data:  4605 : 3802
Data:  4605 : 3802
Data:  4605 : 3802
Data:  4605 : 3803
Data:  4605 : 3803
Data:  4605 : 3803
Data:  4605 : 3804
Data:  4605 : 3804
Data:  4605 : 3804
Data:  4605 : 3805
Data:  4605 : 3805
Data:  4605 : 3805
Data:  4605 : 3806
Data:  4605 : 3806
Data:  4605 : 3806
Data:  4606 : 315
Data:  4606 : 315
Data:  4606 : 3747
Data:  4606 : 3747
Data:  4606 : 3748
Data:  4606 : 3748
Data:  4606 : 3749
Data:  4606 : 3749
Data:  4606 : 3750
Data:  4606 : 3750
Data:  4606 : 3751
Data:  4606 : 3751
Data:  4606 : 3752
Data:  4606 : 3752
Data:  4606 : 3753
Data:  4606 : 3753
Data:  4606 : 3754
Data:  4606 : 3754
Data:  4606 : 3755
Data:  4606 : 3755
Data:  4606 : 3756
Data:  4606 : 3756
Data:  4606 : 3757
Data:  4606 : 3757
Data:  4606 : 3758
Data:  4606 : 3758
Data:  4606 : 3759
Data:  4606 : 3759
Data:  4606 : 3760
Data:  4606 : 3760
Data:  4606 : 3761
Data:  4606 : 3761
Data:  4606 : 3762
Data:  4606 : 3762
Data:  4606 : 3763
Data:  4606 : 3763
Data:  4606 : 3764
Data:  4606 : 3764
Data:  4606 : 3765
Data:  4606 : 3765
Data:  4606 : 3766
Data:  4606 : 3766
Data:  4606 : 3767
Data:  4606 : 3767
Data:  4606 : 3768
Data:  4606 : 3768
Data:  4606 : 3769
Data:  4606 : 3769
Data:  4606 : 3770
Data:  4606 : 3770
Data:  4606 : 3771
Data:  4606 : 3771
Data:  4606 : 3772
Data:  4606 : 3772
Data:  4606 : 3773
Data:  4606 : 3773
Data:  4606 : 3774
Data:  4606 : 3774
Data:  4606 : 3775
Data:  4606 : 3775
Data:  4606 : 3776
Data:  4606 : 3776
Data:  4606 : 3777
Data:  4606 : 3777
Data:  4606 : 3778
Data:  4606 : 3778
Data:  4606 : 3779
Data:  4606 : 3779
Data:  4606 : 3780
Data:  4606 : 3780
Data:  4606 : 3781
Data:  4606 : 3781
Data:  4606 : 3782
Data:  4606 : 3782
Data:  4606 : 3783
Data:  4606 : 3783
Data:  4606 : 3784
Data:  4606 : 3784
Data:  4606 : 3785
Data:  4606 : 3785
Data:  4607 : 356
Data:  4607 : 356
Data:  4607 : 3807
Data:  4607 : 3807
Data:  4607 : 3808
Data:  4607 : 3808
Data:  4608 : 213
Data:  4608 : 213
Data:  4608 : 3809
Data:  4608 : 3809
Data:  4608 : 3810
Data:  4608 : 3810
Data:  4608 : 3811
Data:  4608 : 3811
Data:  4608 : 3812
Data:  4608 : 3812
Data:  4608 : 3813
Data:  4608 : 3813
Data:  4608 : 3814
Data:  4608 : 3814
Data:  4608 : 3815
Data:  4608 : 3815
Data:  4608 : 3816
Data:  4608 : 3816
Data:  4608 : 3817
Data:  4608 : 3817
Data:  4608 : 3818
Data:  4608 : 3818
Data:  4609 : 224
Data:  4609 : 3844
Data:  4609 : 3845
Data:  4609 : 3846
Data:  4610 : 648
Data:  4610 : 648
Data:  4610 : 3827
Data:  4610 : 3827
Data:  4610 : 3828
Data:  4610 : 3828
Data:  4610 : 3829
Data:  4610 : 3829
Data:  4610 : 3830
Data:  4610 : 3830
Data:  4610 : 3831
Data:  4610 : 3831
Data:  4610 : 3832
Data:  4610 : 3832
Data:  4611 : 225
Data:  4611 : 225
Data:  4611 : 3824
Data:  4611 : 3824
Data:  4611 : 3825
Data:  4611 : 3825
Data:  4611 : 3826
Data:  4611 : 3826
Data:  4612 : 215
Data:  4612 : 215
Data:  4612 : 215
Data:  4612 : 3711
Data:  4612 : 3711
Data:  4612 : 3711
Data:  4612 : 3712
Data:  4612 : 3712
Data:  4612 : 3712
Data:  4612 : 3713
Data:  4612 : 3713
Data:  4612 : 3713
Data:  4612 : 3714
Data:  4612 : 3714
Data:  4612 : 3714
Data:  4612 : 3715
Data:  4612 : 3715
Data:  4612 : 3715
Data:  4612 : 3716
Data:  4612 : 3716
Data:  4612 : 3716
Data:  4612 : 3717
Data:  4612 : 3717
Data:  4612 : 3717
Data:  4612 : 3718
Data:  4612 : 3718
Data:  4612 : 3718
Data:  4613 : 318
Data:  4613 : 318
Data:  4613 : 3732
Data:  4613 : 3732
Data:  4613 : 3733
Data:  4613 : 3733
Data:  4613 : 3734
Data:  4613 : 3734
Data:  4613 : 3735
Data:  4613 : 3735
Data:  4613 : 3736
Data:  4613 : 3736
Data:  4613 : 3737
Data:  4613 : 3737
Data:  4613 : 3738
Data:  4613 : 3738
Data:  4613 : 3739
Data:  4613 : 3739
Data:  4613 : 3740
Data:  4613 : 3740
Data:  4613 : 3741
Data:  4613 : 3741
Data:  4613 : 3742
Data:  4613 : 3742
Data:  4613 : 3743
Data:  4613 : 3743
Data:  4613 : 3744
Data:  4613 : 3744
Data:  4613 : 3745
Data:  4613 : 3745
Data:  4613 : 3746
Data:  4613 : 3746
Data:  4614 : 214
Data:  4614 : 214
Data:  4614 : 214
Data:  4614 : 3723
Data:  4614 : 3723
Data:  4614 : 3723
Data:  4614 : 3724
Data:  4614 : 3724
Data:  4614 : 3724
Data:  4614 : 3725
Data:  4614 : 3725
Data:  4614 : 3725
Data:  4614 : 3726
Data:  4614 : 3726
Data:  4614 : 3726
Data:  4614 : 3727
Data:  4614 : 3727
Data:  4614 : 3727
Data:  4614 : 3728
Data:  4614 : 3728
Data:  4614 : 3728
Data:  4614 : 3729
Data:  4614 : 3729
Data:  4614 : 3729
Data:  4614 : 3730
Data:  4614 : 3730
Data:  4614 : 3730
Data:  4614 : 3731
Data:  4614 : 3731
Data:  4614 : 3731
Data:  4615 : 319
Data:  4615 : 319
Data:  4615 : 3689
Data:  4615 : 3689
Data:  4615 : 3690
Data:  4615 : 3690
Data:  4615 : 3691
Data:  4615 : 3691
Data:  4615 : 3692
Data:  4615 : 3692
Data:  4615 : 3693
Data:  4615 : 3693
Data:  4615 : 3694
Data:  4615 : 3694
Data:  4615 : 3695
Data:  4615 : 3695
Data:  4615 : 3696
Data:  4615 : 3696
Data:  4615 : 3697
Data:  4615 : 3697
Data:  4615 : 3698
Data:  4615 : 3698
Data:  4615 : 3699
Data:  4615 : 3699
Data:  4615 : 3700
Data:  4615 : 3700
Data:  4615 : 3701
Data:  4615 : 3701
Data:  4615 : 3702
Data:  4615 : 3702
Data:  4616 : 219
Data:  4616 : 219
Data:  4616 : 219
Data:  4616 : 3949
Data:  4616 : 3949
Data:  4616 : 3949
Data:  4616 : 3950
Data:  4616 : 3950
Data:  4616 : 3950
Data:  4616 : 3951
Data:  4616 : 3951
Data:  4616 : 3951
Data:  4616 : 3952
Data:  4616 : 3952
Data:  4616 : 3952
Data:  4616 : 3953
Data:  4616 : 3953
Data:  4616 : 3953
Data:  4616 : 3954
Data:  4616 : 3954
Data:  4616 : 3954
Data:  4616 : 3955
Data:  4616 : 3955
Data:  4616 : 3955
Data:  4617 : 223
Data:  4617 : 223
Data:  4617 : 3956
Data:  4617 : 3956
Data:  4617 : 3957
Data:  4617 : 3957
Data:  4617 : 3958
Data:  4617 : 3958
Data:  4618 : 216
Data:  4618 : 3703
Data:  4618 : 3704
Data:  4618 : 3705
Data:  4618 : 3706
Data:  4618 : 3707
Data:  4618 : 3708
Data:  4618 : 3709
Data:  4618 : 3710
Data:  4619 : 325
Data:  4619 : 325
Data:  4619 : 325
Data:  4619 : 3942
Data:  4619 : 3942
Data:  4619 : 3942
Data:  4619 : 3943
Data:  4619 : 3943
Data:  4619 : 3943
Data:  4619 : 3944
Data:  4619 : 3944
Data:  4619 : 3944
Data:  4619 : 3945
Data:  4619 : 3945
Data:  4619 : 3945
Data:  4619 : 3946
Data:  4619 : 3946
Data:  4619 : 3946
Data:  4620 : 72
Data:  4620 : 72
Data:  4620 : 3933
Data:  4620 : 3933
Data:  4620 : 3934
Data:  4620 : 3934
Data:  4620 : 3935
Data:  4620 : 3935
Data:  4620 : 3936
Data:  4620 : 3936
Data:  4620 : 3937
Data:  4620 : 3937
Data:  4620 : 3938
Data:  4620 : 3938
Data:  4620 : 3939
Data:  4620 : 3939
Data:  4620 : 3940
Data:  4620 : 3940
Data:  4620 : 3941
Data:  4620 : 3941
Data:  4621 : 73
Data:  4621 : 73
Data:  4621 : 744
Data:  4621 : 744
Data:  4621 : 745
Data:  4621 : 745
Data:  4621 : 746
Data:  4621 : 746
Data:  4622 : 217
Data:  4622 : 217
Data:  4622 : 3947
Data:  4622 : 3947
Data:  4622 : 3948
Data:  4622 : 3948
Data:  4626 : 646
Data:  4626 : 3792
Data:  4626 : 3793
Data:  4626 : 3794
Data:  4626 : 3795
Data:  4627 : 645
Data:  4627 : 645
Data:  4627 : 3819
Data:  4627 : 3819
Data:  4627 : 3820
Data:  4627 : 3820
Data:  4627 : 3821
Data:  4627 : 3821
Data:  4627 : 3822
Data:  4627 : 3822
Data:  4627 : 3823
Data:  4627 : 3823
Data:  4628 : 644
Data:  4628 : 644
Data:  4628 : 644
Data:  4628 : 3833
Data:  4628 : 3833
Data:  4628 : 3833
Data:  4628 : 3839
Data:  4628 : 3839
Data:  4628 : 3839
Data:  4628 : 3840
Data:  4628 : 3840
Data:  4628 : 3840
Data:  4628 : 3841
Data:  4628 : 3841
Data:  4628 : 3841
Data:  4628 : 3842
Data:  4628 : 3842
Data:  4628 : 3842
Data:  4628 : 3843
Data:  4628 : 3843
Data:  4628 : 3843
Data:  4628 : 3847
Data:  4628 : 3847
Data:  4628 : 3847
Data:  4628 : 3848
Data:  4628 : 3848
Data:  4628 : 3848
Data:  4628 : 3849
Data:  4628 : 3849
Data:  4628 : 3849
Data:  4628 : 3850
Data:  4628 : 3850
Data:  4628 : 3850
Data:  4628 : 3851
Data:  4628 : 3851
Data:  4628 : 3851
Data:  4628 : 3852
Data:  4628 : 3852
Data:  4628 : 3852
Data:  4628 : 3853
Data:  4628 : 3853
Data:  4628 : 3853
Data:  4628 : 3854
Data:  4628 : 3854
Data:  4628 : 3854
Data:  4628 : 3855
Data:  4628 : 3855
Data:  4628 : 3855
Data:  4701 : 357
Data:  4701 : 357
Data:  4701 : 357
Data:  4701 : 3885
Data:  4701 : 3885
Data:  4701 : 3885
Data:  4701 : 3886
Data:  4701 : 3886
Data:  4701 : 3886
Data:  4701 : 3887
Data:  4701 : 3887
Data:  4701 : 3887
Data:  4701 : 3888
Data:  4701 : 3888
Data:  4701 : 3888
Data:  4701 : 3889
Data:  4701 : 3889
Data:  4701 : 3889
Data:  4701 : 3890
Data:  4701 : 3890
Data:  4701 : 3890
Data:  4701 : 3891
Data:  4701 : 3891
Data:  4701 : 3891
Data:  4701 : 3892
Data:  4701 : 3892
Data:  4701 : 3892
Data:  5002 : 391
Data:  5002 : 391
Data:  5002 : 391
Data:  5002 : 391
Data:  5002 : 1931
Data:  5002 : 1931
Data:  5002 : 1931
Data:  5002 : 1931
Data:  5002 : 1932
Data:  5002 : 1932
Data:  5002 : 1932
Data:  5002 : 1932
Data:  5002 : 1933
Data:  5002 : 1933
Data:  5002 : 1933
Data:  5002 : 1933
Data:  5002 : 1934
Data:  5002 : 1934
Data:  5002 : 1934
Data:  5002 : 1934
Data:  5002 : 1935
Data:  5002 : 1935
Data:  5002 : 1935
Data:  5002 : 1935
Data:  5002 : 1936
Data:  5002 : 1936
Data:  5002 : 1936
Data:  5002 : 1936
Data:  5002 : 1937
Data:  5002 : 1937
Data:  5002 : 1937
Data:  5002 : 1937
Data:  5002 : 1938
Data:  5002 : 1938
Data:  5002 : 1938
Data:  5002 : 1938
Data:  5002 : 1939
Data:  5002 : 1939
Data:  5002 : 1939
Data:  5002 : 1939
Data:  5002 : 1940
Data:  5002 : 1940
Data:  5002 : 1940
Data:  5002 : 1940
Data:  5002 : 1941
Data:  5002 : 1941
Data:  5002 : 1941
Data:  5002 : 1941
Data:  5002 : 1942
Data:  5002 : 1942
Data:  5002 : 1942
Data:  5002 : 1942
Data:  5101 : 392
Data:  5101 : 392
Data:  5101 : 392
Data:  5101 : 1898
Data:  5101 : 1898
Data:  5101 : 1898
Data:  5101 : 1899
Data:  5101 : 1899
Data:  5101 : 1899
Data:  5101 : 1900
Data:  5101 : 1900
Data:  5101 : 1900
Data:  5101 : 1901
Data:  5101 : 1901
Data:  5101 : 1901
Data:  5101 : 1902
Data:  5101 : 1902
Data:  5101 : 1902
Data:  5101 : 1903
Data:  5101 : 1903
Data:  5101 : 1903
Data:  5101 : 1904
Data:  5101 : 1904
Data:  5101 : 1904
Data:  5101 : 1905
Data:  5101 : 1905
Data:  5101 : 1905
Data:  5101 : 1906
Data:  5101 : 1906
Data:  5101 : 1906
Data:  5101 : 1907
Data:  5101 : 1907
Data:  5101 : 1907
Data:  5101 : 1908
Data:  5101 : 1908
Data:  5101 : 1908
Data:  5101 : 1909
Data:  5101 : 1909
Data:  5101 : 1909
Data:  5101 : 1910
Data:  5101 : 1910
Data:  5101 : 1910
Data:  5101 : 1911
Data:  5101 : 1911
Data:  5101 : 1911
Data:  5101 : 1912
Data:  5101 : 1912
Data:  5101 : 1912
Data:  5101 : 1913
Data:  5101 : 1913
Data:  5101 : 1913
Data:  5101 : 1914
Data:  5101 : 1914
Data:  5101 : 1914
Data:  5101 : 1915
Data:  5101 : 1915
Data:  5101 : 1915
Data:  5101 : 1916
Data:  5101 : 1916
Data:  5101 : 1916
Data:  5101 : 1917
Data:  5101 : 1917
Data:  5101 : 1917
Data:  5101 : 1918
Data:  5101 : 1918
Data:  5101 : 1918
Data:  5101 : 1919
Data:  5101 : 1919
Data:  5101 : 1919
Data:  5202 : 345
Data:  5202 : 345
Data:  5202 : 345
Data:  5202 : 345
Data:  5202 : 1065
Data:  5202 : 1065
Data:  5202 : 1065
Data:  5202 : 1065
Data:  5202 : 1066
Data:  5202 : 1066
Data:  5202 : 1066
Data:  5202 : 1066
Data:  5202 : 1067
Data:  5202 : 1067
Data:  5202 : 1067
Data:  5202 : 1067
Data:  5202 : 1068
Data:  5202 : 1068
Data:  5202 : 1068
Data:  5202 : 1068
Data:  5202 : 1069
Data:  5202 : 1069
Data:  5202 : 1069
Data:  5202 : 1069
Data:  5202 : 1070
Data:  5202 : 1070
Data:  5202 : 1070
Data:  5202 : 1070
Data:  5202 : 1071
Data:  5202 : 1071
Data:  5202 : 1071
Data:  5202 : 1071
Data:  5202 : 1072
Data:  5202 : 1072
Data:  5202 : 1072
Data:  5202 : 1072
Data:  5202 : 1073
Data:  5202 : 1073
Data:  5202 : 1073
Data:  5202 : 1073
Data:  5202 : 1074
Data:  5202 : 1074
Data:  5202 : 1074
Data:  5202 : 1074
Data:  5202 : 1075
Data:  5202 : 1075
Data:  5202 : 1075
Data:  5202 : 1075
Data:  5202 : 1076
Data:  5202 : 1076
Data:  5202 : 1076
Data:  5202 : 1076
Data:  5202 : 1077
Data:  5202 : 1077
Data:  5202 : 1077
Data:  5202 : 1077
Data:  5202 : 1078
Data:  5202 : 1078
Data:  5202 : 1078
Data:  5202 : 1078
Data:  5202 : 1079
Data:  5202 : 1079
Data:  5202 : 1079
Data:  5202 : 1079
Data:  5202 : 1080
Data:  5202 : 1080
Data:  5202 : 1080
Data:  5202 : 1080
Data:  5202 : 1081
Data:  5202 : 1081
Data:  5202 : 1081
Data:  5202 : 1081
Data:  5202 : 1082
Data:  5202 : 1082
Data:  5202 : 1082
Data:  5202 : 1082
Data:  5202 : 1083
Data:  5202 : 1083
Data:  5202 : 1083
Data:  5202 : 1083
Data:  5202 : 1084
Data:  5202 : 1084
Data:  5202 : 1084
Data:  5202 : 1084
Data:  5202 : 1085
Data:  5202 : 1085
Data:  5202 : 1085
Data:  5202 : 1085
Data:  5204 : 340
Data:  5204 : 340
Data:  5204 : 340
Data:  5204 : 1471
Data:  5204 : 1471
Data:  5204 : 1471
Data:  5204 : 1472
Data:  5204 : 1472
Data:  5204 : 1472
Data:  5204 : 1473
Data:  5204 : 1473
Data:  5204 : 1473
Data:  5204 : 1474
Data:  5204 : 1474
Data:  5204 : 1474
Data:  5204 : 1475
Data:  5204 : 1475
Data:  5204 : 1475
Data:  5204 : 1476
Data:  5204 : 1476
Data:  5204 : 1476
Data:  5204 : 1477
Data:  5204 : 1477
Data:  5204 : 1477
Data:  5204 : 1478
Data:  5204 : 1478
Data:  5204 : 1478
Data:  5204 : 1479
Data:  5204 : 1479
Data:  5204 : 1479
Data:  5204 : 1480
Data:  5204 : 1480
Data:  5204 : 1480
Data:  5204 : 1481
Data:  5204 : 1481
Data:  5204 : 1481
Data:  5205 : 69
Data:  5205 : 69
Data:  5205 : 69
Data:  5205 : 1468
Data:  5205 : 1468
Data:  5205 : 1468
Data:  5205 : 1469
Data:  5205 : 1469
Data:  5205 : 1469
Data:  5205 : 1470
Data:  5205 : 1470
Data:  5205 : 1470
Data:  5206 : 397
Data:  5206 : 397
Data:  5206 : 1450
Data:  5206 : 1450
Data:  5206 : 1451
Data:  5206 : 1451
Data:  5206 : 1452
Data:  5206 : 1452
Data:  5206 : 1453
Data:  5206 : 1453
Data:  5206 : 1454
Data:  5206 : 1454
Data:  5206 : 1455
Data:  5206 : 1455
Data:  5206 : 1456
Data:  5206 : 1456
Data:  5206 : 1457
Data:  5206 : 1457
Data:  5206 : 1458
Data:  5206 : 1458
Data:  5206 : 1459
Data:  5206 : 1459
Data:  5206 : 1460
Data:  5206 : 1460
Data:  5206 : 1461
Data:  5206 : 1461
Data:  5206 : 1462
Data:  5206 : 1462
Data:  5206 : 1463
Data:  5206 : 1463
Data:  5206 : 1464
Data:  5206 : 1464
Data:  5206 : 1465
Data:  5206 : 1465
Data:  5206 : 1466
Data:  5206 : 1466
Data:  5206 : 1467
Data:  5206 : 1467
Data:  5301 : 177
Data:  5301 : 177
Data:  5301 : 177
Data:  5301 : 934
Data:  5301 : 934
Data:  5301 : 934
Data:  5301 : 935
Data:  5301 : 935
Data:  5301 : 935
Data:  5301 : 936
Data:  5301 : 936
Data:  5301 : 936
Data:  5301 : 937
Data:  5301 : 937
Data:  5301 : 937
Data:  5301 : 938
Data:  5301 : 938
Data:  5301 : 938
Data:  5301 : 939
Data:  5301 : 939
Data:  5301 : 939
Data:  5301 : 940
Data:  5301 : 940
Data:  5301 : 940
Data:  5301 : 941
Data:  5301 : 941
Data:  5301 : 941
Data:  5301 : 942
Data:  5301 : 942
Data:  5301 : 942
Data:  5301 : 943
Data:  5301 : 943
Data:  5301 : 943
Data:  5301 : 944
Data:  5301 : 944
Data:  5301 : 944
Data:  5301 : 945
Data:  5301 : 945
Data:  5301 : 945
Data:  5301 : 946
Data:  5301 : 946
Data:  5301 : 946
Data:  5301 : 947
Data:  5301 : 947
Data:  5301 : 947
Data:  5301 : 948
Data:  5301 : 948
Data:  5301 : 948
Data:  5301 : 949
Data:  5301 : 949
Data:  5301 : 949
Data:  5301 : 950
Data:  5301 : 950
Data:  5301 : 950
Data:  5301 : 951
Data:  5301 : 951
Data:  5301 : 951
Data:  5301 : 952
Data:  5301 : 952
Data:  5301 : 952
Data:  5301 : 953
Data:  5301 : 953
Data:  5301 : 953
Data:  5301 : 954
Data:  5301 : 954
Data:  5301 : 954
Data:  5301 : 955
Data:  5301 : 955
Data:  5301 : 955
Data:  5301 : 956
Data:  5301 : 956
Data:  5301 : 956
Data:  5301 : 957
Data:  5301 : 957
Data:  5301 : 957
Data:  5301 : 958
Data:  5301 : 958
Data:  5301 : 958
Data:  5301 : 959
Data:  5301 : 959
Data:  5301 : 959
Data:  5301 : 960
Data:  5301 : 960
Data:  5301 : 960
Data:  5301 : 961
Data:  5301 : 961
Data:  5301 : 961
Data:  5301 : 962
Data:  5301 : 962
Data:  5301 : 962
Data:  5301 : 963
Data:  5301 : 963
Data:  5301 : 963
Data:  5301 : 964
Data:  5301 : 964
Data:  5301 : 964
Data:  5301 : 965
Data:  5301 : 965
Data:  5301 : 965
Data:  5301 : 966
Data:  5301 : 966
Data:  5301 : 966
Data:  5301 : 967
Data:  5301 : 967
Data:  5301 : 967
Data:  5301 : 968
Data:  5301 : 968
Data:  5301 : 968
Data:  5301 : 969
Data:  5301 : 969
Data:  5301 : 969
Data:  5301 : 970
Data:  5301 : 970
Data:  5301 : 970
Data:  5301 : 971
Data:  5301 : 971
Data:  5301 : 971
Data:  5301 : 972
Data:  5301 : 972
Data:  5301 : 972
Data:  5302 : 176
Data:  5302 : 176
Data:  5302 : 1024
Data:  5302 : 1024
Data:  5302 : 1025
Data:  5302 : 1025
Data:  5302 : 1026
Data:  5302 : 1026
Data:  5302 : 1027
Data:  5302 : 1027
Data:  5302 : 1028
Data:  5302 : 1028
Data:  5302 : 1029
Data:  5302 : 1029
Data:  5302 : 1030
Data:  5302 : 1030
Data:  5302 : 1031
Data:  5302 : 1031
Data:  5302 : 1032
Data:  5302 : 1032
Data:  5302 : 1033
Data:  5302 : 1033
Data:  5302 : 1034
Data:  5302 : 1034
Data:  5302 : 1035
Data:  5302 : 1035
Data:  5302 : 1036
Data:  5302 : 1036
Data:  5302 : 1037
Data:  5302 : 1037
Data:  5302 : 1038
Data:  5302 : 1038
Data:  5303 : 178
Data:  5303 : 178
Data:  5303 : 973
Data:  5303 : 973
Data:  5303 : 974
Data:  5303 : 974
Data:  5303 : 975
Data:  5303 : 975
Data:  5303 : 976
Data:  5303 : 976
Data:  5303 : 977
Data:  5303 : 977
Data:  5303 : 978
Data:  5303 : 978
Data:  5303 : 979
Data:  5303 : 979
Data:  5303 : 980
Data:  5303 : 980
Data:  5303 : 981
Data:  5303 : 981
Data:  5303 : 982
Data:  5303 : 982
Data:  5303 : 983
Data:  5303 : 983
Data:  5303 : 984
Data:  5303 : 984
Data:  5303 : 985
Data:  5303 : 985
Data:  5303 : 986
Data:  5303 : 986
Data:  5701 : 399
Data:  5701 : 399
Data:  5701 : 1420
Data:  5701 : 1420
Data:  5701 : 1421
Data:  5701 : 1421
Data:  5701 : 1422
Data:  5701 : 1422
Data:  5701 : 1423
Data:  5701 : 1423
Data:  5701 : 1424
Data:  5701 : 1424
Data:  5701 : 1425
Data:  5701 : 1425
Data:  5701 : 1426
Data:  5701 : 1426
Data:  5701 : 1427
Data:  5701 : 1427
Data:  5701 : 1428
Data:  5701 : 1428
Data:  5701 : 1429
Data:  5701 : 1429
Data:  5701 : 1430
Data:  5701 : 1430
Data:  5701 : 1431
Data:  5701 : 1431
Data:  5701 : 1432
Data:  5701 : 1432
Data:  5701 : 1433
Data:  5701 : 1433
Data:  5701 : 1434
Data:  5701 : 1434
Data:  5701 : 1435
Data:  5701 : 1435
Data:  5701 : 1436
Data:  5701 : 1436
Data:  5701 : 1437
Data:  5701 : 1437
Data:  5701 : 1438
Data:  5701 : 1438
Data:  5701 : 1439
Data:  5701 : 1439
Data:  5701 : 1440
Data:  5701 : 1440
Data:  5701 : 1441
Data:  5701 : 1441
Data:  5701 : 1442
Data:  5701 : 1442
Data:  5701 : 1443
Data:  5701 : 1443
Data:  5701 : 1444
Data:  5701 : 1444
Data:  5701 : 1445
Data:  5701 : 1445
Data:  5701 : 1446
Data:  5701 : 1446
Data:  5701 : 1447
Data:  5701 : 1447
Data:  5701 : 1448
Data:  5701 : 1448
Data:  5701 : 1449
Data:  5701 : 1449
Data:  5702 : 346
Data:  5702 : 346
Data:  5702 : 1312
Data:  5702 : 1312
Data:  5703 : 65
Data:  5703 : 65
Data:  5703 : 65
Data:  5703 : 1354
Data:  5703 : 1354
Data:  5703 : 1354
Data:  5703 : 1355
Data:  5703 : 1355
Data:  5703 : 1355
Data:  5703 : 1356
Data:  5703 : 1356
Data:  5703 : 1356
Data:  5703 : 1357
Data:  5703 : 1357
Data:  5703 : 1357
Data:  5703 : 1358
Data:  5703 : 1358
Data:  5703 : 1358
Data:  5703 : 1359
Data:  5703 : 1359
Data:  5703 : 1359
Data:  5703 : 1360
Data:  5703 : 1360
Data:  5703 : 1360
Data:  5703 : 1361
Data:  5703 : 1361
Data:  5703 : 1361
Data:  5703 : 1362
Data:  5703 : 1362
Data:  5703 : 1362
Data:  5703 : 1363
Data:  5703 : 1363
Data:  5703 : 1363
Data:  5703 : 1364
Data:  5703 : 1364
Data:  5703 : 1364
Data:  5703 : 1365
Data:  5703 : 1365
Data:  5703 : 1365
Data:  5703 : 1366
Data:  5703 : 1366
Data:  5703 : 1366
Data:  5704 : 66
Data:  5704 : 66
Data:  5704 : 1367
Data:  5704 : 1367
Data:  5704 : 1368
Data:  5704 : 1368
Data:  5704 : 1369
Data:  5704 : 1369
Data:  5705 : 68
Data:  5705 : 68
Data:  5705 : 1370
Data:  5705 : 1370
Data:  5705 : 1371
Data:  5705 : 1371
Data:  5705 : 1372
Data:  5705 : 1372
Data:  5705 : 1373
Data:  5705 : 1373
Data:  5705 : 1374
Data:  5705 : 1374
Data:  5705 : 1375
Data:  5705 : 1375
Data:  5705 : 1376
Data:  5705 : 1376
Data:  5706 : 67
Data:  5706 : 67
Data:  5706 : 1377
Data:  5706 : 1377
Data:  5706 : 1378
Data:  5706 : 1378
Data:  5706 : 1379
Data:  5706 : 1379
Data:  5706 : 1380
Data:  5706 : 1380
Data:  5706 : 1381
Data:  5706 : 1381
Data:  5706 : 1382
Data:  5706 : 1382
Data:  5706 : 1383
Data:  5706 : 1383
Data:  5707 : 454
Data:  5707 : 454
Data:  5707 : 454
Data:  5707 : 1399
Data:  5707 : 1399
Data:  5707 : 1399
Data:  5707 : 1400
Data:  5707 : 1400
Data:  5707 : 1400
Data:  5707 : 1401
Data:  5707 : 1401
Data:  5707 : 1401
Data:  5707 : 1402
Data:  5707 : 1402
Data:  5707 : 1402
Data:  5707 : 1403
Data:  5707 : 1403
Data:  5707 : 1403
Data:  5707 : 1404
Data:  5707 : 1404
Data:  5707 : 1404
Data:  5707 : 1405
Data:  5707 : 1405
Data:  5707 : 1405
Data:  5707 : 1406
Data:  5707 : 1406
Data:  5707 : 1406
Data:  5707 : 1407
Data:  5707 : 1407
Data:  5707 : 1407
Data:  5707 : 1408
Data:  5707 : 1408
Data:  5707 : 1408
Data:  5707 : 1409
Data:  5707 : 1409
Data:  5707 : 1409
Data:  5708 : 453
Data:  5708 : 453
Data:  5708 : 453
Data:  5708 : 1410
Data:  5708 : 1410
Data:  5708 : 1410
Data:  5708 : 1411
Data:  5708 : 1411
Data:  5708 : 1411
Data:  5708 : 1412
Data:  5708 : 1412
Data:  5708 : 1412
Data:  5708 : 1413
Data:  5708 : 1413
Data:  5708 : 1413
Data:  5708 : 1414
Data:  5708 : 1414
Data:  5708 : 1414
Data:  5709 : 451
Data:  5709 : 451
Data:  5709 : 451
Data:  5709 : 1388
Data:  5709 : 1388
Data:  5709 : 1388
Data:  5709 : 1389
Data:  5709 : 1389
Data:  5709 : 1389
Data:  5709 : 1390
Data:  5709 : 1390
Data:  5709 : 1390
Data:  5709 : 1391
Data:  5709 : 1391
Data:  5709 : 1391
Data:  5709 : 1392
Data:  5709 : 1392
Data:  5709 : 1392
Data:  5709 : 1393
Data:  5709 : 1393
Data:  5709 : 1393
Data:  5709 : 1394
Data:  5709 : 1394
Data:  5709 : 1394
Data:  5709 : 1395
Data:  5709 : 1395
Data:  5709 : 1395
Data:  5709 : 1396
Data:  5709 : 1396
Data:  5709 : 1396
Data:  5709 : 1397
Data:  5709 : 1397
Data:  5709 : 1397
Data:  5709 : 1398
Data:  5709 : 1398
Data:  5709 : 1398
Data:  5710 : 452
Data:  5710 : 452
Data:  5710 : 452
Data:  5710 : 1415
Data:  5710 : 1415
Data:  5710 : 1415
Data:  5710 : 1416
Data:  5710 : 1416
Data:  5710 : 1416
Data:  5710 : 1417
Data:  5710 : 1417
Data:  5710 : 1417
Data:  5710 : 1418
Data:  5710 : 1418
Data:  5710 : 1418
Data:  5710 : 1419
Data:  5710 : 1419
Data:  5710 : 1419
Data:  5711 : 505
Data:  5711 : 505
Data:  5711 : 1384
Data:  5711 : 1384
Data:  5712 : 629
Data:  5712 : 629
Data:  5712 : 629
Data:  5712 : 1385
Data:  5712 : 1385
Data:  5712 : 1385
Data:  5712 : 1386
Data:  5712 : 1386
Data:  5712 : 1386
Data:  5712 : 1387
Data:  5712 : 1387
Data:  5712 : 1387
Data:  5801 : 459
Data:  5801 : 459
Data:  5801 : 459
Data:  5801 : 1089
Data:  5801 : 1089
Data:  5801 : 1089
Data:  5801 : 1090
Data:  5801 : 1090
Data:  5801 : 1090
Data:  5801 : 1091
Data:  5801 : 1091
Data:  5801 : 1091
Data:  5801 : 1092
Data:  5801 : 1092
Data:  5801 : 1092
Data:  5801 : 1093
Data:  5801 : 1093
Data:  5801 : 1093
Data:  5801 : 1094
Data:  5801 : 1094
Data:  5801 : 1094
Data:  5801 : 1095
Data:  5801 : 1095
Data:  5801 : 1095
Data:  5801 : 1096
Data:  5801 : 1096
Data:  5801 : 1096
Data:  5801 : 1097
Data:  5801 : 1097
Data:  5801 : 1097
Data:  5801 : 1098
Data:  5801 : 1098
Data:  5801 : 1098
Data:  5801 : 1099
Data:  5801 : 1099
Data:  5801 : 1099
Data:  5801 : 1100
Data:  5801 : 1100
Data:  5801 : 1100
Data:  5801 : 1101
Data:  5801 : 1101
Data:  5801 : 1101
Data:  5801 : 1102
Data:  5801 : 1102
Data:  5801 : 1102
Data:  5801 : 1103
Data:  5801 : 1103
Data:  5801 : 1103
Data:  5801 : 1104
Data:  5801 : 1104
Data:  5801 : 1104
Data:  5801 : 1105
Data:  5801 : 1105
Data:  5801 : 1105
Data:  5801 : 1106
Data:  5801 : 1106
Data:  5801 : 1106
Data:  5801 : 1107
Data:  5801 : 1107
Data:  5801 : 1107
Data:  5801 : 1108
Data:  5801 : 1108
Data:  5801 : 1108
Data:  5801 : 1109
Data:  5801 : 1109
Data:  5801 : 1109
Data:  5801 : 1110
Data:  5801 : 1110
Data:  5801 : 1110
Data:  5801 : 1111
Data:  5801 : 1111
Data:  5801 : 1111
Data:  5801 : 1112
Data:  5801 : 1112
Data:  5801 : 1112
Data:  5801 : 1113
Data:  5801 : 1113
Data:  5801 : 1113
Data:  5801 : 1114
Data:  5801 : 1114
Data:  5801 : 1114
Data:  5801 : 1115
Data:  5801 : 1115
Data:  5801 : 1115
Data:  5801 : 1116
Data:  5801 : 1116
Data:  5801 : 1116
Data:  5801 : 1117
Data:  5801 : 1117
Data:  5801 : 1117
Data:  5801 : 1118
Data:  5801 : 1118
Data:  5801 : 1118
Data:  5801 : 1119
Data:  5801 : 1119
Data:  5801 : 1119
Data:  5801 : 1120
Data:  5801 : 1120
Data:  5801 : 1120
Data:  5801 : 1121
Data:  5801 : 1121
Data:  5801 : 1121
Data:  5801 : 1122
Data:  5801 : 1122
Data:  5801 : 1122
Data:  5801 : 1123
Data:  5801 : 1123
Data:  5801 : 1123
Data:  5801 : 1124
Data:  5801 : 